******************************************************************************
        TMS320C2000 COFF Linker PC v5.0.2                      
******************************************************************************
>> Linked Tue Mar 17 18:15:10 2015

OUTPUT FILE NAME:   <./Debug/SD.out>
ENTRY POINT SYMBOL: "_c_int00"  address: 00008000


MEMORY CONFIGURATION

         name            origin    length      used     unused   attr    fill
----------------------  --------  ---------  --------  --------  ----  --------
PAGE 0:
  BEGIN                 00000000   00000002  00000002  00000000  RWIX
  BOOT_RSVD             00000002   0000004e  00000000  0000004e  RWIX
  RAMM0                 00000050   000003b0  00000000  000003b0  RWIX
  RAML                  00008000   00004000  00002170  00001e90  RWIX
  ZONE7A                00200000   0000fc00  00000000  0000fc00  RWIX
  CSM_RSVD              0033ff80   00000076  00000000  00000076  RWIX
  CSM_PWL               0033fff8   00000008  00000000  00000008  RWIX
  ADC_CAL               00380080   00000009  00000000  00000009  RWIX
  IQTABLES              003fe000   00000b50  00000000  00000b50  RWIX
  IQTABLES2             003feb50   0000008c  00000000  0000008c  RWIX
  FPUTABLES             003febdc   000006a0  00000000  000006a0  RWIX
  BOOTROM               003ff27c   00000d44  00000000  00000d44  RWIX
  RESET                 003fffc0   00000002  00000000  00000002  RWIX

PAGE 1:
  RAMM                  00000400   00000400  000003e8  00000018  RWIX
  DEV_EMU               00000880   00000180  000000d0  000000b0  RWIX
  FLASH_REGS            00000a80   00000060  00000008  00000058  RWIX
  CSM                   00000ae0   00000010  00000010  00000000  RWIX
  ADC_MIRROR            00000b00   00000010  00000010  00000000  RWIX
  XINTF                 00000b20   00000020  0000001e  00000002  RWIX
  CPU_TIMER0            00000c00   00000008  00000008  00000000  RWIX
  CPU_TIMER1            00000c08   00000008  00000008  00000000  RWIX
  CPU_TIMER2            00000c10   00000008  00000008  00000000  RWIX
  PIE_CTRL              00000ce0   00000020  0000001a  00000006  RWIX
  PIE_VECT              00000d00   00000100  00000100  00000000  RWIX
  DMA                   00001000   00000200  000000e0  00000120  RWIX
  MCBSPA                00005000   00000040  00000025  0000001b  RWIX
  MCBSPB                00005040   00000040  00000025  0000001b  RWIX
  ECANA                 00006000   00000040  00000034  0000000c  RWIX
  ECANA_LAM             00006040   00000040  00000040  00000000  RWIX
  ECANA_MOTS            00006080   00000040  00000040  00000000  RWIX
  ECANA_MOTO            000060c0   00000040  00000040  00000000  RWIX
  ECANA_MBOX            00006100   00000100  00000100  00000000  RWIX
  ECANB                 00006200   00000040  00000034  0000000c  RWIX
  ECANB_LAM             00006240   00000040  00000040  00000000  RWIX
  ECANB_MOTS            00006280   00000040  00000040  00000000  RWIX
  ECANB_MOTO            000062c0   00000040  00000040  00000000  RWIX
  ECANB_MBOX            00006300   00000100  00000100  00000000  RWIX
  EPWM1                 00006800   00000022  00000022  00000000  RWIX
  EPWM2                 00006840   00000022  00000022  00000000  RWIX
  EPWM3                 00006880   00000022  00000022  00000000  RWIX
  EPWM4                 000068c0   00000022  00000022  00000000  RWIX
  EPWM5                 00006900   00000022  00000022  00000000  RWIX
  EPWM6                 00006940   00000022  00000022  00000000  RWIX
  ECAP1                 00006a00   00000020  00000020  00000000  RWIX
  ECAP2                 00006a20   00000020  00000020  00000000  RWIX
  ECAP3                 00006a40   00000020  00000020  00000000  RWIX
  ECAP4                 00006a60   00000020  00000020  00000000  RWIX
  ECAP5                 00006a80   00000020  00000020  00000000  RWIX
  ECAP6                 00006aa0   00000020  00000020  00000000  RWIX
  EQEP1                 00006b00   00000040  00000040  00000000  RWIX
  EQEP2                 00006b40   00000040  00000040  00000000  RWIX
  GPIOCTRL              00006f80   00000040  0000002e  00000012  RWIX
  GPIODAT               00006fc0   00000020  00000020  00000000  RWIX
  GPIOINT               00006fe0   00000020  0000000a  00000016  RWIX
  SYSTEM                00007010   00000020  00000020  00000000  RWIX
  SPIA                  00007040   00000010  00000010  00000000  RWIX
  SCIA                  00007050   00000010  00000010  00000000  RWIX
  XINTRUPT              00007070   00000010  00000010  00000000  RWIX
  ADC                   00007100   00000020  0000001e  00000002  RWIX
  SCIB                  00007750   00000010  00000010  00000000  RWIX
  SCIC                  00007770   00000010  00000010  00000000  RWIX
  I2CA                  00007900   00000040  00000022  0000001e  RWIX
  RAMH                  0000c000   00004000  00000647  000039b9  RWIX
  ZONE7B                0020fc00   00000400  00000000  00000400  RWIX
  CSM_PWL               0033fff8   00000008  00000008  00000000  RWIX


SECTION ALLOCATION MAP

 output                                  attributes/
section   page    origin      length       input sections
--------  ----  ----------  ----------   ----------------
.data      0    00000000    00000000     UNINITIALIZED

codestart 
*          0    00000000    00000002     
                  00000000    00000002     DSP2833x_CodeStartBranch.obj (codestart)

.pinit     0    00008000    00000000     UNINITIALIZED

.switch    0    00008000    00000000     UNINITIALIZED

IQmath     0    00008000    00000000     UNINITIALIZED

.text      0    00008000    00002102     
                  00008000    00000046     rts2800_fpu32.lib : boot.obj (.text)
                  00008046    00000018                       : exit.obj (.text)
                  0000805e    00000009                       : _lock.obj (.text)
                  00008067    00000015                       : args_main.obj (.text)
                  0000807c    00000074     disk_sd.obj (.text)
                  000080f0    00000089     diskio.obj (.text)
                  00008179    00000008     DSP2833x_CodeStartBranch.obj (.text)
                  00008181    0000007a     DSP2833x_CpuTimers.obj (.text)
                  000081fb    00000323     DSP2833x_DefaultIsr.obj (.text)
                  0000851e    00000028     DSP2833x_PieCtrl.obj (.text)
                  00008546    00000020     DSP2833x_PieVect.obj (.text)
                  00008566    0000002c     DSP2833x_Spi.obj (.text)
                  00008592    000000f0     DSP2833x_SysCtrl.obj (.text)
                  00008682    000000f6     DSP2833x_Xintf.obj (.text)
                  00008778    00001456     ff.obj (.text)
                  00009bce    00000048     main.obj (.text)
                  00009c16    00000065     SD_SPI_Erase.obj (.text)
                  00009c7b    00000157     SD_SPI_Initialization.obj (.text)
                  00009dd2    000000cd     SD_SPI_Read.obj (.text)
                  00009e9f    000000b3     SD_SPI_Registers.obj (.text)
                  00009f52    000000a7     SD_SPI_Transmission.obj (.text)
                  00009ff9    000000e8     SD_SPI_Write.obj (.text)
                  0000a0e1    00000021     rts2800_fpu32.lib : memcpy_ff.obj (.text)

.cinit     0    0000a102    0000004f     
                  0000a102    0000000a     rts2800_fpu32.lib : exit.obj (.cinit)
                  0000a10c    0000000a                       : _lock.obj (.cinit)
                  0000a116    00000004     diskio.obj (.cinit)
                  0000a11a    0000002a     main.obj (.cinit)
                  0000a144    0000000c     SD_SPI_Initialization.obj (.cinit)
                  0000a150    00000001     --HOLE-- [fill = 0]

ramfuncs   0    0000a151    0000001f     
                  0000a151    0000001b     DSP2833x_SysCtrl.obj (ramfuncs)
                  0000a16c    00000004     DSP2833x_usDelay.obj (ramfuncs)

csm_rsvd   0    0033ff80    00000000     DSECT

csmpasswds 
*          0    0033fff8    00000000     DSECT

.adc_cal   0    00380080    00000000     NOLOAD SECTION

IQmathTables 
*          0    003fe000    00000000     NOLOAD SECTION

IQmathTables2 
*          0    003feb50    00000000     NOLOAD SECTION

FPUmathTables 
*          0    003febdc    00000000     NOLOAD SECTION

.reset     0    003fffc0    00000002     DSECT
                  003fffc0    00000002     rts2800_fpu32.lib : boot.obj (.reset)

.bss       1    00000000    00000000     UNINITIALIZED

.esysmem   1    00000400    00000000     UNINITIALIZED

.stack     1    00000400    000003e8     UNINITIALIZED

DevEmuRegsFile 
*          1    00000880    000000d0     UNINITIALIZED
                  00000880    000000d0     DSP2833x_GlobalVariableDefs.obj (DevEmuRegsFile)

FlashRegsFile 
*          1    00000a80    00000008     UNINITIALIZED
                  00000a80    00000008     DSP2833x_GlobalVariableDefs.obj (FlashRegsFile)

CsmRegsFile 
*          1    00000ae0    00000010     UNINITIALIZED
                  00000ae0    00000010     DSP2833x_GlobalVariableDefs.obj (CsmRegsFile)

AdcMirrorFile 
*          1    00000b00    00000010     UNINITIALIZED
                  00000b00    00000010     DSP2833x_GlobalVariableDefs.obj (AdcMirrorFile)

XintfRegsFile 
*          1    00000b20    0000001e     UNINITIALIZED
                  00000b20    0000001e     DSP2833x_GlobalVariableDefs.obj (XintfRegsFile)

CpuTimer0RegsFile 
*          1    00000c00    00000008     UNINITIALIZED
                  00000c00    00000008     DSP2833x_GlobalVariableDefs.obj (CpuTimer0RegsFile)

CpuTimer1RegsFile 
*          1    00000c08    00000008     UNINITIALIZED
                  00000c08    00000008     DSP2833x_GlobalVariableDefs.obj (CpuTimer1RegsFile)

CpuTimer2RegsFile 
*          1    00000c10    00000008     UNINITIALIZED
                  00000c10    00000008     DSP2833x_GlobalVariableDefs.obj (CpuTimer2RegsFile)

PieCtrlRegsFile 
*          1    00000ce0    0000001a     UNINITIALIZED
                  00000ce0    0000001a     DSP2833x_GlobalVariableDefs.obj (PieCtrlRegsFile)

PieVectTableFile 
*          1    00000d00    00000100     UNINITIALIZED
                  00000d00    00000100     DSP2833x_GlobalVariableDefs.obj (PieVectTableFile)

DmaRegsFile 
*          1    00001000    000000e0     UNINITIALIZED
                  00001000    000000e0     DSP2833x_GlobalVariableDefs.obj (DmaRegsFile)

McbspaRegsFile 
*          1    00005000    00000025     UNINITIALIZED
                  00005000    00000025     DSP2833x_GlobalVariableDefs.obj (McbspaRegsFile)

McbspbRegsFile 
*          1    00005040    00000025     UNINITIALIZED
                  00005040    00000025     DSP2833x_GlobalVariableDefs.obj (McbspbRegsFile)

ECanaRegsFile 
*          1    00006000    00000034     UNINITIALIZED
                  00006000    00000034     DSP2833x_GlobalVariableDefs.obj (ECanaRegsFile)

ECanaLAMRegsFile 
*          1    00006040    00000040     UNINITIALIZED
                  00006040    00000040     DSP2833x_GlobalVariableDefs.obj (ECanaLAMRegsFile)

ECanaMOTSRegsFile 
*          1    00006080    00000040     UNINITIALIZED
                  00006080    00000040     DSP2833x_GlobalVariableDefs.obj (ECanaMOTSRegsFile)

ECanaMOTORegsFile 
*          1    000060c0    00000040     UNINITIALIZED
                  000060c0    00000040     DSP2833x_GlobalVariableDefs.obj (ECanaMOTORegsFile)

ECanaMboxesFile 
*          1    00006100    00000100     UNINITIALIZED
                  00006100    00000100     DSP2833x_GlobalVariableDefs.obj (ECanaMboxesFile)

ECanbRegsFile 
*          1    00006200    00000034     UNINITIALIZED
                  00006200    00000034     DSP2833x_GlobalVariableDefs.obj (ECanbRegsFile)

ECanbLAMRegsFile 
*          1    00006240    00000040     UNINITIALIZED
                  00006240    00000040     DSP2833x_GlobalVariableDefs.obj (ECanbLAMRegsFile)

ECanbMOTSRegsFile 
*          1    00006280    00000040     UNINITIALIZED
                  00006280    00000040     DSP2833x_GlobalVariableDefs.obj (ECanbMOTSRegsFile)

ECanbMOTORegsFile 
*          1    000062c0    00000040     UNINITIALIZED
                  000062c0    00000040     DSP2833x_GlobalVariableDefs.obj (ECanbMOTORegsFile)

ECanbMboxesFile 
*          1    00006300    00000100     UNINITIALIZED
                  00006300    00000100     DSP2833x_GlobalVariableDefs.obj (ECanbMboxesFile)

EPwm1RegsFile 
*          1    00006800    00000022     UNINITIALIZED
                  00006800    00000022     DSP2833x_GlobalVariableDefs.obj (EPwm1RegsFile)

EPwm2RegsFile 
*          1    00006840    00000022     UNINITIALIZED
                  00006840    00000022     DSP2833x_GlobalVariableDefs.obj (EPwm2RegsFile)

EPwm3RegsFile 
*          1    00006880    00000022     UNINITIALIZED
                  00006880    00000022     DSP2833x_GlobalVariableDefs.obj (EPwm3RegsFile)

EPwm4RegsFile 
*          1    000068c0    00000022     UNINITIALIZED
                  000068c0    00000022     DSP2833x_GlobalVariableDefs.obj (EPwm4RegsFile)

EPwm5RegsFile 
*          1    00006900    00000022     UNINITIALIZED
                  00006900    00000022     DSP2833x_GlobalVariableDefs.obj (EPwm5RegsFile)

EPwm6RegsFile 
*          1    00006940    00000022     UNINITIALIZED
                  00006940    00000022     DSP2833x_GlobalVariableDefs.obj (EPwm6RegsFile)

ECap1RegsFile 
*          1    00006a00    00000020     UNINITIALIZED
                  00006a00    00000020     DSP2833x_GlobalVariableDefs.obj (ECap1RegsFile)

ECap2RegsFile 
*          1    00006a20    00000020     UNINITIALIZED
                  00006a20    00000020     DSP2833x_GlobalVariableDefs.obj (ECap2RegsFile)

ECap3RegsFile 
*          1    00006a40    00000020     UNINITIALIZED
                  00006a40    00000020     DSP2833x_GlobalVariableDefs.obj (ECap3RegsFile)

ECap4RegsFile 
*          1    00006a60    00000020     UNINITIALIZED
                  00006a60    00000020     DSP2833x_GlobalVariableDefs.obj (ECap4RegsFile)

ECap5RegsFile 
*          1    00006a80    00000020     UNINITIALIZED
                  00006a80    00000020     DSP2833x_GlobalVariableDefs.obj (ECap5RegsFile)

ECap6RegsFile 
*          1    00006aa0    00000020     UNINITIALIZED
                  00006aa0    00000020     DSP2833x_GlobalVariableDefs.obj (ECap6RegsFile)

EQep1RegsFile 
*          1    00006b00    00000040     UNINITIALIZED
                  00006b00    00000040     DSP2833x_GlobalVariableDefs.obj (EQep1RegsFile)

EQep2RegsFile 
*          1    00006b40    00000040     UNINITIALIZED
                  00006b40    00000040     DSP2833x_GlobalVariableDefs.obj (EQep2RegsFile)

GpioCtrlRegsFile 
*          1    00006f80    0000002e     UNINITIALIZED
                  00006f80    0000002e     DSP2833x_GlobalVariableDefs.obj (GpioCtrlRegsFile)

GpioDataRegsFile 
*          1    00006fc0    00000020     UNINITIALIZED
                  00006fc0    00000020     DSP2833x_GlobalVariableDefs.obj (GpioDataRegsFile)

GpioIntRegsFile 
*          1    00006fe0    0000000a     UNINITIALIZED
                  00006fe0    0000000a     DSP2833x_GlobalVariableDefs.obj (GpioIntRegsFile)

SysCtrlRegsFile 
*          1    00007010    00000020     UNINITIALIZED
                  00007010    00000020     DSP2833x_GlobalVariableDefs.obj (SysCtrlRegsFile)

SpiaRegsFile 
*          1    00007040    00000010     UNINITIALIZED
                  00007040    00000010     DSP2833x_GlobalVariableDefs.obj (SpiaRegsFile)

SciaRegsFile 
*          1    00007050    00000010     UNINITIALIZED
                  00007050    00000010     DSP2833x_GlobalVariableDefs.obj (SciaRegsFile)

XIntruptRegsFile 
*          1    00007070    00000010     UNINITIALIZED
                  00007070    00000010     DSP2833x_GlobalVariableDefs.obj (XIntruptRegsFile)

AdcRegsFile 
*          1    00007100    0000001e     UNINITIALIZED
                  00007100    0000001e     DSP2833x_GlobalVariableDefs.obj (AdcRegsFile)

ScibRegsFile 
*          1    00007750    00000010     UNINITIALIZED
                  00007750    00000010     DSP2833x_GlobalVariableDefs.obj (ScibRegsFile)

ScicRegsFile 
*          1    00007770    00000010     UNINITIALIZED
                  00007770    00000010     DSP2833x_GlobalVariableDefs.obj (ScicRegsFile)

I2caRegsFile 
*          1    00007900    00000022     UNINITIALIZED
                  00007900    00000022     DSP2833x_GlobalVariableDefs.obj (I2caRegsFile)

.ebss      1    0000c000    0000052b     UNINITIALIZED
                  0000c000    0000049a     main.obj (.ebss)
                  0000c49a    00000018     DSP2833x_CpuTimers.obj (.ebss)
                  0000c4b2    00000004     rts2800_fpu32.lib : exit.obj (.ebss)
                  0000c4b6    00000004                       : _lock.obj (.ebss)
                  0000c4ba    00000004     ff.obj (.ebss)
                  0000c4be    00000001     diskio.obj (.ebss)
                  0000c4c0    0000003a     disk_sd.obj (.ebss)
                  0000c500    0000002b     SD_SPI_Initialization.obj (.ebss)

.econst    1    0000c52c    0000011c     
                  0000c52c    00000100     DSP2833x_PieVect.obj (.econst)
                  0000c62c    0000000f     ff.obj (.econst)
                  0000c63b    0000000d     main.obj (.econst:_$P$T0$1)

ZONE7DATA 
*          1    0020fc00    00000000     UNINITIALIZED

CsmPwlFile 
*          1    0033fff8    00000008     UNINITIALIZED
                  0033fff8    00000008     DSP2833x_GlobalVariableDefs.obj (CsmPwlFile)


GLOBAL SYMBOLS: SORTED ALPHABETICALLY BY Name 

address    name
--------   ----
00000000   .bss
00000000   .data
00008000   .text
00008046   C$$EXIT
000082e1   _ADCINT_ISR
00000b00   _AdcMirror
00007100   _AdcRegs
000081c0   _ConfigCpuTimer
0000c4aa   _CpuTimer0
00000c00   _CpuTimer0Regs
0000c49a   _CpuTimer1
00000c08   _CpuTimer1Regs
0000c4a2   _CpuTimer2
00000c10   _CpuTimer2Regs
0033fff8   _CsmPwl
00000ae0   _CsmRegs
00008651   _CsmUnlock
0000820f   _DATALOG_ISR
00008403   _DINTCH1_ISR
0000840d   _DINTCH2_ISR
00008417   _DINTCH3_ISR
00008421   _DINTCH4_ISR
0000842b   _DINTCH5_ISR
00008435   _DINTCH6_ISR
0000a16c   _DSP28x_usDelay
00000880   _DevEmuRegs
000085a5   _DisableDog
00001000   _DmaRegs
0000848f   _ECAN0INTA_ISR
000084a3   _ECAN0INTB_ISR
00008499   _ECAN1INTA_ISR
000084ad   _ECAN1INTB_ISR
00008377   _ECAP1_INT_ISR
00008381   _ECAP2_INT_ISR
0000838b   _ECAP3_INT_ISR
00008395   _ECAP4_INT_ISR
0000839f   _ECAP5_INT_ISR
000083a9   _ECAP6_INT_ISR
00006040   _ECanaLAMRegs
000060c0   _ECanaMOTORegs
00006080   _ECanaMOTSRegs
00006100   _ECanaMboxes
00006000   _ECanaRegs
00006240   _ECanbLAMRegs
000062c0   _ECanbMOTORegs
00006280   _ECanbMOTSRegs
00006300   _ECanbMboxes
00006200   _ECanbRegs
00006a00   _ECap1Regs
00006a20   _ECap2Regs
00006a40   _ECap3Regs
00006a60   _ECap4Regs
00006a80   _ECap5Regs
00006aa0   _ECap6Regs
000084fd   _EMPTY_ISR
00008223   _EMUINT_ISR
0000833b   _EPWM1_INT_ISR
000082ff   _EPWM1_TZINT_ISR
00008345   _EPWM2_INT_ISR
00008309   _EPWM2_TZINT_ISR
0000834f   _EPWM3_INT_ISR
00008313   _EPWM3_TZINT_ISR
00008359   _EPWM4_INT_ISR
0000831d   _EPWM4_TZINT_ISR
00008363   _EPWM5_INT_ISR
00008327   _EPWM5_TZINT_ISR
0000836d   _EPWM6_INT_ISR
00008331   _EPWM6_TZINT_ISR
00006800   _EPwm1Regs
00006840   _EPwm2Regs
00006880   _EPwm3Regs
000068c0   _EPwm4Regs
00006900   _EPwm5Regs
00006940   _EPwm6Regs
000083b3   _EQEP1_INT_ISR
000083bd   _EQEP2_INT_ISR
00006b00   _EQep1Regs
00006b40   _EQep2Regs
0000853d   _EnableInterrupts
00000a80   _FlashRegs
00006f80   _GpioCtrlRegs
00006fc0   _GpioDataRegs
00006fe0   _GpioIntRegs
0000843f   _I2CINT1A_ISR
00008449   _I2CINT2A_ISR
00007900   _I2caRegs
00008237   _ILLEGAL_ISR
000081fb   _INT13_ISR
00008205   _INT14_ISR
00008181   _InitCpuTimers
0000a151   _InitFlash
000085fb   _InitPeripheralClocks
0000851e   _InitPieCtrl
00008546   _InitPieVectTable
000085ad   _InitPll
00008566   _InitSpi
00008567   _InitSpiGpio
0000856a   _InitSpiaGpio
00008592   _InitSysCtrl
00008682   _InitXintf
0000871e   _InitXintf16Gpio
000086d7   _InitXintf32Gpio
000084f3   _LUF_ISR
000084e9   _LVF_ISR
000083ef   _MRINTA_ISR
000083db   _MRINTB_ISR
000083f9   _MXINTA_ISR
000083e5   _MXINTB_ISR
00005000   _McbspaRegs
00005040   _McbspbRegs
0000822d   _NMI_ISR
0000850a   _PIE_RESERVED
00000ce0   _PieCtrlRegs
00000d00   _PieVectTable
0000c52c   _PieVectTableInit
00008219   _RTOSINT_ISR
00008467   _SCIRXINTA_ISR
0000847b   _SCIRXINTB_ISR
00008453   _SCIRXINTC_ISR
00008471   _SCITXINTA_ISR
00008485   _SCITXINTB_ISR
0000845d   _SCITXINTC_ISR
0000c4c0   _SDCardInfo
0000807c   _SD_Init
00008092   _SD_ReadBlock
000080a9   _SD_ReadMultiBlocks
0000c4be   _SD_Stat
000080c1   _SD_WriteBlock
000080d8   _SD_WriteMultiBlocks
000082b9   _SEQ1INT_ISR
000082c3   _SEQ2INT_ISR
000083c7   _SPIRXINTA_ISR
000083d1   _SPITXINTA_ISR
00007050   _SciaRegs
00007750   _ScibRegs
00007770   _ScicRegs
0000859b   _ServiceDog
00007040   _SpiaRegs
00007010   _SysCtrlRegs
000082eb   _TINT0_ISR
0000829b   _USER10_ISR
000082a5   _USER11_ISR
000082af   _USER12_ISR
00008241   _USER1_ISR
0000824b   _USER2_ISR
00008255   _USER3_ISR
0000825f   _USER4_ISR
00008269   _USER5_ISR
00008273   _USER6_ISR
0000827d   _USER7_ISR
00008287   _USER8_ISR
00008291   _USER9_ISR
000082f5   _WAKEINT_ISR
000082cd   _XINT1_ISR
000082d7   _XINT2_ISR
000084b7   _XINT3_ISR
000084c1   _XINT4_ISR
000084cb   _XINT5_ISR
000084d5   _XINT6_ISR
000084df   _XINT7_ISR
00007070   _XIntruptRegs
00000b20   _XintfRegs
000003e8   __STACK_SIZE
ffffffff   ___TI_pprof_out_hndl
ffffffff   ___TI_prof_var_size
ffffffff   ___TI_prof_var_start
ffffffff   ___binit__
00000000   ___bss__
ffffffff   ___c_args__
0000a102   ___cinit__
00000000   ___data__
00000000   ___edata__
00000000   ___end__
0000a102   ___etext__
0000a0e1   ___memcpy_ff
ffffffff   ___pinit__
00008000   ___text__
00008067   __args_main
0000c4b2   __cleanup_ptr
0000c4b4   __dtors_ptr
0000c4b8   __lock
00008066   __nop
00008062   __register_lock
0000805e   __register_unlock
00000400   __stack
0000c4b6   __unlock
00008046   _abort
0000c001   _br
00008000   _c_int00
0000c504   _card_status
0000c51b   _cid_contents
000088c9   _clust2sect
0000c503   _crc_enabled
0000c50b   _csd_contents
0000c501   _data_manipulation
000080f0   _disk_initialize
0000814e   _disk_ioctl
00008119   _disk_read
0000810c   _disk_status
00008135   _disk_write
00008048   _exit
00009aa3   _f_chmod
0000961d   _f_close
000097fd   _f_getfree
0000962b   _f_lseek
0000999a   _f_mkdir
0000921a   _f_mount
0000923c   _f_open
0000974c   _f_opendir
0000934c   _f_read
0000979f   _f_readdir
00009b18   _f_rename
000097d8   _f_stat
0000958d   _f_sync
000098b8   _f_truncate
00009922   _f_unlink
00009ad9   _f_utime
0000945b   _f_write
0000c280   _fs
0000c040   _fsrc
000088e1   _get_fat
00008176   _get_fattime
0000c502   _high_capacity
00009bce   _main
0000c506   _ocr_contents
0000898a   _put_fat
0000c000   _res
0000c500   _response
00008514   _rsvd_ISR
00009c88   _sd_card_insertion
00009ee4   _sd_cid_csd_response
00009fce   _sd_command_response
00009fa1   _sd_crc7
00009e4f   _sd_data_response
00009c16   _sd_erase_block
00009fef   _sd_error
00009c9b   _sd_initialization
00009ecd   _sd_ocr_response
00009dd2   _sd_read_block
00009e02   _sd_read_multiple_block
00009e9f   _sd_read_register
00009f21   _sd_send_status
00009cf2   _sd_version1_initialization
00009d55   _sd_version2_initialization
00009ff9   _sd_write_block
0000a078   _sd_write_data
0000a030   _sd_write_multiple_block
00009c7b   _spi_initialization
00009f52   _spi_xmit_byte
00009f60   _spi_xmit_command
0000c002   _textFileBuffer
ffffffff   binit
0000a102   cinit
00000000   code_start
00000000   edata
00000000   end
0000a102   etext
ffffffff   pinit


GLOBAL SYMBOLS: SORTED BY Symbol Address 

address    name
--------   ----
00000000   .bss
00000000   .data
00000000   ___bss__
00000000   ___data__
00000000   ___edata__
00000000   ___end__
00000000   code_start
00000000   edata
00000000   end
000003e8   __STACK_SIZE
00000400   __stack
00000880   _DevEmuRegs
00000a80   _FlashRegs
00000ae0   _CsmRegs
00000b00   _AdcMirror
00000b20   _XintfRegs
00000c00   _CpuTimer0Regs
00000c08   _CpuTimer1Regs
00000c10   _CpuTimer2Regs
00000ce0   _PieCtrlRegs
00000d00   _PieVectTable
00001000   _DmaRegs
00005000   _McbspaRegs
00005040   _McbspbRegs
00006000   _ECanaRegs
00006040   _ECanaLAMRegs
00006080   _ECanaMOTSRegs
000060c0   _ECanaMOTORegs
00006100   _ECanaMboxes
00006200   _ECanbRegs
00006240   _ECanbLAMRegs
00006280   _ECanbMOTSRegs
000062c0   _ECanbMOTORegs
00006300   _ECanbMboxes
00006800   _EPwm1Regs
00006840   _EPwm2Regs
00006880   _EPwm3Regs
000068c0   _EPwm4Regs
00006900   _EPwm5Regs
00006940   _EPwm6Regs
00006a00   _ECap1Regs
00006a20   _ECap2Regs
00006a40   _ECap3Regs
00006a60   _ECap4Regs
00006a80   _ECap5Regs
00006aa0   _ECap6Regs
00006b00   _EQep1Regs
00006b40   _EQep2Regs
00006f80   _GpioCtrlRegs
00006fc0   _GpioDataRegs
00006fe0   _GpioIntRegs
00007010   _SysCtrlRegs
00007040   _SpiaRegs
00007050   _SciaRegs
00007070   _XIntruptRegs
00007100   _AdcRegs
00007750   _ScibRegs
00007770   _ScicRegs
00007900   _I2caRegs
00008000   .text
00008000   ___text__
00008000   _c_int00
00008046   C$$EXIT
00008046   _abort
00008048   _exit
0000805e   __register_unlock
00008062   __register_lock
00008066   __nop
00008067   __args_main
0000807c   _SD_Init
00008092   _SD_ReadBlock
000080a9   _SD_ReadMultiBlocks
000080c1   _SD_WriteBlock
000080d8   _SD_WriteMultiBlocks
000080f0   _disk_initialize
0000810c   _disk_status
00008119   _disk_read
00008135   _disk_write
0000814e   _disk_ioctl
00008176   _get_fattime
00008181   _InitCpuTimers
000081c0   _ConfigCpuTimer
000081fb   _INT13_ISR
00008205   _INT14_ISR
0000820f   _DATALOG_ISR
00008219   _RTOSINT_ISR
00008223   _EMUINT_ISR
0000822d   _NMI_ISR
00008237   _ILLEGAL_ISR
00008241   _USER1_ISR
0000824b   _USER2_ISR
00008255   _USER3_ISR
0000825f   _USER4_ISR
00008269   _USER5_ISR
00008273   _USER6_ISR
0000827d   _USER7_ISR
00008287   _USER8_ISR
00008291   _USER9_ISR
0000829b   _USER10_ISR
000082a5   _USER11_ISR
000082af   _USER12_ISR
000082b9   _SEQ1INT_ISR
000082c3   _SEQ2INT_ISR
000082cd   _XINT1_ISR
000082d7   _XINT2_ISR
000082e1   _ADCINT_ISR
000082eb   _TINT0_ISR
000082f5   _WAKEINT_ISR
000082ff   _EPWM1_TZINT_ISR
00008309   _EPWM2_TZINT_ISR
00008313   _EPWM3_TZINT_ISR
0000831d   _EPWM4_TZINT_ISR
00008327   _EPWM5_TZINT_ISR
00008331   _EPWM6_TZINT_ISR
0000833b   _EPWM1_INT_ISR
00008345   _EPWM2_INT_ISR
0000834f   _EPWM3_INT_ISR
00008359   _EPWM4_INT_ISR
00008363   _EPWM5_INT_ISR
0000836d   _EPWM6_INT_ISR
00008377   _ECAP1_INT_ISR
00008381   _ECAP2_INT_ISR
0000838b   _ECAP3_INT_ISR
00008395   _ECAP4_INT_ISR
0000839f   _ECAP5_INT_ISR
000083a9   _ECAP6_INT_ISR
000083b3   _EQEP1_INT_ISR
000083bd   _EQEP2_INT_ISR
000083c7   _SPIRXINTA_ISR
000083d1   _SPITXINTA_ISR
000083db   _MRINTB_ISR
000083e5   _MXINTB_ISR
000083ef   _MRINTA_ISR
000083f9   _MXINTA_ISR
00008403   _DINTCH1_ISR
0000840d   _DINTCH2_ISR
00008417   _DINTCH3_ISR
00008421   _DINTCH4_ISR
0000842b   _DINTCH5_ISR
00008435   _DINTCH6_ISR
0000843f   _I2CINT1A_ISR
00008449   _I2CINT2A_ISR
00008453   _SCIRXINTC_ISR
0000845d   _SCITXINTC_ISR
00008467   _SCIRXINTA_ISR
00008471   _SCITXINTA_ISR
0000847b   _SCIRXINTB_ISR
00008485   _SCITXINTB_ISR
0000848f   _ECAN0INTA_ISR
00008499   _ECAN1INTA_ISR
000084a3   _ECAN0INTB_ISR
000084ad   _ECAN1INTB_ISR
000084b7   _XINT3_ISR
000084c1   _XINT4_ISR
000084cb   _XINT5_ISR
000084d5   _XINT6_ISR
000084df   _XINT7_ISR
000084e9   _LVF_ISR
000084f3   _LUF_ISR
000084fd   _EMPTY_ISR
0000850a   _PIE_RESERVED
00008514   _rsvd_ISR
0000851e   _InitPieCtrl
0000853d   _EnableInterrupts
00008546   _InitPieVectTable
00008566   _InitSpi
00008567   _InitSpiGpio
0000856a   _InitSpiaGpio
00008592   _InitSysCtrl
0000859b   _ServiceDog
000085a5   _DisableDog
000085ad   _InitPll
000085fb   _InitPeripheralClocks
00008651   _CsmUnlock
00008682   _InitXintf
000086d7   _InitXintf32Gpio
0000871e   _InitXintf16Gpio
000088c9   _clust2sect
000088e1   _get_fat
0000898a   _put_fat
0000921a   _f_mount
0000923c   _f_open
0000934c   _f_read
0000945b   _f_write
0000958d   _f_sync
0000961d   _f_close
0000962b   _f_lseek
0000974c   _f_opendir
0000979f   _f_readdir
000097d8   _f_stat
000097fd   _f_getfree
000098b8   _f_truncate
00009922   _f_unlink
0000999a   _f_mkdir
00009aa3   _f_chmod
00009ad9   _f_utime
00009b18   _f_rename
00009bce   _main
00009c16   _sd_erase_block
00009c7b   _spi_initialization
00009c88   _sd_card_insertion
00009c9b   _sd_initialization
00009cf2   _sd_version1_initialization
00009d55   _sd_version2_initialization
00009dd2   _sd_read_block
00009e02   _sd_read_multiple_block
00009e4f   _sd_data_response
00009e9f   _sd_read_register
00009ecd   _sd_ocr_response
00009ee4   _sd_cid_csd_response
00009f21   _sd_send_status
00009f52   _spi_xmit_byte
00009f60   _spi_xmit_command
00009fa1   _sd_crc7
00009fce   _sd_command_response
00009fef   _sd_error
00009ff9   _sd_write_block
0000a030   _sd_write_multiple_block
0000a078   _sd_write_data
0000a0e1   ___memcpy_ff
0000a102   ___cinit__
0000a102   ___etext__
0000a102   cinit
0000a102   etext
0000a151   _InitFlash
0000a16c   _DSP28x_usDelay
0000c000   _res
0000c001   _br
0000c002   _textFileBuffer
0000c040   _fsrc
0000c280   _fs
0000c49a   _CpuTimer1
0000c4a2   _CpuTimer2
0000c4aa   _CpuTimer0
0000c4b2   __cleanup_ptr
0000c4b4   __dtors_ptr
0000c4b6   __unlock
0000c4b8   __lock
0000c4be   _SD_Stat
0000c4c0   _SDCardInfo
0000c500   _response
0000c501   _data_manipulation
0000c502   _high_capacity
0000c503   _crc_enabled
0000c504   _card_status
0000c506   _ocr_contents
0000c50b   _csd_contents
0000c51b   _cid_contents
0000c52c   _PieVectTableInit
0033fff8   _CsmPwl
ffffffff   ___TI_pprof_out_hndl
ffffffff   ___TI_prof_var_size
ffffffff   ___TI_prof_var_start
ffffffff   ___binit__
ffffffff   ___c_args__
ffffffff   ___pinit__
ffffffff   binit
ffffffff   pinit

[258 symbols]
