******************************************************************************
             TMS320C2000 Linker PC v6.1.3                      
******************************************************************************
>> Linked Fri Sep 29 21:13:34 2017

OUTPUT FILE NAME:   <C:/Users/koukou/Desktop/reposity/program/sd_DSP28335/lab31-SD-SPI-Fatfs/SD/../Debug/SD.out>
ENTRY POINT SYMBOL: "_c_int00"  address: 00009ff3


MEMORY CONFIGURATION

         name            origin    length      used     unused   attr    fill
----------------------  --------  ---------  --------  --------  ----  --------
PAGE 0:
  BEGIN                 00000000   00000002  00000002  00000000  RWIX
  BOOT_RSVD             00000002   0000004e  00000000  0000004e  RWIX
  RAMM0                 00000050   000003b0  00000000  000003b0  RWIX
  RAML                  00008000   00004000  00002172  00001e8e  RWIX
  ZONE7A                00200000   0000fc00  00000000  0000fc00  RWIX
  CSM_RSVD              0033ff80   00000076  00000000  00000076  RWIX
  CSM_PWL               0033fff8   00000008  00000000  00000008  RWIX
  ADC_CAL               00380080   00000009  00000000  00000009  RWIX
  IQTABLES              003fe000   00000b50  00000000  00000b50  RWIX
  IQTABLES2             003feb50   0000008c  00000000  0000008c  RWIX
  FPUTABLES             003febdc   000006a0  00000000  000006a0  RWIX
  BOOTROM               003ff27c   00000d44  00000000  00000d44  RWIX
  RESET                 003fffc0   00000002  00000000  00000002  RWIX

PAGE 1:
  RAMM                  00000400   00000400  000003e8  00000018  RWIX
  DEV_EMU               00000880   00000180  000000d0  000000b0  RWIX
  FLASH_REGS            00000a80   00000060  00000008  00000058  RWIX
  CSM                   00000ae0   00000010  00000010  00000000  RWIX
  ADC_MIRROR            00000b00   00000010  00000010  00000000  RWIX
  XINTF                 00000b20   00000020  0000001e  00000002  RWIX
  CPU_TIMER0            00000c00   00000008  00000008  00000000  RWIX
  CPU_TIMER1            00000c08   00000008  00000008  00000000  RWIX
  CPU_TIMER2            00000c10   00000008  00000008  00000000  RWIX
  PIE_CTRL              00000ce0   00000020  0000001a  00000006  RWIX
  PIE_VECT              00000d00   00000100  00000100  00000000  RWIX
  DMA                   00001000   00000200  000000e0  00000120  RWIX
  MCBSPA                00005000   00000040  00000025  0000001b  RWIX
  MCBSPB                00005040   00000040  00000025  0000001b  RWIX
  ECANA                 00006000   00000040  00000034  0000000c  RWIX
  ECANA_LAM             00006040   00000040  00000040  00000000  RWIX
  ECANA_MOTS            00006080   00000040  00000040  00000000  RWIX
  ECANA_MOTO            000060c0   00000040  00000040  00000000  RWIX
  ECANA_MBOX            00006100   00000100  00000100  00000000  RWIX
  ECANB                 00006200   00000040  00000034  0000000c  RWIX
  ECANB_LAM             00006240   00000040  00000040  00000000  RWIX
  ECANB_MOTS            00006280   00000040  00000040  00000000  RWIX
  ECANB_MOTO            000062c0   00000040  00000040  00000000  RWIX
  ECANB_MBOX            00006300   00000100  00000100  00000000  RWIX
  EPWM1                 00006800   00000022  00000022  00000000  RWIX
  EPWM2                 00006840   00000022  00000022  00000000  RWIX
  EPWM3                 00006880   00000022  00000022  00000000  RWIX
  EPWM4                 000068c0   00000022  00000022  00000000  RWIX
  EPWM5                 00006900   00000022  00000022  00000000  RWIX
  EPWM6                 00006940   00000022  00000022  00000000  RWIX
  ECAP1                 00006a00   00000020  00000020  00000000  RWIX
  ECAP2                 00006a20   00000020  00000020  00000000  RWIX
  ECAP3                 00006a40   00000020  00000020  00000000  RWIX
  ECAP4                 00006a60   00000020  00000020  00000000  RWIX
  ECAP5                 00006a80   00000020  00000020  00000000  RWIX
  ECAP6                 00006aa0   00000020  00000020  00000000  RWIX
  EQEP1                 00006b00   00000040  00000040  00000000  RWIX
  EQEP2                 00006b40   00000040  00000040  00000000  RWIX
  GPIOCTRL              00006f80   00000040  0000002e  00000012  RWIX
  GPIODAT               00006fc0   00000020  00000020  00000000  RWIX
  GPIOINT               00006fe0   00000020  0000000a  00000016  RWIX
  SYSTEM                00007010   00000020  00000020  00000000  RWIX
  SPIA                  00007040   00000010  00000010  00000000  RWIX
  SCIA                  00007050   00000010  00000010  00000000  RWIX
  XINTRUPT              00007070   00000010  00000010  00000000  RWIX
  ADC                   00007100   00000020  0000001e  00000002  RWIX
  SCIB                  00007750   00000010  00000010  00000000  RWIX
  SCIC                  00007770   00000010  00000010  00000000  RWIX
  I2CA                  00007900   00000040  00000022  0000001e  RWIX
  RAMH                  0000c000   00004000  00000647  000039b9  RWIX
  ZONE7B                0020fc00   00000400  00000000  00000400  RWIX
  CSM_PWL               0033fff8   00000008  00000008  00000000  RWIX


SECTION ALLOCATION MAP

 output                                  attributes/
section   page    origin      length       input sections
--------  ----  ----------  ----------   ----------------
codestart 
*          0    00000000    00000002     
                  00000000    00000002     DSP2833x_CodeStartBranch.obj (codestart)

.pinit     0    00008000    00000000     UNINITIALIZED

.text      0    00008000    00002111     
                  00008000    0000145b     ff.obj (.text)
                  0000945b    00000323     DSP2833x_DefaultIsr.obj (.text:retain)
                  0000977e    00000157     SD_SPI_Initialization.obj (.text)
                  000098d5    000000f6     DSP2833x_Xintf.obj (.text)
                  000099cb    000000ee     DSP2833x_SysCtrl.obj (.text)
                  00009ab9    000000e7     SD_SPI_Write.obj (.text)
                  00009ba0    000000cc     SD_SPI_Read.obj (.text)
                  00009c6c    000000b3     SD_SPI_Registers.obj (.text)
                  00009d1f    000000a6     SD_SPI_Transmission.obj (.text)
                  00009dc5    00000089     diskio.obj (.text)
                  00009e4e    0000007c     DSP2833x_CpuTimers.obj (.text)
                  00009eca    00000074     disk_sd.obj (.text)
                  00009f3e    00000065     SD_SPI_Erase.obj (.text)
                  00009fa3    00000050     main.obj (.text)
                  00009ff3    00000046     rts2800_fpu32.lib : boot.obj (.text)
                  0000a039    0000002c     DSP2833x_Spi.obj (.text)
                  0000a065    00000028     DSP2833x_PieCtrl.obj (.text)
                  0000a08d    00000021     rts2800_fpu32.lib : memcpy_ff.obj (.text)
                  0000a0ae    00000020     DSP2833x_PieVect.obj (.text)
                  0000a0ce    00000019     rts2800_fpu32.lib : args_main.obj (.text)
                  0000a0e7    00000019                       : exit.obj (.text)
                  0000a100    00000009                       : _lock.obj (.text)
                  0000a109    00000008     DSP2833x_CodeStartBranch.obj (.text)

.cinit     0    0000a111    00000042     
                  0000a111    0000001c     main.obj (.cinit)
                  0000a12d    0000000c     SD_SPI_Initialization.obj (.cinit)
                  0000a139    0000000a     rts2800_fpu32.lib : _lock.obj (.cinit)
                  0000a143    0000000a                       : exit.obj (.cinit)
                  0000a14d    00000004     diskio.obj (.cinit)
                  0000a151    00000002     --HOLE-- [fill = 0]

ramfuncs   0    0000a153    0000001f     
                  0000a153    0000001b     DSP2833x_SysCtrl.obj (ramfuncs)
                  0000a16e    00000004     DSP2833x_usDelay.obj (ramfuncs)

csm_rsvd   0    0033ff80    00000000     DSECT

csmpasswds 
*          0    0033fff8    00000000     DSECT

.reset     0    003fffc0    00000002     DSECT
                  003fffc0    00000002     rts2800_fpu32.lib : boot.obj (.reset)

.stack     1    00000400    000003e8     UNINITIALIZED
                  00000400    000003e8     --HOLE--

DevEmuRegsFile 
*          1    00000880    000000d0     UNINITIALIZED
                  00000880    000000d0     DSP2833x_GlobalVariableDefs.obj (DevEmuRegsFile)

FlashRegsFile 
*          1    00000a80    00000008     UNINITIALIZED
                  00000a80    00000008     DSP2833x_GlobalVariableDefs.obj (FlashRegsFile)

CsmRegsFile 
*          1    00000ae0    00000010     UNINITIALIZED
                  00000ae0    00000010     DSP2833x_GlobalVariableDefs.obj (CsmRegsFile)

AdcMirrorFile 
*          1    00000b00    00000010     UNINITIALIZED
                  00000b00    00000010     DSP2833x_GlobalVariableDefs.obj (AdcMirrorFile)

XintfRegsFile 
*          1    00000b20    0000001e     UNINITIALIZED
                  00000b20    0000001e     DSP2833x_GlobalVariableDefs.obj (XintfRegsFile)

CpuTimer0RegsFile 
*          1    00000c00    00000008     UNINITIALIZED
                  00000c00    00000008     DSP2833x_GlobalVariableDefs.obj (CpuTimer0RegsFile)

CpuTimer1RegsFile 
*          1    00000c08    00000008     UNINITIALIZED
                  00000c08    00000008     DSP2833x_GlobalVariableDefs.obj (CpuTimer1RegsFile)

CpuTimer2RegsFile 
*          1    00000c10    00000008     UNINITIALIZED
                  00000c10    00000008     DSP2833x_GlobalVariableDefs.obj (CpuTimer2RegsFile)

PieCtrlRegsFile 
*          1    00000ce0    0000001a     UNINITIALIZED
                  00000ce0    0000001a     DSP2833x_GlobalVariableDefs.obj (PieCtrlRegsFile)

PieVectTableFile 
*          1    00000d00    00000100     UNINITIALIZED
                  00000d00    00000100     DSP2833x_GlobalVariableDefs.obj (PieVectTableFile)

DmaRegsFile 
*          1    00001000    000000e0     UNINITIALIZED
                  00001000    000000e0     DSP2833x_GlobalVariableDefs.obj (DmaRegsFile)

McbspaRegsFile 
*          1    00005000    00000025     UNINITIALIZED
                  00005000    00000025     DSP2833x_GlobalVariableDefs.obj (McbspaRegsFile)

McbspbRegsFile 
*          1    00005040    00000025     UNINITIALIZED
                  00005040    00000025     DSP2833x_GlobalVariableDefs.obj (McbspbRegsFile)

ECanaRegsFile 
*          1    00006000    00000034     UNINITIALIZED
                  00006000    00000034     DSP2833x_GlobalVariableDefs.obj (ECanaRegsFile)

ECanaLAMRegsFile 
*          1    00006040    00000040     UNINITIALIZED
                  00006040    00000040     DSP2833x_GlobalVariableDefs.obj (ECanaLAMRegsFile)

ECanaMOTSRegsFile 
*          1    00006080    00000040     UNINITIALIZED
                  00006080    00000040     DSP2833x_GlobalVariableDefs.obj (ECanaMOTSRegsFile)

ECanaMOTORegsFile 
*          1    000060c0    00000040     UNINITIALIZED
                  000060c0    00000040     DSP2833x_GlobalVariableDefs.obj (ECanaMOTORegsFile)

ECanaMboxesFile 
*          1    00006100    00000100     UNINITIALIZED
                  00006100    00000100     DSP2833x_GlobalVariableDefs.obj (ECanaMboxesFile)

ECanbRegsFile 
*          1    00006200    00000034     UNINITIALIZED
                  00006200    00000034     DSP2833x_GlobalVariableDefs.obj (ECanbRegsFile)

ECanbLAMRegsFile 
*          1    00006240    00000040     UNINITIALIZED
                  00006240    00000040     DSP2833x_GlobalVariableDefs.obj (ECanbLAMRegsFile)

ECanbMOTSRegsFile 
*          1    00006280    00000040     UNINITIALIZED
                  00006280    00000040     DSP2833x_GlobalVariableDefs.obj (ECanbMOTSRegsFile)

ECanbMOTORegsFile 
*          1    000062c0    00000040     UNINITIALIZED
                  000062c0    00000040     DSP2833x_GlobalVariableDefs.obj (ECanbMOTORegsFile)

ECanbMboxesFile 
*          1    00006300    00000100     UNINITIALIZED
                  00006300    00000100     DSP2833x_GlobalVariableDefs.obj (ECanbMboxesFile)

EPwm1RegsFile 
*          1    00006800    00000022     UNINITIALIZED
                  00006800    00000022     DSP2833x_GlobalVariableDefs.obj (EPwm1RegsFile)

EPwm2RegsFile 
*          1    00006840    00000022     UNINITIALIZED
                  00006840    00000022     DSP2833x_GlobalVariableDefs.obj (EPwm2RegsFile)

EPwm3RegsFile 
*          1    00006880    00000022     UNINITIALIZED
                  00006880    00000022     DSP2833x_GlobalVariableDefs.obj (EPwm3RegsFile)

EPwm4RegsFile 
*          1    000068c0    00000022     UNINITIALIZED
                  000068c0    00000022     DSP2833x_GlobalVariableDefs.obj (EPwm4RegsFile)

EPwm5RegsFile 
*          1    00006900    00000022     UNINITIALIZED
                  00006900    00000022     DSP2833x_GlobalVariableDefs.obj (EPwm5RegsFile)

EPwm6RegsFile 
*          1    00006940    00000022     UNINITIALIZED
                  00006940    00000022     DSP2833x_GlobalVariableDefs.obj (EPwm6RegsFile)

ECap1RegsFile 
*          1    00006a00    00000020     UNINITIALIZED
                  00006a00    00000020     DSP2833x_GlobalVariableDefs.obj (ECap1RegsFile)

ECap2RegsFile 
*          1    00006a20    00000020     UNINITIALIZED
                  00006a20    00000020     DSP2833x_GlobalVariableDefs.obj (ECap2RegsFile)

ECap3RegsFile 
*          1    00006a40    00000020     UNINITIALIZED
                  00006a40    00000020     DSP2833x_GlobalVariableDefs.obj (ECap3RegsFile)

ECap4RegsFile 
*          1    00006a60    00000020     UNINITIALIZED
                  00006a60    00000020     DSP2833x_GlobalVariableDefs.obj (ECap4RegsFile)

ECap5RegsFile 
*          1    00006a80    00000020     UNINITIALIZED
                  00006a80    00000020     DSP2833x_GlobalVariableDefs.obj (ECap5RegsFile)

ECap6RegsFile 
*          1    00006aa0    00000020     UNINITIALIZED
                  00006aa0    00000020     DSP2833x_GlobalVariableDefs.obj (ECap6RegsFile)

EQep1RegsFile 
*          1    00006b00    00000040     UNINITIALIZED
                  00006b00    00000040     DSP2833x_GlobalVariableDefs.obj (EQep1RegsFile)

EQep2RegsFile 
*          1    00006b40    00000040     UNINITIALIZED
                  00006b40    00000040     DSP2833x_GlobalVariableDefs.obj (EQep2RegsFile)

GpioCtrlRegsFile 
*          1    00006f80    0000002e     UNINITIALIZED
                  00006f80    0000002e     DSP2833x_GlobalVariableDefs.obj (GpioCtrlRegsFile)

GpioDataRegsFile 
*          1    00006fc0    00000020     UNINITIALIZED
                  00006fc0    00000020     DSP2833x_GlobalVariableDefs.obj (GpioDataRegsFile)

GpioIntRegsFile 
*          1    00006fe0    0000000a     UNINITIALIZED
                  00006fe0    0000000a     DSP2833x_GlobalVariableDefs.obj (GpioIntRegsFile)

SysCtrlRegsFile 
*          1    00007010    00000020     UNINITIALIZED
                  00007010    00000020     DSP2833x_GlobalVariableDefs.obj (SysCtrlRegsFile)

SpiaRegsFile 
*          1    00007040    00000010     UNINITIALIZED
                  00007040    00000010     DSP2833x_GlobalVariableDefs.obj (SpiaRegsFile)

SciaRegsFile 
*          1    00007050    00000010     UNINITIALIZED
                  00007050    00000010     DSP2833x_GlobalVariableDefs.obj (SciaRegsFile)

XIntruptRegsFile 
*          1    00007070    00000010     UNINITIALIZED
                  00007070    00000010     DSP2833x_GlobalVariableDefs.obj (XIntruptRegsFile)

AdcRegsFile 
*          1    00007100    0000001e     UNINITIALIZED
                  00007100    0000001e     DSP2833x_GlobalVariableDefs.obj (AdcRegsFile)

ScibRegsFile 
*          1    00007750    00000010     UNINITIALIZED
                  00007750    00000010     DSP2833x_GlobalVariableDefs.obj (ScibRegsFile)

ScicRegsFile 
*          1    00007770    00000010     UNINITIALIZED
                  00007770    00000010     DSP2833x_GlobalVariableDefs.obj (ScicRegsFile)

I2caRegsFile 
*          1    00007900    00000022     UNINITIALIZED
                  00007900    00000022     DSP2833x_GlobalVariableDefs.obj (I2caRegsFile)

.ebss      1    0000c000    0000052b     UNINITIALIZED
                  0000c000    0000049a     main.obj (.ebss)
                  0000c49a    00000018     DSP2833x_CpuTimers.obj (.ebss)
                  0000c4b2    00000004     ff.obj (.ebss)
                  0000c4b6    00000004     rts2800_fpu32.lib : _lock.obj (.ebss)
                  0000c4ba    00000004                       : exit.obj (.ebss)
                  0000c4be    00000001     diskio.obj (.ebss)
                  0000c4bf    00000001     --HOLE--
                  0000c4c0    0000003a     disk_sd.obj (.ebss)
                  0000c4fa    00000006     --HOLE--
                  0000c500    0000002b     SD_SPI_Initialization.obj (.ebss)

.econst    1    0000c52c    0000011c     
                  0000c52c    00000100     DSP2833x_PieVect.obj (.econst)
                  0000c62c    0000000f     ff.obj (.econst:.string)
                  0000c63b    0000000d     main.obj (.econst:.string:_$P$T0$1)

CsmPwlFile 
*          1    0033fff8    00000008     UNINITIALIZED
                  0033fff8    00000008     DSP2833x_GlobalVariableDefs.obj (CsmPwlFile)


GLOBAL SYMBOLS: SORTED ALPHABETICALLY BY Name 

address    name
--------   ----
00008000   .text
0000a0e7   C$$EXIT
00009541   _ADCINT_ISR
00000b00   _AdcMirror
00007100   _AdcRegs
00009e8f   _ConfigCpuTimer
0000c4aa   _CpuTimer0
00000c00   _CpuTimer0Regs
0000c49a   _CpuTimer1
00000c08   _CpuTimer1Regs
0000c4a2   _CpuTimer2
00000c10   _CpuTimer2Regs
0033fff8   _CsmPwl
00000ae0   _CsmRegs
00009a88   _CsmUnlock
0000946f   _DATALOG_ISR
00009663   _DINTCH1_ISR
0000966d   _DINTCH2_ISR
00009677   _DINTCH3_ISR
00009681   _DINTCH4_ISR
0000968b   _DINTCH5_ISR
00009695   _DINTCH6_ISR
0000a16e   _DSP28x_usDelay
00000880   _DevEmuRegs
000099de   _DisableDog
00001000   _DmaRegs
000096ef   _ECAN0INTA_ISR
00009703   _ECAN0INTB_ISR
000096f9   _ECAN1INTA_ISR
0000970d   _ECAN1INTB_ISR
000095d7   _ECAP1_INT_ISR
000095e1   _ECAP2_INT_ISR
000095eb   _ECAP3_INT_ISR
000095f5   _ECAP4_INT_ISR
000095ff   _ECAP5_INT_ISR
00009609   _ECAP6_INT_ISR
00006040   _ECanaLAMRegs
000060c0   _ECanaMOTORegs
00006080   _ECanaMOTSRegs
00006100   _ECanaMboxes
00006000   _ECanaRegs
00006240   _ECanbLAMRegs
000062c0   _ECanbMOTORegs
00006280   _ECanbMOTSRegs
00006300   _ECanbMboxes
00006200   _ECanbRegs
00006a00   _ECap1Regs
00006a20   _ECap2Regs
00006a40   _ECap3Regs
00006a60   _ECap4Regs
00006a80   _ECap5Regs
00006aa0   _ECap6Regs
0000975d   _EMPTY_ISR
00009483   _EMUINT_ISR
0000959b   _EPWM1_INT_ISR
0000955f   _EPWM1_TZINT_ISR
000095a5   _EPWM2_INT_ISR
00009569   _EPWM2_TZINT_ISR
000095af   _EPWM3_INT_ISR
00009573   _EPWM3_TZINT_ISR
000095b9   _EPWM4_INT_ISR
0000957d   _EPWM4_TZINT_ISR
000095c3   _EPWM5_INT_ISR
00009587   _EPWM5_TZINT_ISR
000095cd   _EPWM6_INT_ISR
00009591   _EPWM6_TZINT_ISR
00006800   _EPwm1Regs
00006840   _EPwm2Regs
00006880   _EPwm3Regs
000068c0   _EPwm4Regs
00006900   _EPwm5Regs
00006940   _EPwm6Regs
00009613   _EQEP1_INT_ISR
0000961d   _EQEP2_INT_ISR
00006b00   _EQep1Regs
00006b40   _EQep2Regs
0000a084   _EnableInterrupts
00000a80   _FlashRegs
00006f80   _GpioCtrlRegs
00006fc0   _GpioDataRegs
00006fe0   _GpioIntRegs
0000969f   _I2CINT1A_ISR
000096a9   _I2CINT2A_ISR
00007900   _I2caRegs
00009497   _ILLEGAL_ISR
0000945b   _INT13_ISR
00009465   _INT14_ISR
00009e4e   _InitCpuTimers
0000a153   _InitFlash
00009a32   _InitPeripheralClocks
0000a065   _InitPieCtrl
0000a0ae   _InitPieVectTable
000099e6   _InitPll
0000a039   _InitSpi
0000a03a   _InitSpiGpio
0000a03d   _InitSpiaGpio
000099cb   _InitSysCtrl
000098d5   _InitXintf
00009971   _InitXintf16Gpio
0000992a   _InitXintf32Gpio
00009753   _LUF_ISR
00009749   _LVF_ISR
0000964f   _MRINTA_ISR
0000963b   _MRINTB_ISR
00009659   _MXINTA_ISR
00009645   _MXINTB_ISR
00005000   _McbspaRegs
00005040   _McbspbRegs
0000948d   _NMI_ISR
0000976a   _PIE_RESERVED
00000ce0   _PieCtrlRegs
00000d00   _PieVectTable
0000c52c   _PieVectTableInit
00009479   _RTOSINT_ISR
000096c7   _SCIRXINTA_ISR
000096db   _SCIRXINTB_ISR
000096b3   _SCIRXINTC_ISR
000096d1   _SCITXINTA_ISR
000096e5   _SCITXINTB_ISR
000096bd   _SCITXINTC_ISR
0000c4c0   _SDCardInfo
00009eca   _SD_Init
00009ee0   _SD_ReadBlock
00009ef7   _SD_ReadMultiBlocks
0000c4be   _SD_Stat
00009f0f   _SD_WriteBlock
00009f26   _SD_WriteMultiBlocks
00009519   _SEQ1INT_ISR
00009523   _SEQ2INT_ISR
00009627   _SPIRXINTA_ISR
00009631   _SPITXINTA_ISR
00007050   _SciaRegs
00007750   _ScibRegs
00007770   _ScicRegs
000099d4   _ServiceDog
00007040   _SpiaRegs
00007010   _SysCtrlRegs
0000954b   _TINT0_ISR
000094fb   _USER10_ISR
00009505   _USER11_ISR
0000950f   _USER12_ISR
000094a1   _USER1_ISR
000094ab   _USER2_ISR
000094b5   _USER3_ISR
000094bf   _USER4_ISR
000094c9   _USER5_ISR
000094d3   _USER6_ISR
000094dd   _USER7_ISR
000094e7   _USER8_ISR
000094f1   _USER9_ISR
00009555   _WAKEINT_ISR
0000952d   _XINT1_ISR
00009537   _XINT2_ISR
00009717   _XINT3_ISR
00009721   _XINT4_ISR
0000972b   _XINT5_ISR
00009735   _XINT6_ISR
0000973f   _XINT7_ISR
00007070   _XIntruptRegs
00000b20   _XintfRegs
000007e8   __STACK_END
000003e8   __STACK_SIZE
00000001   __TI_args_main
ffffffff   ___binit__
ffffffff   ___c_args__
0000a111   ___cinit__
0000a111   ___etext__
0000a08d   ___memcpy_ff
ffffffff   ___pinit__
00008000   ___text__
0000a0ce   __args_main
0000c4ba   __cleanup_ptr
0000c4bc   __dtors_ptr
0000c4b8   __lock
0000a108   __nop
0000a104   __register_lock
0000a100   __register_unlock
00000400   __stack
0000c4b6   __unlock
0000a0e7   _abort
0000c001   _br
00009ff3   _c_int00
0000c504   _card_status
0000c51b   _cid_contents
0000814f   _clust2sect
0000c503   _crc_enabled
0000c50b   _csd_contents
0000c501   _data_manipulation
00009dc5   _disk_initialize
00009e23   _disk_ioctl
00009dee   _disk_read
00009de1   _disk_status
00009e0a   _disk_write
0000a0e9   _exit
0000932e   _f_chmod
00008e9e   _f_close
00009089   _f_getfree
00008eac   _f_lseek
00009227   _f_mkdir
00008a92   _f_mount
00008ab4   _f_open
00008fd6   _f_opendir
00008bc4   _f_read
0000902b   _f_readdir
000093a4   _f_rename
00009064   _f_stat
00008e0b   _f_sync
00009144   _f_truncate
000091af   _f_unlink
00009365   _f_utime
00008cd4   _f_write
0000c280   _fs
0000c040   _fsrc
00008167   _get_fat
00009e4b   _get_fattime
0000c502   _high_capacity
00009fa3   _main
0000c506   _ocr_contents
0000820c   _put_fat
0000c000   _res
0000c500   _response
00009774   _rsvd_ISR
0000978b   _sd_card_insertion
00009cb1   _sd_cid_csd_response
00009d9a   _sd_command_response
00009d6e   _sd_crc7
00009c1d   _sd_data_response
00009f3e   _sd_erase_block
00009dbb   _sd_error
0000979e   _sd_initialization
00009c9a   _sd_ocr_response
00009ba0   _sd_read_block
00009bd0   _sd_read_multiple_block
00009c6c   _sd_read_register
00009cee   _sd_send_status
000097f5   _sd_version1_initialization
00009858   _sd_version2_initialization
00009ab9   _sd_write_block
00009b38   _sd_write_data
00009af0   _sd_write_multiple_block
0000977e   _spi_initialization
00009d1f   _spi_xmit_byte
00009d2d   _spi_xmit_command
0000c002   _textFileBuffer
ffffffff   binit
0000a111   cinit
00000000   code_start
0000a111   etext
ffffffff   pinit


GLOBAL SYMBOLS: SORTED BY Symbol Address 

address    name
--------   ----
00000000   code_start
00000001   __TI_args_main
000003e8   __STACK_SIZE
00000400   __stack
000007e8   __STACK_END
00000880   _DevEmuRegs
00000a80   _FlashRegs
00000ae0   _CsmRegs
00000b00   _AdcMirror
00000b20   _XintfRegs
00000c00   _CpuTimer0Regs
00000c08   _CpuTimer1Regs
00000c10   _CpuTimer2Regs
00000ce0   _PieCtrlRegs
00000d00   _PieVectTable
00001000   _DmaRegs
00005000   _McbspaRegs
00005040   _McbspbRegs
00006000   _ECanaRegs
00006040   _ECanaLAMRegs
00006080   _ECanaMOTSRegs
000060c0   _ECanaMOTORegs
00006100   _ECanaMboxes
00006200   _ECanbRegs
00006240   _ECanbLAMRegs
00006280   _ECanbMOTSRegs
000062c0   _ECanbMOTORegs
00006300   _ECanbMboxes
00006800   _EPwm1Regs
00006840   _EPwm2Regs
00006880   _EPwm3Regs
000068c0   _EPwm4Regs
00006900   _EPwm5Regs
00006940   _EPwm6Regs
00006a00   _ECap1Regs
00006a20   _ECap2Regs
00006a40   _ECap3Regs
00006a60   _ECap4Regs
00006a80   _ECap5Regs
00006aa0   _ECap6Regs
00006b00   _EQep1Regs
00006b40   _EQep2Regs
00006f80   _GpioCtrlRegs
00006fc0   _GpioDataRegs
00006fe0   _GpioIntRegs
00007010   _SysCtrlRegs
00007040   _SpiaRegs
00007050   _SciaRegs
00007070   _XIntruptRegs
00007100   _AdcRegs
00007750   _ScibRegs
00007770   _ScicRegs
00007900   _I2caRegs
00008000   .text
00008000   ___text__
0000814f   _clust2sect
00008167   _get_fat
0000820c   _put_fat
00008a92   _f_mount
00008ab4   _f_open
00008bc4   _f_read
00008cd4   _f_write
00008e0b   _f_sync
00008e9e   _f_close
00008eac   _f_lseek
00008fd6   _f_opendir
0000902b   _f_readdir
00009064   _f_stat
00009089   _f_getfree
00009144   _f_truncate
000091af   _f_unlink
00009227   _f_mkdir
0000932e   _f_chmod
00009365   _f_utime
000093a4   _f_rename
0000945b   _INT13_ISR
00009465   _INT14_ISR
0000946f   _DATALOG_ISR
00009479   _RTOSINT_ISR
00009483   _EMUINT_ISR
0000948d   _NMI_ISR
00009497   _ILLEGAL_ISR
000094a1   _USER1_ISR
000094ab   _USER2_ISR
000094b5   _USER3_ISR
000094bf   _USER4_ISR
000094c9   _USER5_ISR
000094d3   _USER6_ISR
000094dd   _USER7_ISR
000094e7   _USER8_ISR
000094f1   _USER9_ISR
000094fb   _USER10_ISR
00009505   _USER11_ISR
0000950f   _USER12_ISR
00009519   _SEQ1INT_ISR
00009523   _SEQ2INT_ISR
0000952d   _XINT1_ISR
00009537   _XINT2_ISR
00009541   _ADCINT_ISR
0000954b   _TINT0_ISR
00009555   _WAKEINT_ISR
0000955f   _EPWM1_TZINT_ISR
00009569   _EPWM2_TZINT_ISR
00009573   _EPWM3_TZINT_ISR
0000957d   _EPWM4_TZINT_ISR
00009587   _EPWM5_TZINT_ISR
00009591   _EPWM6_TZINT_ISR
0000959b   _EPWM1_INT_ISR
000095a5   _EPWM2_INT_ISR
000095af   _EPWM3_INT_ISR
000095b9   _EPWM4_INT_ISR
000095c3   _EPWM5_INT_ISR
000095cd   _EPWM6_INT_ISR
000095d7   _ECAP1_INT_ISR
000095e1   _ECAP2_INT_ISR
000095eb   _ECAP3_INT_ISR
000095f5   _ECAP4_INT_ISR
000095ff   _ECAP5_INT_ISR
00009609   _ECAP6_INT_ISR
00009613   _EQEP1_INT_ISR
0000961d   _EQEP2_INT_ISR
00009627   _SPIRXINTA_ISR
00009631   _SPITXINTA_ISR
0000963b   _MRINTB_ISR
00009645   _MXINTB_ISR
0000964f   _MRINTA_ISR
00009659   _MXINTA_ISR
00009663   _DINTCH1_ISR
0000966d   _DINTCH2_ISR
00009677   _DINTCH3_ISR
00009681   _DINTCH4_ISR
0000968b   _DINTCH5_ISR
00009695   _DINTCH6_ISR
0000969f   _I2CINT1A_ISR
000096a9   _I2CINT2A_ISR
000096b3   _SCIRXINTC_ISR
000096bd   _SCITXINTC_ISR
000096c7   _SCIRXINTA_ISR
000096d1   _SCITXINTA_ISR
000096db   _SCIRXINTB_ISR
000096e5   _SCITXINTB_ISR
000096ef   _ECAN0INTA_ISR
000096f9   _ECAN1INTA_ISR
00009703   _ECAN0INTB_ISR
0000970d   _ECAN1INTB_ISR
00009717   _XINT3_ISR
00009721   _XINT4_ISR
0000972b   _XINT5_ISR
00009735   _XINT6_ISR
0000973f   _XINT7_ISR
00009749   _LVF_ISR
00009753   _LUF_ISR
0000975d   _EMPTY_ISR
0000976a   _PIE_RESERVED
00009774   _rsvd_ISR
0000977e   _spi_initialization
0000978b   _sd_card_insertion
0000979e   _sd_initialization
000097f5   _sd_version1_initialization
00009858   _sd_version2_initialization
000098d5   _InitXintf
0000992a   _InitXintf32Gpio
00009971   _InitXintf16Gpio
000099cb   _InitSysCtrl
000099d4   _ServiceDog
000099de   _DisableDog
000099e6   _InitPll
00009a32   _InitPeripheralClocks
00009a88   _CsmUnlock
00009ab9   _sd_write_block
00009af0   _sd_write_multiple_block
00009b38   _sd_write_data
00009ba0   _sd_read_block
00009bd0   _sd_read_multiple_block
00009c1d   _sd_data_response
00009c6c   _sd_read_register
00009c9a   _sd_ocr_response
00009cb1   _sd_cid_csd_response
00009cee   _sd_send_status
00009d1f   _spi_xmit_byte
00009d2d   _spi_xmit_command
00009d6e   _sd_crc7
00009d9a   _sd_command_response
00009dbb   _sd_error
00009dc5   _disk_initialize
00009de1   _disk_status
00009dee   _disk_read
00009e0a   _disk_write
00009e23   _disk_ioctl
00009e4b   _get_fattime
00009e4e   _InitCpuTimers
00009e8f   _ConfigCpuTimer
00009eca   _SD_Init
00009ee0   _SD_ReadBlock
00009ef7   _SD_ReadMultiBlocks
00009f0f   _SD_WriteBlock
00009f26   _SD_WriteMultiBlocks
00009f3e   _sd_erase_block
00009fa3   _main
00009ff3   _c_int00
0000a039   _InitSpi
0000a03a   _InitSpiGpio
0000a03d   _InitSpiaGpio
0000a065   _InitPieCtrl
0000a084   _EnableInterrupts
0000a08d   ___memcpy_ff
0000a0ae   _InitPieVectTable
0000a0ce   __args_main
0000a0e7   C$$EXIT
0000a0e7   _abort
0000a0e9   _exit
0000a100   __register_unlock
0000a104   __register_lock
0000a108   __nop
0000a111   ___cinit__
0000a111   ___etext__
0000a111   cinit
0000a111   etext
0000a153   _InitFlash
0000a16e   _DSP28x_usDelay
0000c000   _res
0000c001   _br
0000c002   _textFileBuffer
0000c040   _fsrc
0000c280   _fs
0000c49a   _CpuTimer1
0000c4a2   _CpuTimer2
0000c4aa   _CpuTimer0
0000c4b6   __unlock
0000c4b8   __lock
0000c4ba   __cleanup_ptr
0000c4bc   __dtors_ptr
0000c4be   _SD_Stat
0000c4c0   _SDCardInfo
0000c500   _response
0000c501   _data_manipulation
0000c502   _high_capacity
0000c503   _crc_enabled
0000c504   _card_status
0000c506   _ocr_contents
0000c50b   _csd_contents
0000c51b   _cid_contents
0000c52c   _PieVectTableInit
0033fff8   _CsmPwl
ffffffff   ___binit__
ffffffff   ___c_args__
ffffffff   ___pinit__
ffffffff   binit
ffffffff   pinit

[249 symbols]
