******************************************************************************
             TMS320C2000 Linker PC v6.1.3                      
******************************************************************************
>> Linked Fri Jul 21 13:39:32 2017

OUTPUT FILE NAME:   <SCI_test.out>
ENTRY POINT SYMBOL: "_c_int00"  address: 00339b45


MEMORY CONFIGURATION

         name            origin    length      used     unused   attr    fill
----------------------  --------  ---------  --------  --------  ----  --------
PAGE 0:
  ZONE0                 00004000   00001000  00000000  00001000  RWIX
  RAML0                 00008000   00001000  0000001f  00000fe1  RWIX
  RAML1                 00009000   00001000  00000000  00001000  RWIX
  RAML2                 0000a000   00001000  00000000  00001000  RWIX
  RAML3                 0000b000   00001000  00000000  00001000  RWIX
  ZONE6A                00100000   0000fc00  00000000  0000fc00  RWIX
  ZONE7                 00200000   00100000  00000000  00100000  RWIX
  FLASHH                00300000   00008000  00000000  00008000  RWIX
  FLASHG                00308000   00008000  00000000  00008000  RWIX
  FLASHF                00310000   00008000  00000000  00008000  RWIX
  FLASHE                00318000   00008000  00000000  00008000  RWIX
  FLASHD                00320000   00008000  0000001f  00007fe1  RWIX
  FLASHC                00328000   00008000  00000000  00008000  RWIX
  FLASHA                00338000   00007f80  00001fa1  00005fdf  RWIX
  CSM_RSVD              0033ff80   00000076  00000000  00000076  RWIX
  BEGIN                 0033fff6   00000002  00000002  00000000  RWIX
  CSM_PWL               0033fff8   00000008  00000000  00000008  RWIX
  ADC_CAL               00380080   00000009  00000007  00000002  RWIX
  OTP                   00380400   00000400  00000000  00000400  RWIX
  IQTABLES              003fe000   00000b50  00000000  00000b50  RWIX
  IQTABLES2             003feb50   0000008c  00000000  0000008c  RWIX
  FPUTABLES             003febdc   000006a0  00000000  000006a0  RWIX
  ROM                   003ff27c   00000d44  00000000  00000d44  RWIX
  RESET                 003fffc0   00000002  00000000  00000002  RWIX
  VECTORS               003fffc2   0000003e  00000000  0000003e  RWIX

PAGE 1:
  BOOT_RSVD             00000000   00000050  00000000  00000050  RWIX
  RAMM0                 00000050   000003b0  00000000  000003b0  RWIX
  RAMM1                 00000400   00000400  00000300  00000100  RWIX
  DEV_EMU               00000880   00000180  000000d0  000000b0  RWIX
  FLASH_REGS            00000a80   00000060  00000008  00000058  RWIX
  CSM                   00000ae0   00000010  00000010  00000000  RWIX
  ADC_MIRROR            00000b00   00000010  00000010  00000000  RWIX
  XINTF                 00000b20   00000020  0000001e  00000002  RWIX
  CPU_TIMER0            00000c00   00000008  00000008  00000000  RWIX
  CPU_TIMER1            00000c08   00000008  00000008  00000000  RWIX
  CPU_TIMER2            00000c10   00000008  00000008  00000000  RWIX
  PIE_CTRL              00000ce0   00000020  0000001a  00000006  RWIX
  PIE_VECT              00000d00   00000100  00000100  00000000  RWIX
  DMA                   00001000   00000200  000000e0  00000120  RWIX
  MCBSPA                00005000   00000040  00000025  0000001b  RWIX
  MCBSPB                00005040   00000040  00000025  0000001b  RWIX
  ECANA                 00006000   00000040  00000034  0000000c  RWIX
  ECANA_LAM             00006040   00000040  00000040  00000000  RWIX
  ECANA_MOTS            00006080   00000040  00000040  00000000  RWIX
  ECANA_MOTO            000060c0   00000040  00000040  00000000  RWIX
  ECANA_MBOX            00006100   00000100  00000100  00000000  RWIX
  ECANB                 00006200   00000040  00000034  0000000c  RWIX
  ECANB_LAM             00006240   00000040  00000040  00000000  RWIX
  ECANB_MOTS            00006280   00000040  00000040  00000000  RWIX
  ECANB_MOTO            000062c0   00000040  00000040  00000000  RWIX
  ECANB_MBOX            00006300   00000100  00000100  00000000  RWIX
  EPWM1                 00006800   00000022  00000022  00000000  RWIX
  EPWM2                 00006840   00000022  00000022  00000000  RWIX
  EPWM3                 00006880   00000022  00000022  00000000  RWIX
  EPWM4                 000068c0   00000022  00000022  00000000  RWIX
  EPWM5                 00006900   00000022  00000022  00000000  RWIX
  EPWM6                 00006940   00000022  00000022  00000000  RWIX
  ECAP1                 00006a00   00000020  00000020  00000000  RWIX
  ECAP2                 00006a20   00000020  00000020  00000000  RWIX
  ECAP3                 00006a40   00000020  00000020  00000000  RWIX
  ECAP4                 00006a60   00000020  00000020  00000000  RWIX
  ECAP5                 00006a80   00000020  00000020  00000000  RWIX
  ECAP6                 00006aa0   00000020  00000020  00000000  RWIX
  EQEP1                 00006b00   00000040  00000040  00000000  RWIX
  EQEP2                 00006b40   00000040  00000040  00000000  RWIX
  GPIOCTRL              00006f80   00000040  0000002e  00000012  RWIX
  GPIODAT               00006fc0   00000020  00000020  00000000  RWIX
  GPIOINT               00006fe0   00000020  0000000a  00000016  RWIX
  SYSTEM                00007010   00000020  00000020  00000000  RWIX
  SPIA                  00007040   00000010  00000010  00000000  RWIX
  SCIA                  00007050   00000010  00000010  00000000  RWIX
  XINTRUPT              00007070   00000010  00000010  00000000  RWIX
  ADC                   00007100   00000020  0000001e  00000002  RWIX
  SCIB                  00007750   00000010  00000010  00000000  RWIX
  SCIC                  00007770   00000010  00000010  00000000  RWIX
  I2CA                  00007900   00000040  00000022  0000001e  RWIX
  RAML4                 0000c000   00001500  0000128e  00000272  RWIX
  RAML5                 0000d500   00000b00  00000000  00000b00  RWIX
  RAML6                 0000e000   00001000  00000000  00001000  RWIX
  RAML7                 0000f000   00001000  00000000  00001000  RWIX
  ZONE6B                0010fc00   00000400  00000000  00000400  RWIX
  FLASHB                00330000   00008000  00000000  00008000  RWIX
  CSM_PWL               0033fff8   00000008  00000008  00000000  RWIX


SECTION ALLOCATION MAP

 output                                  attributes/
section   page    origin      length       input sections
--------  ----  ----------  ----------   ----------------
.pinit     0    00338000    00000000     UNINITIALIZED

ramfuncs   0    00320000    0000001f     RUN ADDR = 00008000
                  00320000    0000001b     DSP2833x_SysCtrl.obj (ramfuncs)
                  0032001b    00000004     DSP2833x_usDelay.obj (ramfuncs)

.text      0    00338000    00001d28     
                  00338000    00000710     USER_Sliding.obj (.text)
                  00338710    00000564     USER_Motion.obj (.text)
                  00338c74    00000323     DSP2833x_DefaultIsr.obj (.text:retain)
                  00338f97    00000320     USER_Sci.obj (.text)
                  003392b7    00000205     USER_Pwm.obj (.text)
                  003394bc    000001f7     USER_Common.obj (.text)
                  003396b3    00000139     USER_Sensor.obj (.text:retain)
                  003397ec    000000f6     DSP2833x_Xintf.obj (.text)
                  003398e2    000000f3     DSP2833x_SysCtrl.obj (.text)
                  003399d5    00000088     rts2800_fpu32.lib : fs_div.obj (.text)
                  00339a5d    0000007c     DSP2833x_CpuTimers.obj (.text)
                  00339ad9    0000006c     USER_Sci.obj (.text:retain)
                  00339b45    00000046     rts2800_fpu32.lib : boot.obj (.text)
                  00339b8b    00000043     USER_Distance.obj (.text:retain)
                  00339bce    0000003f     DSP2833x_Sci.obj (.text)
                  00339c0d    0000002c     DSP2833x_Spi.obj (.text)
                  00339c39    00000028     DSP2833x_PieCtrl.obj (.text)
                  00339c61    00000028     SCI.obj (.text)
                  00339c89    00000020     DSP2833x_PieVect.obj (.text)
                  00339ca9    0000001a     USER_Spi.obj (.text)
                  00339cc3    00000019     rts2800_fpu32.lib : args_main.obj (.text)
                  00339cdc    00000019                       : exit.obj (.text)
                  00339cf5    00000015     DSP2833x_MemCopy.obj (.text)
                  00339d0a    0000000b     rts2800_fpu32.lib : u_div.obj (.text)
                  00339d15    00000009                       : _lock.obj (.text)
                  00339d1e    00000008     DSP2833x_CodeStartBranch.obj (.text)
                  00339d26    00000001     USER_Distance.obj (.text)
                  00339d27    00000001     USER_Sensor.obj (.text)

.cinit     0    00339d28    0000014e     
                  00339d28    00000089     SCI.obj (.cinit)
                  00339db1    00000044     USER_Motion.obj (.cinit)
                  00339df5    00000033     USER_Sensor.obj (.cinit)
                  00339e28    00000024     USER_Sliding.obj (.cinit)
                  00339e4c    00000010     USER_Sci.obj (.cinit)
                  00339e5c    0000000a     rts2800_fpu32.lib : _lock.obj (.cinit)
                  00339e66    0000000a                       : exit.obj (.cinit)
                  00339e70    00000004     USER_Distance.obj (.cinit)
                  00339e74    00000002     --HOLE-- [fill = 0]

.econst    0    00339e76    0000012b     
                  00339e76    00000100     DSP2833x_PieVect.obj (.econst)
                  00339f76    00000020     USER_Pwm.obj (.econst:_T_Matrix)
                  00339f96    00000008     USER_Pwm.obj (.econst:_$P$T0$1)
                  00339f9e    00000003     USER_Sci.obj (.econst:.string)

codestart 
*          0    0033fff6    00000002     
                  0033fff6    00000002     DSP2833x_CodeStartBranch.obj (codestart)

.adc_cal   0    00380080    00000007     NOLOAD SECTION
                  00380080    00000007     DSP2833x_ADC_cal.obj (.adc_cal)

.reset     0    003fffc0    00000002     DSECT
                  003fffc0    00000002     rts2800_fpu32.lib : boot.obj (.reset)

vectors    0    003fffc2    00000000     DSECT

.stack     1    00000400    00000300     UNINITIALIZED
                  00000400    00000300     --HOLE--

DevEmuRegsFile 
*          1    00000880    000000d0     UNINITIALIZED
                  00000880    000000d0     DSP2833x_GlobalVariableDefs.obj (DevEmuRegsFile)

FlashRegsFile 
*          1    00000a80    00000008     UNINITIALIZED
                  00000a80    00000008     DSP2833x_GlobalVariableDefs.obj (FlashRegsFile)

CsmRegsFile 
*          1    00000ae0    00000010     UNINITIALIZED
                  00000ae0    00000010     DSP2833x_GlobalVariableDefs.obj (CsmRegsFile)

AdcMirrorFile 
*          1    00000b00    00000010     UNINITIALIZED
                  00000b00    00000010     DSP2833x_GlobalVariableDefs.obj (AdcMirrorFile)

XintfRegsFile 
*          1    00000b20    0000001e     UNINITIALIZED
                  00000b20    0000001e     DSP2833x_GlobalVariableDefs.obj (XintfRegsFile)

CpuTimer0RegsFile 
*          1    00000c00    00000008     UNINITIALIZED
                  00000c00    00000008     DSP2833x_GlobalVariableDefs.obj (CpuTimer0RegsFile)

CpuTimer1RegsFile 
*          1    00000c08    00000008     UNINITIALIZED
                  00000c08    00000008     DSP2833x_GlobalVariableDefs.obj (CpuTimer1RegsFile)

CpuTimer2RegsFile 
*          1    00000c10    00000008     UNINITIALIZED
                  00000c10    00000008     DSP2833x_GlobalVariableDefs.obj (CpuTimer2RegsFile)

PieCtrlRegsFile 
*          1    00000ce0    0000001a     UNINITIALIZED
                  00000ce0    0000001a     DSP2833x_GlobalVariableDefs.obj (PieCtrlRegsFile)

PieVectTableFile 
*          1    00000d00    00000100     UNINITIALIZED
                  00000d00    00000100     DSP2833x_GlobalVariableDefs.obj (PieVectTableFile)

DmaRegsFile 
*          1    00001000    000000e0     UNINITIALIZED
                  00001000    000000e0     DSP2833x_GlobalVariableDefs.obj (DmaRegsFile)

McbspaRegsFile 
*          1    00005000    00000025     UNINITIALIZED
                  00005000    00000025     DSP2833x_GlobalVariableDefs.obj (McbspaRegsFile)

McbspbRegsFile 
*          1    00005040    00000025     UNINITIALIZED
                  00005040    00000025     DSP2833x_GlobalVariableDefs.obj (McbspbRegsFile)

ECanaRegsFile 
*          1    00006000    00000034     UNINITIALIZED
                  00006000    00000034     DSP2833x_GlobalVariableDefs.obj (ECanaRegsFile)

ECanaLAMRegsFile 
*          1    00006040    00000040     UNINITIALIZED
                  00006040    00000040     DSP2833x_GlobalVariableDefs.obj (ECanaLAMRegsFile)

ECanaMOTSRegsFile 
*          1    00006080    00000040     UNINITIALIZED
                  00006080    00000040     DSP2833x_GlobalVariableDefs.obj (ECanaMOTSRegsFile)

ECanaMOTORegsFile 
*          1    000060c0    00000040     UNINITIALIZED
                  000060c0    00000040     DSP2833x_GlobalVariableDefs.obj (ECanaMOTORegsFile)

ECanaMboxesFile 
*          1    00006100    00000100     UNINITIALIZED
                  00006100    00000100     DSP2833x_GlobalVariableDefs.obj (ECanaMboxesFile)

ECanbRegsFile 
*          1    00006200    00000034     UNINITIALIZED
                  00006200    00000034     DSP2833x_GlobalVariableDefs.obj (ECanbRegsFile)

ECanbLAMRegsFile 
*          1    00006240    00000040     UNINITIALIZED
                  00006240    00000040     DSP2833x_GlobalVariableDefs.obj (ECanbLAMRegsFile)

ECanbMOTSRegsFile 
*          1    00006280    00000040     UNINITIALIZED
                  00006280    00000040     DSP2833x_GlobalVariableDefs.obj (ECanbMOTSRegsFile)

ECanbMOTORegsFile 
*          1    000062c0    00000040     UNINITIALIZED
                  000062c0    00000040     DSP2833x_GlobalVariableDefs.obj (ECanbMOTORegsFile)

ECanbMboxesFile 
*          1    00006300    00000100     UNINITIALIZED
                  00006300    00000100     DSP2833x_GlobalVariableDefs.obj (ECanbMboxesFile)

EPwm1RegsFile 
*          1    00006800    00000022     UNINITIALIZED
                  00006800    00000022     DSP2833x_GlobalVariableDefs.obj (EPwm1RegsFile)

EPwm2RegsFile 
*          1    00006840    00000022     UNINITIALIZED
                  00006840    00000022     DSP2833x_GlobalVariableDefs.obj (EPwm2RegsFile)

EPwm3RegsFile 
*          1    00006880    00000022     UNINITIALIZED
                  00006880    00000022     DSP2833x_GlobalVariableDefs.obj (EPwm3RegsFile)

EPwm4RegsFile 
*          1    000068c0    00000022     UNINITIALIZED
                  000068c0    00000022     DSP2833x_GlobalVariableDefs.obj (EPwm4RegsFile)

EPwm5RegsFile 
*          1    00006900    00000022     UNINITIALIZED
                  00006900    00000022     DSP2833x_GlobalVariableDefs.obj (EPwm5RegsFile)

EPwm6RegsFile 
*          1    00006940    00000022     UNINITIALIZED
                  00006940    00000022     DSP2833x_GlobalVariableDefs.obj (EPwm6RegsFile)

ECap1RegsFile 
*          1    00006a00    00000020     UNINITIALIZED
                  00006a00    00000020     DSP2833x_GlobalVariableDefs.obj (ECap1RegsFile)

ECap2RegsFile 
*          1    00006a20    00000020     UNINITIALIZED
                  00006a20    00000020     DSP2833x_GlobalVariableDefs.obj (ECap2RegsFile)

ECap3RegsFile 
*          1    00006a40    00000020     UNINITIALIZED
                  00006a40    00000020     DSP2833x_GlobalVariableDefs.obj (ECap3RegsFile)

ECap4RegsFile 
*          1    00006a60    00000020     UNINITIALIZED
                  00006a60    00000020     DSP2833x_GlobalVariableDefs.obj (ECap4RegsFile)

ECap5RegsFile 
*          1    00006a80    00000020     UNINITIALIZED
                  00006a80    00000020     DSP2833x_GlobalVariableDefs.obj (ECap5RegsFile)

ECap6RegsFile 
*          1    00006aa0    00000020     UNINITIALIZED
                  00006aa0    00000020     DSP2833x_GlobalVariableDefs.obj (ECap6RegsFile)

EQep1RegsFile 
*          1    00006b00    00000040     UNINITIALIZED
                  00006b00    00000040     DSP2833x_GlobalVariableDefs.obj (EQep1RegsFile)

EQep2RegsFile 
*          1    00006b40    00000040     UNINITIALIZED
                  00006b40    00000040     DSP2833x_GlobalVariableDefs.obj (EQep2RegsFile)

GpioCtrlRegsFile 
*          1    00006f80    0000002e     UNINITIALIZED
                  00006f80    0000002e     DSP2833x_GlobalVariableDefs.obj (GpioCtrlRegsFile)

GpioDataRegsFile 
*          1    00006fc0    00000020     UNINITIALIZED
                  00006fc0    00000020     DSP2833x_GlobalVariableDefs.obj (GpioDataRegsFile)

GpioIntRegsFile 
*          1    00006fe0    0000000a     UNINITIALIZED
                  00006fe0    0000000a     DSP2833x_GlobalVariableDefs.obj (GpioIntRegsFile)

SysCtrlRegsFile 
*          1    00007010    00000020     UNINITIALIZED
                  00007010    00000020     DSP2833x_GlobalVariableDefs.obj (SysCtrlRegsFile)

SpiaRegsFile 
*          1    00007040    00000010     UNINITIALIZED
                  00007040    00000010     DSP2833x_GlobalVariableDefs.obj (SpiaRegsFile)

SciaRegsFile 
*          1    00007050    00000010     UNINITIALIZED
                  00007050    00000010     DSP2833x_GlobalVariableDefs.obj (SciaRegsFile)

XIntruptRegsFile 
*          1    00007070    00000010     UNINITIALIZED
                  00007070    00000010     DSP2833x_GlobalVariableDefs.obj (XIntruptRegsFile)

AdcRegsFile 
*          1    00007100    0000001e     UNINITIALIZED
                  00007100    0000001e     DSP2833x_GlobalVariableDefs.obj (AdcRegsFile)

ScibRegsFile 
*          1    00007750    00000010     UNINITIALIZED
                  00007750    00000010     DSP2833x_GlobalVariableDefs.obj (ScibRegsFile)

ScicRegsFile 
*          1    00007770    00000010     UNINITIALIZED
                  00007770    00000010     DSP2833x_GlobalVariableDefs.obj (ScicRegsFile)

I2caRegsFile 
*          1    00007900    00000022     UNINITIALIZED
                  00007900    00000022     DSP2833x_GlobalVariableDefs.obj (I2caRegsFile)

.ebss      1    0000c000    0000128e     UNINITIALIZED
                  0000c000    00001220     SCI.obj (.ebss)
                  0000d220    00000020     USER_Sliding.obj (.ebss)
                  0000d240    00000018     DSP2833x_CpuTimers.obj (.ebss)
                  0000d258    00000014     USER_Motion.obj (.ebss)
                  0000d26c    00000013     USER_Sensor.obj (.ebss)
                  0000d27f    00000001     --HOLE--
                  0000d280    00000004     USER_Sci.obj (.ebss)
                  0000d284    00000004     rts2800_fpu32.lib : _lock.obj (.ebss)
                  0000d288    00000004                       : exit.obj (.ebss)
                  0000d28c    00000002     USER_Distance.obj (.ebss)

CsmPwlFile 
*          1    0033fff8    00000008     UNINITIALIZED
                  0033fff8    00000008     DSP2833x_GlobalVariableDefs.obj (CsmPwlFile)


GLOBAL SYMBOLS: SORTED ALPHABETICALLY BY Name 

address    name
--------   ----
00338000   .text
00339cdc   C$$EXIT
003399d5   FS$$DIV
00339d0a   U$$DIV
00339d0f   U$$MOD
00338d5a   _ADCINT_ISR
00380080   _ADC_cal
0000c040   _AHRS_Data
0000c000   _AHRS_RX_Flag
0000c080   _AHRS_Rx_Buffer
0000c006   _AUV_State
00000b00   _AdcMirror
00007100   _AdcRegs
0000d26e   _Alt
0000c280   _Buff_Total
0033950c   _Circle_Led
00339a9e   _ConfigCpuTimer
0000c003   _Control_Time
0000d250   _CpuTimer0
00000c00   _CpuTimer0Regs
0000d240   _CpuTimer1
00000c08   _CpuTimer1Regs
0000d248   _CpuTimer2
00000c10   _CpuTimer2Regs
0033fff8   _CsmPwl
00000ae0   _CsmRegs
003399a4   _CsmUnlock
00338c88   _DATALOG_ISR
00338e7c   _DINTCH1_ISR
00338e86   _DINTCH2_ISR
00338e90   _DINTCH3_ISR
00338e9a   _DINTCH4_ISR
00338ea4   _DINTCH5_ISR
00338eae   _DINTCH6_ISR
0000801b   _DSP28x_usDelay
00338f97   _DataInter_AHRS
00338fa0   _DataInter_Pc
0033964b   _Delay_1ms
0033965e   _Delay_Nms
00000880   _DevEmuRegs
003398f5   _DisableDog
00339b8b   _DistanceIstr
00001000   _DmaRegs
00338f08   _ECAN0INTA_ISR
00338f1c   _ECAN0INTB_ISR
00338f12   _ECAN1INTA_ISR
00338f26   _ECAN1INTB_ISR
00338df0   _ECAP1_INT_ISR
00338dfa   _ECAP2_INT_ISR
00338e04   _ECAP3_INT_ISR
00338e0e   _ECAP4_INT_ISR
00338e18   _ECAP5_INT_ISR
00338e22   _ECAP6_INT_ISR
00006040   _ECanaLAMRegs
000060c0   _ECanaMOTORegs
00006080   _ECanaMOTSRegs
00006100   _ECanaMboxes
00006000   _ECanaRegs
00006240   _ECanbLAMRegs
000062c0   _ECanbMOTORegs
00006280   _ECanbMOTSRegs
00006300   _ECanbMboxes
00006200   _ECanbRegs
00006a00   _ECap1Regs
00006a20   _ECap2Regs
00006a40   _ECap3Regs
00006a60   _ECap4Regs
00006a80   _ECap5Regs
00006aa0   _ECap6Regs
00338f76   _EMPTY_ISR
00338c9c   _EMUINT_ISR
00338db4   _EPWM1_INT_ISR
00338d78   _EPWM1_TZINT_ISR
00338dbe   _EPWM2_INT_ISR
00338d82   _EPWM2_TZINT_ISR
00338dc8   _EPWM3_INT_ISR
00338d8c   _EPWM3_TZINT_ISR
00338dd2   _EPWM4_INT_ISR
00338d96   _EPWM4_TZINT_ISR
00338ddc   _EPWM5_INT_ISR
00338da0   _EPWM5_TZINT_ISR
00338de6   _EPWM6_INT_ISR
00338daa   _EPWM6_TZINT_ISR
00006800   _EPwm1Regs
00006840   _EPwm2Regs
00006880   _EPwm3Regs
000068c0   _EPwm4Regs
00006900   _EPwm5Regs
00006940   _EPwm6Regs
003393a2   _EPwmSetup1
003393a9   _EPwmSetup2
003393b0   _EPwmSetup3
003393b7   _EPwmSetup4
003392b7   _EPwm_Init
00338e2c   _EQEP1_INT_ISR
00338e36   _EQEP2_INT_ISR
00006b00   _EQep1Regs
00006b40   _EQep2Regs
00339c58   _EnableInterrupts
00000a80   _FlashRegs
0000c010   _Force
00006f80   _GpioCtrlRegs
00006fc0   _GpioDataRegs
00006fe0   _GpioIntRegs
00339644   _Gpio_Init
00338eb8   _I2CINT1A_ISR
00338ec2   _I2CINT2A_ISR
00007900   _I2caRegs
00338cb0   _ILLEGAL_ISR
00338c74   _INT13_ISR
00338c7e   _INT14_ISR
00339791   _ISRTimer0
00339a5d   _InitCpuTimers
00008000   _InitFlash
00339949   _InitPeripheralClocks
00339c39   _InitPieCtrl
00339c89   _InitPieVectTable
003398fd   _InitPll
00339bce   _InitSci
00339bcf   _InitSciGpio
00339bd2   _InitSciaGpio
00339be7   _InitScibGpio
00339bf7   _InitScicGpio
00339c0d   _InitSpi
00339c0e   _InitSpiGpio
00339c11   _InitSpiaGpio
003398e2   _InitSysCtrl
003397ec   _InitXintf
00339888   _InitXintf16Gpio
00339841   _InitXintf32Gpio
00339529   _IntTime_Config
0000c00c   _KD
0000c00a   _KI
0000c008   _KP
00338f6c   _LUF_ISR
00338f62   _LVF_ISR
0000c004   _Last_AUV_State
003394e8   _Led_Drive
003394a5   _MOTOR_STOP
00339464   _MOTOR_TRAN
00338e68   _MRINTA_ISR
00338e54   _MRINTB_ISR
00338e72   _MXINTA_ISR
00338e5e   _MXINTB_ISR
00005000   _McbspaRegs
00005040   _McbspbRegs
00339cf5   _MemCopy
00338820   _Motion_Control
003387cc   _Motion_Type
003393be   _Motor_Out
00338ca6   _NMI_ISR
0000c001   _PC_RX_Flag
0000c100   _PC_Rx_Buffer
00338f83   _PIE_RESERVED
00339578   _Para_Init
00000ce0   _PieCtrlRegs
00000d00   _PieVectTable
00339e76   _PieVectTableInit
0000d26d   _Press
00338c92   _RTOSINT_ISR
0032001f   _RamfuncsLoadEnd
00320000   _RamfuncsLoadStart
00008000   _RamfuncsRunStart
0000c180   _Real_AHRSBuff
0000c200   _Real_PcBuff
0000d274   _Real_Pitch
0000d278   _Real_Roll
0000d276   _Real_Yaw
00338ee0   _SCIRXINTA_ISR
00338ef4   _SCIRXINTB_ISR
00338ecc   _SCIRXINTC_ISR
00338eea   _SCITXINTA_ISR
00338efe   _SCITXINTB_ISR
00338ed6   _SCITXINTC_ISR
00338d32   _SEQ1INT_ISR
00338d3c   _SEQ2INT_ISR
00338e40   _SPIRXINTA_ISR
00338e4a   _SPITXINTA_ISR
0000c019   _SPI_Rx_Buffer
0000c02d   _SPI_Tx_Buffer
00339101   _Sci_Init
003391cd   _Sci_Send
0033919f   _Sci_Send_Sing
00007050   _SciaRegs
00339146   _Scia_Msg
0033913d   _Scia_Xmit
00007750   _ScibRegs
0033916c   _Scib_Msg
0033915b   _Scib_Xmit
00007770   _ScicRegs
0033918a   _Scic_Msg
00339181   _Scic_Xmit
0033906c   _Send_Data
003390cc   _Send_SingleSensor
00339d27   _Sensor_Analysis
003398eb   _ServiceDog
00338710   _Set_PID
003386d1   _Set_SlidingPara
0033872f   _SingleMotor_Control
00007040   _SpiaRegs
00338b50   _Store_Data
00338a48   _Store_Data1
003395b2   _Store_PcData
003395c5   _Store_SensorData
00007010   _SysCtrlRegs
0000d22a   _T
00338d64   _TINT0_ISR
003391fb   _TXD_USART_BIN
00339284   _TXD_USART_DEC
00339f76   _T_Matrix
0000d26c   _Tempr
0033879f   _TotalMotor_Control
00339036   _UART_Send
00338ff6   _UART_SendDis
00338fe8   _UART_SendSensor
00338d14   _USER10_ISR
00338d1e   _USER11_ISR
00338d28   _USER12_ISR
00338cba   _USER1_ISR
00338cc4   _USER2_ISR
00338cce   _USER3_ISR
00338cd8   _USER4_ISR
00338ce2   _USER5_ISR
00338cec   _USER6_ISR
00338cf6   _USER7_ISR
00338d00   _USER8_ISR
00338d0a   _USER9_ISR
00339ca9   _USER_SPIInit
00339cae   _USER_SPI_Init
003396b3   _Uart_AHRS
00339ad9   _Uart_Rx
00338d6e   _WAKEINT_ISR
00338d46   _XINT1_ISR
00338d50   _XINT2_ISR
00338f30   _XINT3_ISR
00338f3a   _XINT4_ISR
00338f44   _XINT5_ISR
00338f4e   _XINT6_ISR
00338f58   _XINT7_ISR
00007070   _XIntruptRegs
00000b20   _XintfRegs
00000700   __STACK_END
00000300   __STACK_SIZE
00000001   __TI_args_main
ffffffff   ___binit__
ffffffff   ___c_args__
00339d28   ___cinit__
00339d28   ___etext__
ffffffff   ___pinit__
00338000   ___text__
00339cc3   __args_main
0000d288   __cleanup_ptr
0000d28a   __dtors_ptr
0000d286   __lock
00339d1d   __nop
00339d19   __register_lock
00339d15   __register_unlock
00000400   __stack
0000d284   __unlock
00339cdc   _abort
00339b45   _c_int00
00339d26   _distanceframe
00339cde   _exit
0000c00e   _gl_Dis
0000c005   _gl_FlagMotionCycle
0000c002   _gl_MotionFlag
0000c023   _gl_TempFlag
0000c014   _gl_TimeFlag
00339c61   _main
0000d25b   _motion
0000d25c   _number
00338f8d   _rsvd_ISR
0000d232   _sliding_para
00338000   _spacecontrol1
0033830a   _spacecontrol2
0000d25a   _speed
0000d228   _tt
0000d220   _u
0000d222   _w
0000d224   _x
0000d226   _z
ffffffff   binit
00339d28   cinit
0033fff6   code_start
00339d28   etext
ffffffff   pinit


GLOBAL SYMBOLS: SORTED BY Symbol Address 

address    name
--------   ----
00000001   __TI_args_main
00000300   __STACK_SIZE
00000400   __stack
00000700   __STACK_END
00000880   _DevEmuRegs
00000a80   _FlashRegs
00000ae0   _CsmRegs
00000b00   _AdcMirror
00000b20   _XintfRegs
00000c00   _CpuTimer0Regs
00000c08   _CpuTimer1Regs
00000c10   _CpuTimer2Regs
00000ce0   _PieCtrlRegs
00000d00   _PieVectTable
00001000   _DmaRegs
00005000   _McbspaRegs
00005040   _McbspbRegs
00006000   _ECanaRegs
00006040   _ECanaLAMRegs
00006080   _ECanaMOTSRegs
000060c0   _ECanaMOTORegs
00006100   _ECanaMboxes
00006200   _ECanbRegs
00006240   _ECanbLAMRegs
00006280   _ECanbMOTSRegs
000062c0   _ECanbMOTORegs
00006300   _ECanbMboxes
00006800   _EPwm1Regs
00006840   _EPwm2Regs
00006880   _EPwm3Regs
000068c0   _EPwm4Regs
00006900   _EPwm5Regs
00006940   _EPwm6Regs
00006a00   _ECap1Regs
00006a20   _ECap2Regs
00006a40   _ECap3Regs
00006a60   _ECap4Regs
00006a80   _ECap5Regs
00006aa0   _ECap6Regs
00006b00   _EQep1Regs
00006b40   _EQep2Regs
00006f80   _GpioCtrlRegs
00006fc0   _GpioDataRegs
00006fe0   _GpioIntRegs
00007010   _SysCtrlRegs
00007040   _SpiaRegs
00007050   _SciaRegs
00007070   _XIntruptRegs
00007100   _AdcRegs
00007750   _ScibRegs
00007770   _ScicRegs
00007900   _I2caRegs
00008000   _InitFlash
00008000   _RamfuncsRunStart
0000801b   _DSP28x_usDelay
0000c000   _AHRS_RX_Flag
0000c001   _PC_RX_Flag
0000c002   _gl_MotionFlag
0000c003   _Control_Time
0000c004   _Last_AUV_State
0000c005   _gl_FlagMotionCycle
0000c006   _AUV_State
0000c008   _KP
0000c00a   _KI
0000c00c   _KD
0000c00e   _gl_Dis
0000c010   _Force
0000c014   _gl_TimeFlag
0000c019   _SPI_Rx_Buffer
0000c023   _gl_TempFlag
0000c02d   _SPI_Tx_Buffer
0000c040   _AHRS_Data
0000c080   _AHRS_Rx_Buffer
0000c100   _PC_Rx_Buffer
0000c180   _Real_AHRSBuff
0000c200   _Real_PcBuff
0000c280   _Buff_Total
0000d220   _u
0000d222   _w
0000d224   _x
0000d226   _z
0000d228   _tt
0000d22a   _T
0000d232   _sliding_para
0000d240   _CpuTimer1
0000d248   _CpuTimer2
0000d250   _CpuTimer0
0000d25a   _speed
0000d25b   _motion
0000d25c   _number
0000d26c   _Tempr
0000d26d   _Press
0000d26e   _Alt
0000d274   _Real_Pitch
0000d276   _Real_Yaw
0000d278   _Real_Roll
0000d284   __unlock
0000d286   __lock
0000d288   __cleanup_ptr
0000d28a   __dtors_ptr
00320000   _RamfuncsLoadStart
0032001f   _RamfuncsLoadEnd
00338000   .text
00338000   ___text__
00338000   _spacecontrol1
0033830a   _spacecontrol2
003386d1   _Set_SlidingPara
00338710   _Set_PID
0033872f   _SingleMotor_Control
0033879f   _TotalMotor_Control
003387cc   _Motion_Type
00338820   _Motion_Control
00338a48   _Store_Data1
00338b50   _Store_Data
00338c74   _INT13_ISR
00338c7e   _INT14_ISR
00338c88   _DATALOG_ISR
00338c92   _RTOSINT_ISR
00338c9c   _EMUINT_ISR
00338ca6   _NMI_ISR
00338cb0   _ILLEGAL_ISR
00338cba   _USER1_ISR
00338cc4   _USER2_ISR
00338cce   _USER3_ISR
00338cd8   _USER4_ISR
00338ce2   _USER5_ISR
00338cec   _USER6_ISR
00338cf6   _USER7_ISR
00338d00   _USER8_ISR
00338d0a   _USER9_ISR
00338d14   _USER10_ISR
00338d1e   _USER11_ISR
00338d28   _USER12_ISR
00338d32   _SEQ1INT_ISR
00338d3c   _SEQ2INT_ISR
00338d46   _XINT1_ISR
00338d50   _XINT2_ISR
00338d5a   _ADCINT_ISR
00338d64   _TINT0_ISR
00338d6e   _WAKEINT_ISR
00338d78   _EPWM1_TZINT_ISR
00338d82   _EPWM2_TZINT_ISR
00338d8c   _EPWM3_TZINT_ISR
00338d96   _EPWM4_TZINT_ISR
00338da0   _EPWM5_TZINT_ISR
00338daa   _EPWM6_TZINT_ISR
00338db4   _EPWM1_INT_ISR
00338dbe   _EPWM2_INT_ISR
00338dc8   _EPWM3_INT_ISR
00338dd2   _EPWM4_INT_ISR
00338ddc   _EPWM5_INT_ISR
00338de6   _EPWM6_INT_ISR
00338df0   _ECAP1_INT_ISR
00338dfa   _ECAP2_INT_ISR
00338e04   _ECAP3_INT_ISR
00338e0e   _ECAP4_INT_ISR
00338e18   _ECAP5_INT_ISR
00338e22   _ECAP6_INT_ISR
00338e2c   _EQEP1_INT_ISR
00338e36   _EQEP2_INT_ISR
00338e40   _SPIRXINTA_ISR
00338e4a   _SPITXINTA_ISR
00338e54   _MRINTB_ISR
00338e5e   _MXINTB_ISR
00338e68   _MRINTA_ISR
00338e72   _MXINTA_ISR
00338e7c   _DINTCH1_ISR
00338e86   _DINTCH2_ISR
00338e90   _DINTCH3_ISR
00338e9a   _DINTCH4_ISR
00338ea4   _DINTCH5_ISR
00338eae   _DINTCH6_ISR
00338eb8   _I2CINT1A_ISR
00338ec2   _I2CINT2A_ISR
00338ecc   _SCIRXINTC_ISR
00338ed6   _SCITXINTC_ISR
00338ee0   _SCIRXINTA_ISR
00338eea   _SCITXINTA_ISR
00338ef4   _SCIRXINTB_ISR
00338efe   _SCITXINTB_ISR
00338f08   _ECAN0INTA_ISR
00338f12   _ECAN1INTA_ISR
00338f1c   _ECAN0INTB_ISR
00338f26   _ECAN1INTB_ISR
00338f30   _XINT3_ISR
00338f3a   _XINT4_ISR
00338f44   _XINT5_ISR
00338f4e   _XINT6_ISR
00338f58   _XINT7_ISR
00338f62   _LVF_ISR
00338f6c   _LUF_ISR
00338f76   _EMPTY_ISR
00338f83   _PIE_RESERVED
00338f8d   _rsvd_ISR
00338f97   _DataInter_AHRS
00338fa0   _DataInter_Pc
00338fe8   _UART_SendSensor
00338ff6   _UART_SendDis
00339036   _UART_Send
0033906c   _Send_Data
003390cc   _Send_SingleSensor
00339101   _Sci_Init
0033913d   _Scia_Xmit
00339146   _Scia_Msg
0033915b   _Scib_Xmit
0033916c   _Scib_Msg
00339181   _Scic_Xmit
0033918a   _Scic_Msg
0033919f   _Sci_Send_Sing
003391cd   _Sci_Send
003391fb   _TXD_USART_BIN
00339284   _TXD_USART_DEC
003392b7   _EPwm_Init
003393a2   _EPwmSetup1
003393a9   _EPwmSetup2
003393b0   _EPwmSetup3
003393b7   _EPwmSetup4
003393be   _Motor_Out
00339464   _MOTOR_TRAN
003394a5   _MOTOR_STOP
003394e8   _Led_Drive
0033950c   _Circle_Led
00339529   _IntTime_Config
00339578   _Para_Init
003395b2   _Store_PcData
003395c5   _Store_SensorData
00339644   _Gpio_Init
0033964b   _Delay_1ms
0033965e   _Delay_Nms
003396b3   _Uart_AHRS
00339791   _ISRTimer0
003397ec   _InitXintf
00339841   _InitXintf32Gpio
00339888   _InitXintf16Gpio
003398e2   _InitSysCtrl
003398eb   _ServiceDog
003398f5   _DisableDog
003398fd   _InitPll
00339949   _InitPeripheralClocks
003399a4   _CsmUnlock
003399d5   FS$$DIV
00339a5d   _InitCpuTimers
00339a9e   _ConfigCpuTimer
00339ad9   _Uart_Rx
00339b45   _c_int00
00339b8b   _DistanceIstr
00339bce   _InitSci
00339bcf   _InitSciGpio
00339bd2   _InitSciaGpio
00339be7   _InitScibGpio
00339bf7   _InitScicGpio
00339c0d   _InitSpi
00339c0e   _InitSpiGpio
00339c11   _InitSpiaGpio
00339c39   _InitPieCtrl
00339c58   _EnableInterrupts
00339c61   _main
00339c89   _InitPieVectTable
00339ca9   _USER_SPIInit
00339cae   _USER_SPI_Init
00339cc3   __args_main
00339cdc   C$$EXIT
00339cdc   _abort
00339cde   _exit
00339cf5   _MemCopy
00339d0a   U$$DIV
00339d0f   U$$MOD
00339d15   __register_unlock
00339d19   __register_lock
00339d1d   __nop
00339d26   _distanceframe
00339d27   _Sensor_Analysis
00339d28   ___cinit__
00339d28   ___etext__
00339d28   cinit
00339d28   etext
00339e76   _PieVectTableInit
00339f76   _T_Matrix
0033fff6   code_start
0033fff8   _CsmPwl
00380080   _ADC_cal
ffffffff   ___binit__
ffffffff   ___c_args__
ffffffff   ___pinit__
ffffffff   binit
ffffffff   pinit

[286 symbols]
