<?xml version="1.0"?>
<link_info>
   <banner>TMS320C2000 Linker PC v6.1.3</banner>
   <copyright>Copyright (c) 1996-2012 Texas Instruments Incorporated</copyright>
   <link_time>0x59bfa356</link_time>
   <output_file>SCI_test.out</output_file>
   <entry_point>
      <name>_c_int00</name>
      <address>0xb0f4</address>
   </entry_point>
   <input_file_list>
      <input_file id="fl-2">
         <path>.\SRC\</path>
         <kind>object</kind>
         <file>USER_Spi.obj</file>
         <name>USER_Spi.obj</name>
      </input_file>
      <input_file id="fl-3">
         <path>.\SRC\</path>
         <kind>object</kind>
         <file>USER_Sliding.obj</file>
         <name>USER_Sliding.obj</name>
      </input_file>
      <input_file id="fl-4">
         <path>.\SRC\</path>
         <kind>object</kind>
         <file>USER_Sensor.obj</file>
         <name>USER_Sensor.obj</name>
      </input_file>
      <input_file id="fl-5">
         <path>.\SRC\</path>
         <kind>object</kind>
         <file>USER_Sci.obj</file>
         <name>USER_Sci.obj</name>
      </input_file>
      <input_file id="fl-6">
         <path>.\SRC\</path>
         <kind>object</kind>
         <file>USER_Pwm.obj</file>
         <name>USER_Pwm.obj</name>
      </input_file>
      <input_file id="fl-7">
         <path>.\SRC\</path>
         <kind>object</kind>
         <file>USER_Motion.obj</file>
         <name>USER_Motion.obj</name>
      </input_file>
      <input_file id="fl-8">
         <path>.\SRC\</path>
         <kind>object</kind>
         <file>USER_Distance.obj</file>
         <name>USER_Distance.obj</name>
      </input_file>
      <input_file id="fl-9">
         <path>.\SRC\</path>
         <kind>object</kind>
         <file>USER_Common.obj</file>
         <name>USER_Common.obj</name>
      </input_file>
      <input_file id="fl-a">
         <path>.\SRC\</path>
         <kind>object</kind>
         <file>USER_ADC.obj</file>
         <name>USER_ADC.obj</name>
      </input_file>
      <input_file id="fl-b">
         <path>.\SRC\</path>
         <kind>object</kind>
         <file>SCI.obj</file>
         <name>SCI.obj</name>
      </input_file>
      <input_file id="fl-c">
         <path>.\SRC\</path>
         <kind>object</kind>
         <file>DSP2833x_usDelay.obj</file>
         <name>DSP2833x_usDelay.obj</name>
      </input_file>
      <input_file id="fl-d">
         <path>.\SRC\</path>
         <kind>object</kind>
         <file>DSP2833x_Xintf.obj</file>
         <name>DSP2833x_Xintf.obj</name>
      </input_file>
      <input_file id="fl-e">
         <path>.\SRC\</path>
         <kind>object</kind>
         <file>DSP2833x_SysCtrl.obj</file>
         <name>DSP2833x_SysCtrl.obj</name>
      </input_file>
      <input_file id="fl-f">
         <path>.\SRC\</path>
         <kind>object</kind>
         <file>DSP2833x_Spi.obj</file>
         <name>DSP2833x_Spi.obj</name>
      </input_file>
      <input_file id="fl-10">
         <path>.\SRC\</path>
         <kind>object</kind>
         <file>DSP2833x_Sci.obj</file>
         <name>DSP2833x_Sci.obj</name>
      </input_file>
      <input_file id="fl-11">
         <path>.\SRC\</path>
         <kind>object</kind>
         <file>DSP2833x_PieVect.obj</file>
         <name>DSP2833x_PieVect.obj</name>
      </input_file>
      <input_file id="fl-12">
         <path>.\SRC\</path>
         <kind>object</kind>
         <file>DSP2833x_PieCtrl.obj</file>
         <name>DSP2833x_PieCtrl.obj</name>
      </input_file>
      <input_file id="fl-13">
         <path>.\SRC\</path>
         <kind>object</kind>
         <file>DSP2833x_MemCopy.obj</file>
         <name>DSP2833x_MemCopy.obj</name>
      </input_file>
      <input_file id="fl-14">
         <path>.\SRC\</path>
         <kind>object</kind>
         <file>DSP2833x_Mcbsp.obj</file>
         <name>DSP2833x_Mcbsp.obj</name>
      </input_file>
      <input_file id="fl-15">
         <path>.\SRC\</path>
         <kind>object</kind>
         <file>DSP2833x_GlobalVariableDefs.obj</file>
         <name>DSP2833x_GlobalVariableDefs.obj</name>
      </input_file>
      <input_file id="fl-16">
         <path>.\SRC\</path>
         <kind>object</kind>
         <file>DSP2833x_DefaultIsr.obj</file>
         <name>DSP2833x_DefaultIsr.obj</name>
      </input_file>
      <input_file id="fl-17">
         <path>.\SRC\</path>
         <kind>object</kind>
         <file>DSP2833x_DMA.obj</file>
         <name>DSP2833x_DMA.obj</name>
      </input_file>
      <input_file id="fl-18">
         <path>.\SRC\</path>
         <kind>object</kind>
         <file>DSP2833x_CpuTimers.obj</file>
         <name>DSP2833x_CpuTimers.obj</name>
      </input_file>
      <input_file id="fl-19">
         <path>.\SRC\</path>
         <kind>object</kind>
         <file>DSP2833x_CodeStartBranch.obj</file>
         <name>DSP2833x_CodeStartBranch.obj</name>
      </input_file>
      <input_file id="fl-1a">
         <path>.\SRC\</path>
         <kind>object</kind>
         <file>DSP2833x_Adc.obj</file>
         <name>DSP2833x_Adc.obj</name>
      </input_file>
      <input_file id="fl-1b">
         <path>.\SRC\</path>
         <kind>object</kind>
         <file>DSP2833x_ADC_cal.obj</file>
         <name>DSP2833x_ADC_cal.obj</name>
      </input_file>
      <input_file id="fl-2b">
         <path>C:\ti\ccsv5\tools\compiler\c2000_6.1.3\lib\</path>
         <kind>archive</kind>
         <file>rts2800_fpu32.lib</file>
         <name>boot.obj</name>
      </input_file>
      <input_file id="fl-2c">
         <path>C:\ti\ccsv5\tools\compiler\c2000_6.1.3\lib\</path>
         <kind>archive</kind>
         <file>rts2800_fpu32.lib</file>
         <name>exit.obj</name>
      </input_file>
      <input_file id="fl-2d">
         <path>C:\ti\ccsv5\tools\compiler\c2000_6.1.3\lib\</path>
         <kind>archive</kind>
         <file>rts2800_fpu32.lib</file>
         <name>fs_div.obj</name>
      </input_file>
      <input_file id="fl-2e">
         <path>C:\ti\ccsv5\tools\compiler\c2000_6.1.3\lib\</path>
         <kind>archive</kind>
         <file>rts2800_fpu32.lib</file>
         <name>u_div.obj</name>
      </input_file>
      <input_file id="fl-2f">
         <path>C:\ti\ccsv5\tools\compiler\c2000_6.1.3\lib\</path>
         <kind>archive</kind>
         <file>rts2800_fpu32.lib</file>
         <name>_lock.obj</name>
      </input_file>
      <input_file id="fl-30">
         <path>C:\ti\ccsv5\tools\compiler\c2000_6.1.3\lib\</path>
         <kind>archive</kind>
         <file>rts2800_fpu32.lib</file>
         <name>args_main.obj</name>
      </input_file>
   </input_file_list>
   <object_component_list>
      <object_component id="oc-fe">
         <name>codestart</name>
         <load_address>0x0</load_address>
         <run_address>0x0</run_address>
         <size>0x2</size>
         <input_file_ref idref="fl-19"/>
      </object_component>
      <object_component id="oc-97">
         <name>ramfuncs</name>
         <load_address>0x8152</load_address>
         <run_address>0x8152</run_address>
         <size>0x1b</size>
         <input_file_ref idref="fl-e"/>
      </object_component>
      <object_component id="oc-8c">
         <name>ramfuncs</name>
         <load_address>0x816d</load_address>
         <run_address>0x816d</run_address>
         <size>0x4</size>
         <input_file_ref idref="fl-c"/>
      </object_component>
      <object_component id="oc-4f">
         <name>.text</name>
         <load_address>0x9000</load_address>
         <run_address>0x9000</run_address>
         <size>0x710</size>
         <input_file_ref idref="fl-3"/>
      </object_component>
      <object_component id="oc-6c">
         <name>.text</name>
         <load_address>0x9710</load_address>
         <run_address>0x9710</run_address>
         <size>0x564</size>
         <input_file_ref idref="fl-7"/>
      </object_component>
      <object_component id="oc-f2">
         <name>.text</name>
         <load_address>0x9c74</load_address>
         <run_address>0x9c74</run_address>
         <size>0x3f5</size>
         <input_file_ref idref="fl-17"/>
      </object_component>
      <object_component id="oc-ee">
         <name>.text:retain</name>
         <load_address>0xa069</load_address>
         <run_address>0xa069</run_address>
         <size>0x323</size>
         <input_file_ref idref="fl-16"/>
      </object_component>
      <object_component id="oc-5e">
         <name>.text</name>
         <load_address>0xa38c</load_address>
         <run_address>0xa38c</run_address>
         <size>0x320</size>
         <input_file_ref idref="fl-5"/>
      </object_component>
      <object_component id="oc-67">
         <name>.text</name>
         <load_address>0xa6ac</load_address>
         <run_address>0xa6ac</run_address>
         <size>0x205</size>
         <input_file_ref idref="fl-6"/>
      </object_component>
      <object_component id="oc-7b">
         <name>.text</name>
         <load_address>0xa8b1</load_address>
         <run_address>0xa8b1</run_address>
         <size>0x1ec</size>
         <input_file_ref idref="fl-9"/>
      </object_component>
      <object_component id="oc-b5">
         <name>.text</name>
         <load_address>0xaa9d</load_address>
         <run_address>0xaa9d</run_address>
         <size>0x160</size>
         <input_file_ref idref="fl-14"/>
      </object_component>
      <object_component id="oc-5a">
         <name>.text:retain</name>
         <load_address>0xabfd</load_address>
         <run_address>0xabfd</run_address>
         <size>0x139</size>
         <input_file_ref idref="fl-4"/>
      </object_component>
      <object_component id="oc-90">
         <name>.text</name>
         <load_address>0xad36</load_address>
         <run_address>0xad36</run_address>
         <size>0xf6</size>
         <input_file_ref idref="fl-d"/>
      </object_component>
      <object_component id="oc-95">
         <name>.text</name>
         <load_address>0xae2c</load_address>
         <run_address>0xae2c</run_address>
         <size>0xf3</size>
         <input_file_ref idref="fl-e"/>
      </object_component>
      <object_component id="oc-116">
         <name>.text</name>
         <load_address>0xaf1f</load_address>
         <run_address>0xaf1f</run_address>
         <size>0x88</size>
         <input_file_ref idref="fl-2d"/>
      </object_component>
      <object_component id="oc-f7">
         <name>.text</name>
         <load_address>0xafa7</load_address>
         <run_address>0xafa7</run_address>
         <size>0x7c</size>
         <input_file_ref idref="fl-18"/>
      </object_component>
      <object_component id="oc-62">
         <name>.text:retain</name>
         <load_address>0xb023</load_address>
         <run_address>0xb023</run_address>
         <size>0x6c</size>
         <input_file_ref idref="fl-5"/>
      </object_component>
      <object_component id="oc-85">
         <name>.text</name>
         <load_address>0xb08f</load_address>
         <run_address>0xb08f</run_address>
         <size>0x65</size>
         <input_file_ref idref="fl-b"/>
      </object_component>
      <object_component id="oc-49">
         <name>.text</name>
         <load_address>0xb0f4</load_address>
         <run_address>0xb0f4</run_address>
         <size>0x46</size>
         <input_file_ref idref="fl-2b"/>
      </object_component>
      <object_component id="oc-77">
         <name>.text:retain</name>
         <load_address>0xb13a</load_address>
         <run_address>0xb13a</run_address>
         <size>0x43</size>
         <input_file_ref idref="fl-8"/>
      </object_component>
      <object_component id="oc-a0">
         <name>.text</name>
         <load_address>0xb17d</load_address>
         <run_address>0xb17d</run_address>
         <size>0x3f</size>
         <input_file_ref idref="fl-10"/>
      </object_component>
      <object_component id="oc-9b">
         <name>.text</name>
         <load_address>0xb1bc</load_address>
         <run_address>0xb1bc</run_address>
         <size>0x2c</size>
         <input_file_ref idref="fl-f"/>
      </object_component>
      <object_component id="oc-80">
         <name>.text</name>
         <load_address>0xb1e8</load_address>
         <run_address>0xb1e8</run_address>
         <size>0x2a</size>
         <input_file_ref idref="fl-a"/>
      </object_component>
      <object_component id="oc-ab">
         <name>.text</name>
         <load_address>0xb212</load_address>
         <run_address>0xb212</run_address>
         <size>0x28</size>
         <input_file_ref idref="fl-12"/>
      </object_component>
      <object_component id="oc-a5">
         <name>.text</name>
         <load_address>0xb23a</load_address>
         <run_address>0xb23a</run_address>
         <size>0x20</size>
         <input_file_ref idref="fl-11"/>
      </object_component>
      <object_component id="oc-4a">
         <name>.text</name>
         <load_address>0xb25a</load_address>
         <run_address>0xb25a</run_address>
         <size>0x1a</size>
         <input_file_ref idref="fl-2"/>
      </object_component>
      <object_component id="oc-124">
         <name>.text</name>
         <load_address>0xb274</load_address>
         <run_address>0xb274</run_address>
         <size>0x19</size>
         <input_file_ref idref="fl-30"/>
      </object_component>
      <object_component id="oc-110">
         <name>.text</name>
         <load_address>0xb28d</load_address>
         <run_address>0xb28d</run_address>
         <size>0x19</size>
         <input_file_ref idref="fl-2c"/>
      </object_component>
      <object_component id="oc-b0">
         <name>.text</name>
         <load_address>0xb2a6</load_address>
         <run_address>0xb2a6</run_address>
         <size>0x15</size>
         <input_file_ref idref="fl-13"/>
      </object_component>
      <object_component id="oc-102">
         <name>.text</name>
         <load_address>0xb2bb</load_address>
         <run_address>0xb2bb</run_address>
         <size>0x14</size>
         <input_file_ref idref="fl-1a"/>
      </object_component>
      <object_component id="oc-11a">
         <name>.text</name>
         <load_address>0xb2cf</load_address>
         <run_address>0xb2cf</run_address>
         <size>0xb</size>
         <input_file_ref idref="fl-2e"/>
      </object_component>
      <object_component id="oc-11e">
         <name>.text</name>
         <load_address>0xb2da</load_address>
         <run_address>0xb2da</run_address>
         <size>0x9</size>
         <input_file_ref idref="fl-2f"/>
      </object_component>
      <object_component id="oc-fd">
         <name>.text</name>
         <load_address>0xb2e3</load_address>
         <run_address>0xb2e3</run_address>
         <size>0x8</size>
         <input_file_ref idref="fl-19"/>
      </object_component>
      <object_component id="oc-73">
         <name>.text</name>
         <load_address>0xb2eb</load_address>
         <run_address>0xb2eb</run_address>
         <size>0x1</size>
         <input_file_ref idref="fl-8"/>
      </object_component>
      <object_component id="oc-56">
         <name>.text</name>
         <load_address>0xb2ec</load_address>
         <run_address>0xb2ec</run_address>
         <size>0x1</size>
         <input_file_ref idref="fl-4"/>
      </object_component>
      <object_component id="oc-87">
         <name>.cinit</name>
         <load_address>0x8000</load_address>
         <run_address>0x8000</run_address>
         <size>0x8d</size>
         <input_file_ref idref="fl-b"/>
      </object_component>
      <object_component id="oc-6e">
         <name>.cinit</name>
         <load_address>0x808d</load_address>
         <run_address>0x808d</run_address>
         <size>0x44</size>
         <input_file_ref idref="fl-7"/>
      </object_component>
      <object_component id="oc-58">
         <name>.cinit</name>
         <load_address>0x80d1</load_address>
         <run_address>0x80d1</run_address>
         <size>0x33</size>
         <input_file_ref idref="fl-4"/>
      </object_component>
      <object_component id="oc-51">
         <name>.cinit</name>
         <load_address>0x8104</load_address>
         <run_address>0x8104</run_address>
         <size>0x24</size>
         <input_file_ref idref="fl-3"/>
      </object_component>
      <object_component id="oc-60">
         <name>.cinit</name>
         <load_address>0x8128</load_address>
         <run_address>0x8128</run_address>
         <size>0x10</size>
         <input_file_ref idref="fl-5"/>
      </object_component>
      <object_component id="oc-120">
         <name>.cinit</name>
         <load_address>0x8138</load_address>
         <run_address>0x8138</run_address>
         <size>0xa</size>
         <input_file_ref idref="fl-2f"/>
      </object_component>
      <object_component id="oc-112">
         <name>.cinit</name>
         <load_address>0x8142</load_address>
         <run_address>0x8142</run_address>
         <size>0xa</size>
         <input_file_ref idref="fl-2c"/>
      </object_component>
      <object_component id="oc-75">
         <name>.cinit</name>
         <load_address>0x814c</load_address>
         <run_address>0x814c</run_address>
         <size>0x4</size>
         <input_file_ref idref="fl-8"/>
      </object_component>
      <object_component id="oc-10b">
         <name>.stack</name>
         <uninitialized>true</uninitialized>
         <run_address>0x400</run_address>
         <size>0x0</size>
         <input_file_ref idref="fl-2b"/>
      </object_component>
      <object_component id="oc-17a">
         <name>.stack</name>
         <uninitialized>true</uninitialized>
         <run_address>0x400</run_address>
         <size>0x0</size>
      </object_component>
      <object_component id="oc-52">
         <name>.ebss</name>
         <uninitialized>true</uninitialized>
         <run_address>0xd420</run_address>
         <size>0x20</size>
         <input_file_ref idref="fl-3"/>
      </object_component>
      <object_component id="oc-59">
         <name>.ebss</name>
         <uninitialized>true</uninitialized>
         <run_address>0xd46c</run_address>
         <size>0x13</size>
         <input_file_ref idref="fl-4"/>
      </object_component>
      <object_component id="oc-61">
         <name>.ebss</name>
         <uninitialized>true</uninitialized>
         <run_address>0xd480</run_address>
         <size>0x4</size>
         <input_file_ref idref="fl-5"/>
      </object_component>
      <object_component id="oc-6f">
         <name>.ebss</name>
         <uninitialized>true</uninitialized>
         <run_address>0xd458</run_address>
         <size>0x14</size>
         <input_file_ref idref="fl-7"/>
      </object_component>
      <object_component id="oc-76">
         <name>.ebss</name>
         <uninitialized>true</uninitialized>
         <run_address>0xd48c</run_address>
         <size>0x2</size>
         <input_file_ref idref="fl-8"/>
      </object_component>
      <object_component id="oc-88">
         <name>.ebss</name>
         <uninitialized>true</uninitialized>
         <run_address>0xc000</run_address>
         <size>0x1420</size>
         <input_file_ref idref="fl-b"/>
      </object_component>
      <object_component id="oc-f9">
         <name>.ebss</name>
         <uninitialized>true</uninitialized>
         <run_address>0xd440</run_address>
         <size>0x18</size>
         <input_file_ref idref="fl-18"/>
      </object_component>
      <object_component id="oc-113">
         <name>.ebss</name>
         <uninitialized>true</uninitialized>
         <run_address>0xd488</run_address>
         <size>0x4</size>
         <input_file_ref idref="fl-2c"/>
      </object_component>
      <object_component id="oc-121">
         <name>.ebss</name>
         <uninitialized>true</uninitialized>
         <run_address>0xd484</run_address>
         <size>0x4</size>
         <input_file_ref idref="fl-2f"/>
      </object_component>
      <object_component id="oc-a7">
         <name>.econst</name>
         <load_address>0xd500</load_address>
         <run_address>0xd500</run_address>
         <size>0x100</size>
         <input_file_ref idref="fl-11"/>
      </object_component>
      <object_component id="oc-129">
         <name>.econst:_T_Matrix</name>
         <load_address>0xd600</load_address>
         <run_address>0xd600</run_address>
         <size>0x20</size>
         <input_file_ref idref="fl-6"/>
      </object_component>
      <object_component id="oc-128">
         <name>.econst:_$P$T0$1</name>
         <load_address>0xd620</load_address>
         <run_address>0xd620</run_address>
         <size>0x8</size>
         <input_file_ref idref="fl-6"/>
      </object_component>
      <object_component id="oc-63">
         <name>.econst:.string</name>
         <load_address>0xd628</load_address>
         <run_address>0xd628</run_address>
         <size>0x3</size>
         <input_file_ref idref="fl-5"/>
      </object_component>
      <object_component id="oc-10c">
         <name>.reset</name>
         <load_address>0x3fffc0</load_address>
         <run_address>0x3fffc0</run_address>
         <size>0x2</size>
         <input_file_ref idref="fl-2b"/>
      </object_component>
      <object_component id="oc-107">
         <name>.adc_cal</name>
         <load_address>0x380080</load_address>
         <run_address>0x380080</run_address>
         <size>0x7</size>
         <input_file_ref idref="fl-1b"/>
      </object_component>
      <object_component id="oc-eb">
         <name>PieVectTableFile</name>
         <uninitialized>true</uninitialized>
         <run_address>0xd00</run_address>
         <size>0x100</size>
         <input_file_ref idref="fl-15"/>
      </object_component>
      <object_component id="oc-e7">
         <name>DevEmuRegsFile</name>
         <uninitialized>true</uninitialized>
         <run_address>0x880</run_address>
         <size>0xd0</size>
         <input_file_ref idref="fl-15"/>
      </object_component>
      <object_component id="oc-bd">
         <name>FlashRegsFile</name>
         <uninitialized>true</uninitialized>
         <run_address>0xa80</run_address>
         <size>0x8</size>
         <input_file_ref idref="fl-15"/>
      </object_component>
      <object_component id="oc-c7">
         <name>CsmRegsFile</name>
         <uninitialized>true</uninitialized>
         <run_address>0xae0</run_address>
         <size>0x10</size>
         <input_file_ref idref="fl-15"/>
      </object_component>
      <object_component id="oc-c6">
         <name>AdcMirrorFile</name>
         <uninitialized>true</uninitialized>
         <run_address>0xb00</run_address>
         <size>0x10</size>
         <input_file_ref idref="fl-15"/>
      </object_component>
      <object_component id="oc-ca">
         <name>XintfRegsFile</name>
         <uninitialized>true</uninitialized>
         <run_address>0xb20</run_address>
         <size>0x1e</size>
         <input_file_ref idref="fl-15"/>
      </object_component>
      <object_component id="oc-be">
         <name>CpuTimer0RegsFile</name>
         <uninitialized>true</uninitialized>
         <run_address>0xc00</run_address>
         <size>0x8</size>
         <input_file_ref idref="fl-15"/>
      </object_component>
      <object_component id="oc-bc">
         <name>CpuTimer1RegsFile</name>
         <uninitialized>true</uninitialized>
         <run_address>0xc08</run_address>
         <size>0x8</size>
         <input_file_ref idref="fl-15"/>
      </object_component>
      <object_component id="oc-bb">
         <name>CpuTimer2RegsFile</name>
         <uninitialized>true</uninitialized>
         <run_address>0xc10</run_address>
         <size>0x8</size>
         <input_file_ref idref="fl-15"/>
      </object_component>
      <object_component id="oc-c8">
         <name>PieCtrlRegsFile</name>
         <uninitialized>true</uninitialized>
         <run_address>0xce0</run_address>
         <size>0x1a</size>
         <input_file_ref idref="fl-15"/>
      </object_component>
      <object_component id="oc-e8">
         <name>DmaRegsFile</name>
         <uninitialized>true</uninitialized>
         <run_address>0x1000</run_address>
         <size>0xe0</size>
         <input_file_ref idref="fl-15"/>
      </object_component>
      <object_component id="oc-da">
         <name>McbspaRegsFile</name>
         <uninitialized>true</uninitialized>
         <run_address>0x5000</run_address>
         <size>0x25</size>
         <input_file_ref idref="fl-15"/>
      </object_component>
      <object_component id="oc-db">
         <name>McbspbRegsFile</name>
         <uninitialized>true</uninitialized>
         <run_address>0x5040</run_address>
         <size>0x25</size>
         <input_file_ref idref="fl-15"/>
      </object_component>
      <object_component id="oc-de">
         <name>ECanaRegsFile</name>
         <uninitialized>true</uninitialized>
         <run_address>0x6000</run_address>
         <size>0x34</size>
         <input_file_ref idref="fl-15"/>
      </object_component>
      <object_component id="oc-e1">
         <name>ECanaLAMRegsFile</name>
         <uninitialized>true</uninitialized>
         <run_address>0x6040</run_address>
         <size>0x40</size>
         <input_file_ref idref="fl-15"/>
      </object_component>
      <object_component id="oc-ea">
         <name>ECanaMboxesFile</name>
         <uninitialized>true</uninitialized>
         <run_address>0x6100</run_address>
         <size>0x100</size>
         <input_file_ref idref="fl-15"/>
      </object_component>
      <object_component id="oc-e2">
         <name>ECanaMOTSRegsFile</name>
         <uninitialized>true</uninitialized>
         <run_address>0x6080</run_address>
         <size>0x40</size>
         <input_file_ref idref="fl-15"/>
      </object_component>
      <object_component id="oc-df">
         <name>ECanaMOTORegsFile</name>
         <uninitialized>true</uninitialized>
         <run_address>0x60c0</run_address>
         <size>0x40</size>
         <input_file_ref idref="fl-15"/>
      </object_component>
      <object_component id="oc-dd">
         <name>ECanbRegsFile</name>
         <uninitialized>true</uninitialized>
         <run_address>0x6200</run_address>
         <size>0x34</size>
         <input_file_ref idref="fl-15"/>
      </object_component>
      <object_component id="oc-e5">
         <name>ECanbLAMRegsFile</name>
         <uninitialized>true</uninitialized>
         <run_address>0x6240</run_address>
         <size>0x40</size>
         <input_file_ref idref="fl-15"/>
      </object_component>
      <object_component id="oc-e9">
         <name>ECanbMboxesFile</name>
         <uninitialized>true</uninitialized>
         <run_address>0x6300</run_address>
         <size>0x100</size>
         <input_file_ref idref="fl-15"/>
      </object_component>
      <object_component id="oc-e0">
         <name>ECanbMOTSRegsFile</name>
         <uninitialized>true</uninitialized>
         <run_address>0x6280</run_address>
         <size>0x40</size>
         <input_file_ref idref="fl-15"/>
      </object_component>
      <object_component id="oc-e3">
         <name>ECanbMOTORegsFile</name>
         <uninitialized>true</uninitialized>
         <run_address>0x62c0</run_address>
         <size>0x40</size>
         <input_file_ref idref="fl-15"/>
      </object_component>
      <object_component id="oc-d5">
         <name>EPwm1RegsFile</name>
         <uninitialized>true</uninitialized>
         <run_address>0x6800</run_address>
         <size>0x22</size>
         <input_file_ref idref="fl-15"/>
      </object_component>
      <object_component id="oc-d4">
         <name>EPwm2RegsFile</name>
         <uninitialized>true</uninitialized>
         <run_address>0x6840</run_address>
         <size>0x22</size>
         <input_file_ref idref="fl-15"/>
      </object_component>
      <object_component id="oc-d6">
         <name>EPwm3RegsFile</name>
         <uninitialized>true</uninitialized>
         <run_address>0x6880</run_address>
         <size>0x22</size>
         <input_file_ref idref="fl-15"/>
      </object_component>
      <object_component id="oc-d8">
         <name>EPwm4RegsFile</name>
         <uninitialized>true</uninitialized>
         <run_address>0x68c0</run_address>
         <size>0x22</size>
         <input_file_ref idref="fl-15"/>
      </object_component>
      <object_component id="oc-d7">
         <name>EPwm5RegsFile</name>
         <uninitialized>true</uninitialized>
         <run_address>0x6900</run_address>
         <size>0x22</size>
         <input_file_ref idref="fl-15"/>
      </object_component>
      <object_component id="oc-d9">
         <name>EPwm6RegsFile</name>
         <uninitialized>true</uninitialized>
         <run_address>0x6940</run_address>
         <size>0x22</size>
         <input_file_ref idref="fl-15"/>
      </object_component>
      <object_component id="oc-d1">
         <name>ECap1RegsFile</name>
         <uninitialized>true</uninitialized>
         <run_address>0x6a00</run_address>
         <size>0x20</size>
         <input_file_ref idref="fl-15"/>
      </object_component>
      <object_component id="oc-cd">
         <name>ECap2RegsFile</name>
         <uninitialized>true</uninitialized>
         <run_address>0x6a20</run_address>
         <size>0x20</size>
         <input_file_ref idref="fl-15"/>
      </object_component>
      <object_component id="oc-ce">
         <name>ECap3RegsFile</name>
         <uninitialized>true</uninitialized>
         <run_address>0x6a40</run_address>
         <size>0x20</size>
         <input_file_ref idref="fl-15"/>
      </object_component>
      <object_component id="oc-cb">
         <name>ECap4RegsFile</name>
         <uninitialized>true</uninitialized>
         <run_address>0x6a60</run_address>
         <size>0x20</size>
         <input_file_ref idref="fl-15"/>
      </object_component>
      <object_component id="oc-cc">
         <name>ECap5RegsFile</name>
         <uninitialized>true</uninitialized>
         <run_address>0x6a80</run_address>
         <size>0x20</size>
         <input_file_ref idref="fl-15"/>
      </object_component>
      <object_component id="oc-d2">
         <name>ECap6RegsFile</name>
         <uninitialized>true</uninitialized>
         <run_address>0x6aa0</run_address>
         <size>0x20</size>
         <input_file_ref idref="fl-15"/>
      </object_component>
      <object_component id="oc-e6">
         <name>EQep1RegsFile</name>
         <uninitialized>true</uninitialized>
         <run_address>0x6b00</run_address>
         <size>0x40</size>
         <input_file_ref idref="fl-15"/>
      </object_component>
      <object_component id="oc-e4">
         <name>EQep2RegsFile</name>
         <uninitialized>true</uninitialized>
         <run_address>0x6b40</run_address>
         <size>0x40</size>
         <input_file_ref idref="fl-15"/>
      </object_component>
      <object_component id="oc-dc">
         <name>GpioCtrlRegsFile</name>
         <uninitialized>true</uninitialized>
         <run_address>0x6f80</run_address>
         <size>0x2e</size>
         <input_file_ref idref="fl-15"/>
      </object_component>
      <object_component id="oc-cf">
         <name>GpioDataRegsFile</name>
         <uninitialized>true</uninitialized>
         <run_address>0x6fc0</run_address>
         <size>0x20</size>
         <input_file_ref idref="fl-15"/>
      </object_component>
      <object_component id="oc-c0">
         <name>GpioIntRegsFile</name>
         <uninitialized>true</uninitialized>
         <run_address>0x6fe0</run_address>
         <size>0xa</size>
         <input_file_ref idref="fl-15"/>
      </object_component>
      <object_component id="oc-d0">
         <name>SysCtrlRegsFile</name>
         <uninitialized>true</uninitialized>
         <run_address>0x7010</run_address>
         <size>0x20</size>
         <input_file_ref idref="fl-15"/>
      </object_component>
      <object_component id="oc-c3">
         <name>SpiaRegsFile</name>
         <uninitialized>true</uninitialized>
         <run_address>0x7040</run_address>
         <size>0x10</size>
         <input_file_ref idref="fl-15"/>
      </object_component>
      <object_component id="oc-c4">
         <name>SciaRegsFile</name>
         <uninitialized>true</uninitialized>
         <run_address>0x7050</run_address>
         <size>0x10</size>
         <input_file_ref idref="fl-15"/>
      </object_component>
      <object_component id="oc-c5">
         <name>XIntruptRegsFile</name>
         <uninitialized>true</uninitialized>
         <run_address>0x7070</run_address>
         <size>0x10</size>
         <input_file_ref idref="fl-15"/>
      </object_component>
      <object_component id="oc-c9">
         <name>AdcRegsFile</name>
         <uninitialized>true</uninitialized>
         <run_address>0x7100</run_address>
         <size>0x1e</size>
         <input_file_ref idref="fl-15"/>
      </object_component>
      <object_component id="oc-c2">
         <name>ScibRegsFile</name>
         <uninitialized>true</uninitialized>
         <run_address>0x7750</run_address>
         <size>0x10</size>
         <input_file_ref idref="fl-15"/>
      </object_component>
      <object_component id="oc-c1">
         <name>ScicRegsFile</name>
         <uninitialized>true</uninitialized>
         <run_address>0x7770</run_address>
         <size>0x10</size>
         <input_file_ref idref="fl-15"/>
      </object_component>
      <object_component id="oc-d3">
         <name>I2caRegsFile</name>
         <uninitialized>true</uninitialized>
         <run_address>0x7900</run_address>
         <size>0x22</size>
         <input_file_ref idref="fl-15"/>
      </object_component>
      <object_component id="oc-bf">
         <name>CsmPwlFile</name>
         <uninitialized>true</uninitialized>
         <run_address>0x33fff8</run_address>
         <size>0x8</size>
         <input_file_ref idref="fl-15"/>
      </object_component>
      <object_component id="oc-4b">
         <name>.debug_info</name>
         <load_address>0x0</load_address>
         <run_address>0x0</run_address>
         <size>0xc5a</size>
         <input_file_ref idref="fl-2"/>
      </object_component>
      <object_component id="oc-50">
         <name>.debug_info</name>
         <load_address>0xc5a</load_address>
         <run_address>0xc5a</run_address>
         <size>0xee9</size>
         <input_file_ref idref="fl-3"/>
      </object_component>
      <object_component id="oc-57">
         <name>.debug_info</name>
         <load_address>0x1b43</load_address>
         <run_address>0x1b43</run_address>
         <size>0x2739</size>
         <input_file_ref idref="fl-4"/>
      </object_component>
      <object_component id="oc-5f">
         <name>.debug_info</name>
         <load_address>0x427c</load_address>
         <run_address>0x427c</run_address>
         <size>0x387b</size>
         <input_file_ref idref="fl-5"/>
      </object_component>
      <object_component id="oc-68">
         <name>.debug_info</name>
         <load_address>0x7af7</load_address>
         <run_address>0x7af7</run_address>
         <size>0x3973</size>
         <input_file_ref idref="fl-6"/>
      </object_component>
      <object_component id="oc-6d">
         <name>.debug_info</name>
         <load_address>0xb46a</load_address>
         <run_address>0xb46a</run_address>
         <size>0x18c7</size>
         <input_file_ref idref="fl-7"/>
      </object_component>
      <object_component id="oc-74">
         <name>.debug_info</name>
         <load_address>0xcd31</load_address>
         <run_address>0xcd31</run_address>
         <size>0x2142</size>
         <input_file_ref idref="fl-8"/>
      </object_component>
      <object_component id="oc-7c">
         <name>.debug_info</name>
         <load_address>0xee73</load_address>
         <run_address>0xee73</run_address>
         <size>0x456e</size>
         <input_file_ref idref="fl-9"/>
      </object_component>
      <object_component id="oc-81">
         <name>.debug_info</name>
         <load_address>0x133e1</load_address>
         <run_address>0x133e1</run_address>
         <size>0x12cb</size>
         <input_file_ref idref="fl-a"/>
      </object_component>
      <object_component id="oc-86">
         <name>.debug_info</name>
         <load_address>0x146ac</load_address>
         <run_address>0x146ac</run_address>
         <size>0x3258</size>
         <input_file_ref idref="fl-b"/>
      </object_component>
      <object_component id="oc-8d">
         <name>.debug_info</name>
         <load_address>0x17904</load_address>
         <run_address>0x17904</run_address>
         <size>0x103</size>
         <input_file_ref idref="fl-c"/>
      </object_component>
      <object_component id="oc-91">
         <name>.debug_info</name>
         <load_address>0x17a07</load_address>
         <run_address>0x17a07</run_address>
         <size>0x21e5</size>
         <input_file_ref idref="fl-d"/>
      </object_component>
      <object_component id="oc-96">
         <name>.debug_info</name>
         <load_address>0x19bec</load_address>
         <run_address>0x19bec</run_address>
         <size>0x1f83</size>
         <input_file_ref idref="fl-e"/>
      </object_component>
      <object_component id="oc-9c">
         <name>.debug_info</name>
         <load_address>0x1bb6f</load_address>
         <run_address>0x1bb6f</run_address>
         <size>0x1c6e</size>
         <input_file_ref idref="fl-f"/>
      </object_component>
      <object_component id="oc-a1">
         <name>.debug_info</name>
         <load_address>0x1d7dd</load_address>
         <run_address>0x1d7dd</run_address>
         <size>0x1d28</size>
         <input_file_ref idref="fl-10"/>
      </object_component>
      <object_component id="oc-a6">
         <name>.debug_info</name>
         <load_address>0x1f505</load_address>
         <run_address>0x1f505</run_address>
         <size>0x2313</size>
         <input_file_ref idref="fl-11"/>
      </object_component>
      <object_component id="oc-ac">
         <name>.debug_info</name>
         <load_address>0x21818</load_address>
         <run_address>0x21818</run_address>
         <size>0xb3e</size>
         <input_file_ref idref="fl-12"/>
      </object_component>
      <object_component id="oc-b1">
         <name>.debug_info</name>
         <load_address>0x22356</load_address>
         <run_address>0x22356</run_address>
         <size>0x4e8</size>
         <input_file_ref idref="fl-13"/>
      </object_component>
      <object_component id="oc-b6">
         <name>.debug_info</name>
         <load_address>0x2283e</load_address>
         <run_address>0x2283e</run_address>
         <size>0x51e8</size>
         <input_file_ref idref="fl-14"/>
      </object_component>
      <object_component id="oc-ba">
         <name>.debug_info</name>
         <load_address>0x27a26</load_address>
         <run_address>0x27a26</run_address>
         <size>0x12da6</size>
         <input_file_ref idref="fl-15"/>
      </object_component>
      <object_component id="oc-ed">
         <name>.debug_info</name>
         <load_address>0x3a7cc</load_address>
         <run_address>0x3a7cc</run_address>
         <size>0x45fa</size>
         <input_file_ref idref="fl-16"/>
      </object_component>
      <object_component id="oc-f3">
         <name>.debug_info</name>
         <load_address>0x3edc6</load_address>
         <run_address>0x3edc6</run_address>
         <size>0x3bd3</size>
         <input_file_ref idref="fl-17"/>
      </object_component>
      <object_component id="oc-f8">
         <name>.debug_info</name>
         <load_address>0x42999</load_address>
         <run_address>0x42999</run_address>
         <size>0x98a</size>
         <input_file_ref idref="fl-18"/>
      </object_component>
      <object_component id="oc-ff">
         <name>.debug_info</name>
         <load_address>0x43323</load_address>
         <run_address>0x43323</run_address>
         <size>0x144</size>
         <input_file_ref idref="fl-19"/>
      </object_component>
      <object_component id="oc-103">
         <name>.debug_info</name>
         <load_address>0x43467</load_address>
         <run_address>0x43467</run_address>
         <size>0x1db7</size>
         <input_file_ref idref="fl-1a"/>
      </object_component>
      <object_component id="oc-108">
         <name>.debug_info</name>
         <load_address>0x4521e</load_address>
         <run_address>0x4521e</run_address>
         <size>0x103</size>
         <input_file_ref idref="fl-1b"/>
      </object_component>
      <object_component id="oc-10d">
         <name>.debug_info</name>
         <load_address>0x45321</load_address>
         <run_address>0x45321</run_address>
         <size>0xdf</size>
         <input_file_ref idref="fl-2b"/>
      </object_component>
      <object_component id="oc-111">
         <name>.debug_info</name>
         <load_address>0x45400</load_address>
         <run_address>0x45400</run_address>
         <size>0x4a2</size>
         <input_file_ref idref="fl-2c"/>
      </object_component>
      <object_component id="oc-117">
         <name>.debug_info</name>
         <load_address>0x458a2</load_address>
         <run_address>0x458a2</run_address>
         <size>0xc1</size>
         <input_file_ref idref="fl-2d"/>
      </object_component>
      <object_component id="oc-11b">
         <name>.debug_info</name>
         <load_address>0x45963</load_address>
         <run_address>0x45963</run_address>
         <size>0xed</size>
         <input_file_ref idref="fl-2e"/>
      </object_component>
      <object_component id="oc-11f">
         <name>.debug_info</name>
         <load_address>0x45a50</load_address>
         <run_address>0x45a50</run_address>
         <size>0x481</size>
         <input_file_ref idref="fl-2f"/>
      </object_component>
      <object_component id="oc-125">
         <name>.debug_info</name>
         <load_address>0x45ed1</load_address>
         <run_address>0x45ed1</run_address>
         <size>0x44d</size>
         <input_file_ref idref="fl-30"/>
      </object_component>
      <object_component id="oc-17b">
         <name>.debug_info</name>
         <load_address>0x4631e</load_address>
         <run_address>0x4631e</run_address>
         <size>0x6f</size>
      </object_component>
      <object_component id="oc-4c">
         <name>.debug_frame</name>
         <load_address>0x0</load_address>
         <run_address>0x0</run_address>
         <size>0xbc</size>
         <input_file_ref idref="fl-2"/>
      </object_component>
      <object_component id="oc-53">
         <name>.debug_frame</name>
         <load_address>0xbc</load_address>
         <run_address>0xbc</run_address>
         <size>0x157</size>
         <input_file_ref idref="fl-3"/>
      </object_component>
      <object_component id="oc-5b">
         <name>.debug_frame</name>
         <load_address>0x213</load_address>
         <run_address>0x213</run_address>
         <size>0x12e</size>
         <input_file_ref idref="fl-4"/>
      </object_component>
      <object_component id="oc-64">
         <name>.debug_frame</name>
         <load_address>0x341</load_address>
         <run_address>0x341</run_address>
         <size>0x32e</size>
         <input_file_ref idref="fl-5"/>
      </object_component>
      <object_component id="oc-69">
         <name>.debug_frame</name>
         <load_address>0x66f</load_address>
         <run_address>0x66f</run_address>
         <size>0x28c</size>
         <input_file_ref idref="fl-6"/>
      </object_component>
      <object_component id="oc-70">
         <name>.debug_frame</name>
         <load_address>0x8fb</load_address>
         <run_address>0x8fb</run_address>
         <size>0x2c3</size>
         <input_file_ref idref="fl-7"/>
      </object_component>
      <object_component id="oc-78">
         <name>.debug_frame</name>
         <load_address>0xbbe</load_address>
         <run_address>0xbbe</run_address>
         <size>0xf6</size>
         <input_file_ref idref="fl-8"/>
      </object_component>
      <object_component id="oc-7d">
         <name>.debug_frame</name>
         <load_address>0xcb4</load_address>
         <run_address>0xcb4</run_address>
         <size>0x226</size>
         <input_file_ref idref="fl-9"/>
      </object_component>
      <object_component id="oc-82">
         <name>.debug_frame</name>
         <load_address>0xeda</load_address>
         <run_address>0xeda</run_address>
         <size>0xa4</size>
         <input_file_ref idref="fl-a"/>
      </object_component>
      <object_component id="oc-89">
         <name>.debug_frame</name>
         <load_address>0xf7e</load_address>
         <run_address>0xf7e</run_address>
         <size>0xa8</size>
         <input_file_ref idref="fl-b"/>
      </object_component>
      <object_component id="oc-92">
         <name>.debug_frame</name>
         <load_address>0x1026</load_address>
         <run_address>0x1026</run_address>
         <size>0xd4</size>
         <input_file_ref idref="fl-d"/>
      </object_component>
      <object_component id="oc-98">
         <name>.debug_frame</name>
         <load_address>0x10fa</load_address>
         <run_address>0x10fa</run_address>
         <size>0x142</size>
         <input_file_ref idref="fl-e"/>
      </object_component>
      <object_component id="oc-9d">
         <name>.debug_frame</name>
         <load_address>0x123c</load_address>
         <run_address>0x123c</run_address>
         <size>0xd4</size>
         <input_file_ref idref="fl-f"/>
      </object_component>
      <object_component id="oc-a2">
         <name>.debug_frame</name>
         <load_address>0x1310</load_address>
         <run_address>0x1310</run_address>
         <size>0x104</size>
         <input_file_ref idref="fl-10"/>
      </object_component>
      <object_component id="oc-a8">
         <name>.debug_frame</name>
         <load_address>0x1414</load_address>
         <run_address>0x1414</run_address>
         <size>0xaa</size>
         <input_file_ref idref="fl-11"/>
      </object_component>
      <object_component id="oc-ad">
         <name>.debug_frame</name>
         <load_address>0x14be</load_address>
         <run_address>0x14be</run_address>
         <size>0xbc</size>
         <input_file_ref idref="fl-12"/>
      </object_component>
      <object_component id="oc-b2">
         <name>.debug_frame</name>
         <load_address>0x157a</load_address>
         <run_address>0x157a</run_address>
         <size>0xaa</size>
         <input_file_ref idref="fl-13"/>
      </object_component>
      <object_component id="oc-b7">
         <name>.debug_frame</name>
         <load_address>0x1624</load_address>
         <run_address>0x1624</run_address>
         <size>0x278</size>
         <input_file_ref idref="fl-14"/>
      </object_component>
      <object_component id="oc-ef">
         <name>.debug_frame</name>
         <load_address>0x189c</load_address>
         <run_address>0x189c</run_address>
         <size>0xd69</size>
         <input_file_ref idref="fl-16"/>
      </object_component>
      <object_component id="oc-f4">
         <name>.debug_frame</name>
         <load_address>0x2605</load_address>
         <run_address>0x2605</run_address>
         <size>0x4be</size>
         <input_file_ref idref="fl-17"/>
      </object_component>
      <object_component id="oc-fa">
         <name>.debug_frame</name>
         <load_address>0x2ac3</load_address>
         <run_address>0x2ac3</run_address>
         <size>0xc3</size>
         <input_file_ref idref="fl-18"/>
      </object_component>
      <object_component id="oc-104">
         <name>.debug_frame</name>
         <load_address>0x2b86</load_address>
         <run_address>0x2b86</run_address>
         <size>0xa4</size>
         <input_file_ref idref="fl-1a"/>
      </object_component>
      <object_component id="oc-4d">
         <name>.debug_line</name>
         <load_address>0x0</load_address>
         <run_address>0x0</run_address>
         <size>0x64</size>
         <input_file_ref idref="fl-2"/>
      </object_component>
      <object_component id="oc-54">
         <name>.debug_line</name>
         <load_address>0x64</load_address>
         <run_address>0x64</run_address>
         <size>0x25a</size>
         <input_file_ref idref="fl-3"/>
      </object_component>
      <object_component id="oc-5c">
         <name>.debug_line</name>
         <load_address>0x2be</load_address>
         <run_address>0x2be</run_address>
         <size>0x1ef</size>
         <input_file_ref idref="fl-4"/>
      </object_component>
      <object_component id="oc-65">
         <name>.debug_line</name>
         <load_address>0x4ad</load_address>
         <run_address>0x4ad</run_address>
         <size>0x503</size>
         <input_file_ref idref="fl-5"/>
      </object_component>
      <object_component id="oc-6a">
         <name>.debug_line</name>
         <load_address>0x9b0</load_address>
         <run_address>0x9b0</run_address>
         <size>0x2c1</size>
         <input_file_ref idref="fl-6"/>
      </object_component>
      <object_component id="oc-71">
         <name>.debug_line</name>
         <load_address>0xc71</load_address>
         <run_address>0xc71</run_address>
         <size>0x4c1</size>
         <input_file_ref idref="fl-7"/>
      </object_component>
      <object_component id="oc-79">
         <name>.debug_line</name>
         <load_address>0x1132</load_address>
         <run_address>0x1132</run_address>
         <size>0x77</size>
         <input_file_ref idref="fl-8"/>
      </object_component>
      <object_component id="oc-7e">
         <name>.debug_line</name>
         <load_address>0x11a9</load_address>
         <run_address>0x11a9</run_address>
         <size>0x309</size>
         <input_file_ref idref="fl-9"/>
      </object_component>
      <object_component id="oc-83">
         <name>.debug_line</name>
         <load_address>0x14b2</load_address>
         <run_address>0x14b2</run_address>
         <size>0x53</size>
         <input_file_ref idref="fl-a"/>
      </object_component>
      <object_component id="oc-8a">
         <name>.debug_line</name>
         <load_address>0x1505</load_address>
         <run_address>0x1505</run_address>
         <size>0x7e</size>
         <input_file_ref idref="fl-b"/>
      </object_component>
      <object_component id="oc-8e">
         <name>.debug_line</name>
         <load_address>0x1583</load_address>
         <run_address>0x1583</run_address>
         <size>0x49</size>
         <input_file_ref idref="fl-c"/>
      </object_component>
      <object_component id="oc-93">
         <name>.debug_line</name>
         <load_address>0x15cc</load_address>
         <run_address>0x15cc</run_address>
         <size>0xf6</size>
         <input_file_ref idref="fl-d"/>
      </object_component>
      <object_component id="oc-99">
         <name>.debug_line</name>
         <load_address>0x16c2</load_address>
         <run_address>0x16c2</run_address>
         <size>0x166</size>
         <input_file_ref idref="fl-e"/>
      </object_component>
      <object_component id="oc-9e">
         <name>.debug_line</name>
         <load_address>0x1828</load_address>
         <run_address>0x1828</run_address>
         <size>0x83</size>
         <input_file_ref idref="fl-f"/>
      </object_component>
      <object_component id="oc-a3">
         <name>.debug_line</name>
         <load_address>0x18ab</load_address>
         <run_address>0x18ab</run_address>
         <size>0xc5</size>
         <input_file_ref idref="fl-10"/>
      </object_component>
      <object_component id="oc-a9">
         <name>.debug_line</name>
         <load_address>0x1970</load_address>
         <run_address>0x1970</run_address>
         <size>0x67</size>
         <input_file_ref idref="fl-11"/>
      </object_component>
      <object_component id="oc-ae">
         <name>.debug_line</name>
         <load_address>0x19d7</load_address>
         <run_address>0x19d7</run_address>
         <size>0x87</size>
         <input_file_ref idref="fl-12"/>
      </object_component>
      <object_component id="oc-b3">
         <name>.debug_line</name>
         <load_address>0x1a5e</load_address>
         <run_address>0x1a5e</run_address>
         <size>0x58</size>
         <input_file_ref idref="fl-13"/>
      </object_component>
      <object_component id="oc-b8">
         <name>.debug_line</name>
         <load_address>0x1ab6</load_address>
         <run_address>0x1ab6</run_address>
         <size>0x2bd</size>
         <input_file_ref idref="fl-14"/>
      </object_component>
      <object_component id="oc-f0">
         <name>.debug_line</name>
         <load_address>0x1d73</load_address>
         <run_address>0x1d73</run_address>
         <size>0x763</size>
         <input_file_ref idref="fl-16"/>
      </object_component>
      <object_component id="oc-f5">
         <name>.debug_line</name>
         <load_address>0x24d6</load_address>
         <run_address>0x24d6</run_address>
         <size>0x4bc</size>
         <input_file_ref idref="fl-17"/>
      </object_component>
      <object_component id="oc-fb">
         <name>.debug_line</name>
         <load_address>0x2992</load_address>
         <run_address>0x2992</run_address>
         <size>0x89</size>
         <input_file_ref idref="fl-18"/>
      </object_component>
      <object_component id="oc-100">
         <name>.debug_line</name>
         <load_address>0x2a1b</load_address>
         <run_address>0x2a1b</run_address>
         <size>0x62</size>
         <input_file_ref idref="fl-19"/>
      </object_component>
      <object_component id="oc-105">
         <name>.debug_line</name>
         <load_address>0x2a7d</load_address>
         <run_address>0x2a7d</run_address>
         <size>0x52</size>
         <input_file_ref idref="fl-1a"/>
      </object_component>
      <object_component id="oc-109">
         <name>.debug_line</name>
         <load_address>0x2acf</load_address>
         <run_address>0x2acf</run_address>
         <size>0x4a</size>
         <input_file_ref idref="fl-1b"/>
      </object_component>
      <object_component id="oc-10e">
         <name>.debug_line</name>
         <load_address>0x2b19</load_address>
         <run_address>0x2b19</run_address>
         <size>0x71</size>
         <input_file_ref idref="fl-2b"/>
      </object_component>
      <object_component id="oc-114">
         <name>.debug_line</name>
         <load_address>0x2b8a</load_address>
         <run_address>0x2b8a</run_address>
         <size>0x4f</size>
         <input_file_ref idref="fl-2c"/>
      </object_component>
      <object_component id="oc-118">
         <name>.debug_line</name>
         <load_address>0x2bd9</load_address>
         <run_address>0x2bd9</run_address>
         <size>0xaa</size>
         <input_file_ref idref="fl-2d"/>
      </object_component>
      <object_component id="oc-11c">
         <name>.debug_line</name>
         <load_address>0x2c83</load_address>
         <run_address>0x2c83</run_address>
         <size>0x4c</size>
         <input_file_ref idref="fl-2e"/>
      </object_component>
      <object_component id="oc-122">
         <name>.debug_line</name>
         <load_address>0x2ccf</load_address>
         <run_address>0x2ccf</run_address>
         <size>0x57</size>
         <input_file_ref idref="fl-2f"/>
      </object_component>
      <object_component id="oc-126">
         <name>.debug_line</name>
         <load_address>0x2d26</load_address>
         <run_address>0x2d26</run_address>
         <size>0x41</size>
         <input_file_ref idref="fl-30"/>
      </object_component>
      <object_component id="oc-4e">
         <name>.debug_abbrev</name>
         <load_address>0x0</load_address>
         <run_address>0x0</run_address>
         <size>0xe9</size>
         <input_file_ref idref="fl-2"/>
      </object_component>
      <object_component id="oc-55">
         <name>.debug_abbrev</name>
         <load_address>0xe9</load_address>
         <run_address>0xe9</run_address>
         <size>0x178</size>
         <input_file_ref idref="fl-3"/>
      </object_component>
      <object_component id="oc-5d">
         <name>.debug_abbrev</name>
         <load_address>0x261</load_address>
         <run_address>0x261</run_address>
         <size>0x11a</size>
         <input_file_ref idref="fl-4"/>
      </object_component>
      <object_component id="oc-66">
         <name>.debug_abbrev</name>
         <load_address>0x37b</load_address>
         <run_address>0x37b</run_address>
         <size>0x1fc</size>
         <input_file_ref idref="fl-5"/>
      </object_component>
      <object_component id="oc-6b">
         <name>.debug_abbrev</name>
         <load_address>0x577</load_address>
         <run_address>0x577</run_address>
         <size>0x18a</size>
         <input_file_ref idref="fl-6"/>
      </object_component>
      <object_component id="oc-72">
         <name>.debug_abbrev</name>
         <load_address>0x701</load_address>
         <run_address>0x701</run_address>
         <size>0x201</size>
         <input_file_ref idref="fl-7"/>
      </object_component>
      <object_component id="oc-7a">
         <name>.debug_abbrev</name>
         <load_address>0x902</load_address>
         <run_address>0x902</run_address>
         <size>0x103</size>
         <input_file_ref idref="fl-8"/>
      </object_component>
      <object_component id="oc-7f">
         <name>.debug_abbrev</name>
         <load_address>0xa05</load_address>
         <run_address>0xa05</run_address>
         <size>0x1a1</size>
         <input_file_ref idref="fl-9"/>
      </object_component>
      <object_component id="oc-84">
         <name>.debug_abbrev</name>
         <load_address>0xba6</load_address>
         <run_address>0xba6</run_address>
         <size>0xd7</size>
         <input_file_ref idref="fl-a"/>
      </object_component>
      <object_component id="oc-8b">
         <name>.debug_abbrev</name>
         <load_address>0xc7d</load_address>
         <run_address>0xc7d</run_address>
         <size>0x138</size>
         <input_file_ref idref="fl-b"/>
      </object_component>
      <object_component id="oc-8f">
         <name>.debug_abbrev</name>
         <load_address>0xdb5</load_address>
         <run_address>0xdb5</run_address>
         <size>0x2c</size>
         <input_file_ref idref="fl-c"/>
      </object_component>
      <object_component id="oc-94">
         <name>.debug_abbrev</name>
         <load_address>0xde1</load_address>
         <run_address>0xde1</run_address>
         <size>0xdb</size>
         <input_file_ref idref="fl-d"/>
      </object_component>
      <object_component id="oc-9a">
         <name>.debug_abbrev</name>
         <load_address>0xebc</load_address>
         <run_address>0xebc</run_address>
         <size>0x183</size>
         <input_file_ref idref="fl-e"/>
      </object_component>
      <object_component id="oc-9f">
         <name>.debug_abbrev</name>
         <load_address>0x103f</load_address>
         <run_address>0x103f</run_address>
         <size>0xdb</size>
         <input_file_ref idref="fl-f"/>
      </object_component>
      <object_component id="oc-a4">
         <name>.debug_abbrev</name>
         <load_address>0x111a</load_address>
         <run_address>0x111a</run_address>
         <size>0xdb</size>
         <input_file_ref idref="fl-10"/>
      </object_component>
      <object_component id="oc-aa">
         <name>.debug_abbrev</name>
         <load_address>0x11f5</load_address>
         <run_address>0x11f5</run_address>
         <size>0x124</size>
         <input_file_ref idref="fl-11"/>
      </object_component>
      <object_component id="oc-af">
         <name>.debug_abbrev</name>
         <load_address>0x1319</load_address>
         <run_address>0x1319</run_address>
         <size>0xbb</size>
         <input_file_ref idref="fl-12"/>
      </object_component>
      <object_component id="oc-b4">
         <name>.debug_abbrev</name>
         <load_address>0x13d4</load_address>
         <run_address>0x13d4</run_address>
         <size>0xa7</size>
         <input_file_ref idref="fl-13"/>
      </object_component>
      <object_component id="oc-b9">
         <name>.debug_abbrev</name>
         <load_address>0x147b</load_address>
         <run_address>0x147b</run_address>
         <size>0x150</size>
         <input_file_ref idref="fl-14"/>
      </object_component>
      <object_component id="oc-ec">
         <name>.debug_abbrev</name>
         <load_address>0x15cb</load_address>
         <run_address>0x15cb</run_address>
         <size>0xb3</size>
         <input_file_ref idref="fl-15"/>
      </object_component>
      <object_component id="oc-f1">
         <name>.debug_abbrev</name>
         <load_address>0x167e</load_address>
         <run_address>0x167e</run_address>
         <size>0xdc</size>
         <input_file_ref idref="fl-16"/>
      </object_component>
      <object_component id="oc-f6">
         <name>.debug_abbrev</name>
         <load_address>0x175a</load_address>
         <run_address>0x175a</run_address>
         <size>0x13c</size>
         <input_file_ref idref="fl-17"/>
      </object_component>
      <object_component id="oc-fc">
         <name>.debug_abbrev</name>
         <load_address>0x1896</load_address>
         <run_address>0x1896</run_address>
         <size>0xf0</size>
         <input_file_ref idref="fl-18"/>
      </object_component>
      <object_component id="oc-101">
         <name>.debug_abbrev</name>
         <load_address>0x1986</load_address>
         <run_address>0x1986</run_address>
         <size>0x20</size>
         <input_file_ref idref="fl-19"/>
      </object_component>
      <object_component id="oc-106">
         <name>.debug_abbrev</name>
         <load_address>0x19a6</load_address>
         <run_address>0x19a6</run_address>
         <size>0xfe</size>
         <input_file_ref idref="fl-1a"/>
      </object_component>
      <object_component id="oc-10a">
         <name>.debug_abbrev</name>
         <load_address>0x1aa4</load_address>
         <run_address>0x1aa4</run_address>
         <size>0x2c</size>
         <input_file_ref idref="fl-1b"/>
      </object_component>
      <object_component id="oc-10f">
         <name>.debug_abbrev</name>
         <load_address>0x1ad0</load_address>
         <run_address>0x1ad0</run_address>
         <size>0x46</size>
         <input_file_ref idref="fl-2b"/>
      </object_component>
      <object_component id="oc-115">
         <name>.debug_abbrev</name>
         <load_address>0x1b16</load_address>
         <run_address>0x1b16</run_address>
         <size>0xe8</size>
         <input_file_ref idref="fl-2c"/>
      </object_component>
      <object_component id="oc-119">
         <name>.debug_abbrev</name>
         <load_address>0x1bfe</load_address>
         <run_address>0x1bfe</run_address>
         <size>0x38</size>
         <input_file_ref idref="fl-2d"/>
      </object_component>
      <object_component id="oc-11d">
         <name>.debug_abbrev</name>
         <load_address>0x1c36</load_address>
         <run_address>0x1c36</run_address>
         <size>0x38</size>
         <input_file_ref idref="fl-2e"/>
      </object_component>
      <object_component id="oc-123">
         <name>.debug_abbrev</name>
         <load_address>0x1c6e</load_address>
         <run_address>0x1c6e</run_address>
         <size>0x90</size>
         <input_file_ref idref="fl-2f"/>
      </object_component>
      <object_component id="oc-127">
         <name>.debug_abbrev</name>
         <load_address>0x1cfe</load_address>
         <run_address>0x1cfe</run_address>
         <size>0xdd</size>
         <input_file_ref idref="fl-30"/>
      </object_component>
      <object_component id="oc-17c">
         <name>.debug_abbrev</name>
         <load_address>0x1ddb</load_address>
         <run_address>0x1ddb</run_address>
         <size>0xd</size>
      </object_component>
   </object_component_list>
   <logical_group_list>
      <logical_group id="lg-2">
         <name>codestart</name>
         <load_address>0x0</load_address>
         <run_address>0x0</run_address>
         <size>0x2</size>
         <contents>
            <object_component_ref idref="oc-fe"/>
         </contents>
      </logical_group>
      <logical_group id="lg-3">
         <name>ramfuncs</name>
         <load_address>0x8152</load_address>
         <run_address>0x8152</run_address>
         <size>0x1f</size>
         <contents>
            <object_component_ref idref="oc-97"/>
            <object_component_ref idref="oc-8c"/>
         </contents>
      </logical_group>
      <logical_group id="lg-4">
         <name>.text</name>
         <load_address>0x9000</load_address>
         <run_address>0x9000</run_address>
         <size>0x22ed</size>
         <contents>
            <object_component_ref idref="oc-4f"/>
            <object_component_ref idref="oc-6c"/>
            <object_component_ref idref="oc-f2"/>
            <object_component_ref idref="oc-ee"/>
            <object_component_ref idref="oc-5e"/>
            <object_component_ref idref="oc-67"/>
            <object_component_ref idref="oc-7b"/>
            <object_component_ref idref="oc-b5"/>
            <object_component_ref idref="oc-5a"/>
            <object_component_ref idref="oc-90"/>
            <object_component_ref idref="oc-95"/>
            <object_component_ref idref="oc-116"/>
            <object_component_ref idref="oc-f7"/>
            <object_component_ref idref="oc-62"/>
            <object_component_ref idref="oc-85"/>
            <object_component_ref idref="oc-49"/>
            <object_component_ref idref="oc-77"/>
            <object_component_ref idref="oc-a0"/>
            <object_component_ref idref="oc-9b"/>
            <object_component_ref idref="oc-80"/>
            <object_component_ref idref="oc-ab"/>
            <object_component_ref idref="oc-a5"/>
            <object_component_ref idref="oc-4a"/>
            <object_component_ref idref="oc-124"/>
            <object_component_ref idref="oc-110"/>
            <object_component_ref idref="oc-b0"/>
            <object_component_ref idref="oc-102"/>
            <object_component_ref idref="oc-11a"/>
            <object_component_ref idref="oc-11e"/>
            <object_component_ref idref="oc-fd"/>
            <object_component_ref idref="oc-73"/>
            <object_component_ref idref="oc-56"/>
         </contents>
      </logical_group>
      <logical_group id="lg-5">
         <name>.cinit</name>
         <load_address>0x8000</load_address>
         <run_address>0x8000</run_address>
         <size>0x152</size>
         <contents>
            <object_component_ref idref="oc-87"/>
            <object_component_ref idref="oc-6e"/>
            <object_component_ref idref="oc-58"/>
            <object_component_ref idref="oc-51"/>
            <object_component_ref idref="oc-60"/>
            <object_component_ref idref="oc-120"/>
            <object_component_ref idref="oc-112"/>
            <object_component_ref idref="oc-75"/>
         </contents>
      </logical_group>
      <logical_group id="lg-6">
         <name>.pinit</name>
         <run_address>0x0</run_address>
         <size>0x0</size>
         <contents>
         </contents>
      </logical_group>
      <logical_group id="lg-7">
         <name>.switch</name>
         <run_address>0x0</run_address>
         <size>0x0</size>
         <contents>
         </contents>
      </logical_group>
      <logical_group id="lg-8">
         <name>.stack</name>
         <run_address>0x400</run_address>
         <size>0x300</size>
         <contents>
            <object_component_ref idref="oc-10b"/>
            <object_component_ref idref="oc-17a"/>
         </contents>
      </logical_group>
      <logical_group id="lg-9">
         <name>.ebss</name>
         <run_address>0xc000</run_address>
         <size>0x148e</size>
         <contents>
            <object_component_ref idref="oc-52"/>
            <object_component_ref idref="oc-59"/>
            <object_component_ref idref="oc-61"/>
            <object_component_ref idref="oc-6f"/>
            <object_component_ref idref="oc-76"/>
            <object_component_ref idref="oc-88"/>
            <object_component_ref idref="oc-f9"/>
            <object_component_ref idref="oc-113"/>
            <object_component_ref idref="oc-121"/>
         </contents>
      </logical_group>
      <logical_group id="lg-a">
         <name>.econst</name>
         <load_address>0xd500</load_address>
         <run_address>0xd500</run_address>
         <size>0x12b</size>
         <contents>
            <object_component_ref idref="oc-a7"/>
            <object_component_ref idref="oc-129"/>
            <object_component_ref idref="oc-128"/>
            <object_component_ref idref="oc-63"/>
         </contents>
      </logical_group>
      <logical_group id="lg-b">
         <name>.esysmem</name>
         <run_address>0x0</run_address>
         <size>0x0</size>
         <contents>
         </contents>
      </logical_group>
      <logical_group id="lg-c">
         <name>IQmath</name>
         <run_address>0x0</run_address>
         <size>0x0</size>
         <contents>
         </contents>
      </logical_group>
      <logical_group id="lg-d">
         <name>IQmathTables</name>
         <run_address>0x0</run_address>
         <size>0x0</size>
         <contents>
         </contents>
      </logical_group>
      <logical_group id="lg-e">
         <name>FPUmathTables</name>
         <run_address>0x0</run_address>
         <size>0x0</size>
         <contents>
         </contents>
      </logical_group>
      <logical_group id="lg-f">
         <name>DMARAML4</name>
         <run_address>0x0</run_address>
         <size>0x0</size>
         <contents>
         </contents>
      </logical_group>
      <logical_group id="lg-10">
         <name>DMARAML5</name>
         <run_address>0x0</run_address>
         <size>0x0</size>
         <contents>
         </contents>
      </logical_group>
      <logical_group id="lg-11">
         <name>DMARAML6</name>
         <run_address>0x0</run_address>
         <size>0x0</size>
         <contents>
         </contents>
      </logical_group>
      <logical_group id="lg-12">
         <name>DMARAML7</name>
         <run_address>0x0</run_address>
         <size>0x0</size>
         <contents>
         </contents>
      </logical_group>
      <logical_group id="lg-13">
         <name>ZONE7DATA</name>
         <run_address>0x0</run_address>
         <size>0x0</size>
         <contents>
         </contents>
      </logical_group>
      <logical_group id="lg-14">
         <name>.reset</name>
         <load_address>0x3fffc0</load_address>
         <run_address>0x3fffc0</run_address>
         <size>0x2</size>
         <contents>
            <object_component_ref idref="oc-10c"/>
         </contents>
      </logical_group>
      <logical_group id="lg-15">
         <name>csm_rsvd</name>
         <run_address>0x33ff80</run_address>
         <size>0x0</size>
         <contents>
         </contents>
      </logical_group>
      <logical_group id="lg-16">
         <name>csmpasswds</name>
         <run_address>0x33fff8</run_address>
         <size>0x0</size>
         <contents>
         </contents>
      </logical_group>
      <logical_group id="lg-17">
         <name>.adc_cal</name>
         <load_address>0x380080</load_address>
         <run_address>0x380080</run_address>
         <size>0x7</size>
         <contents>
            <object_component_ref idref="oc-107"/>
         </contents>
      </logical_group>
      <logical_group id="lg-18">
         <name>PieVectTableFile</name>
         <run_address>0xd00</run_address>
         <size>0x100</size>
         <contents>
            <object_component_ref idref="oc-eb"/>
         </contents>
      </logical_group>
      <logical_group id="lg-19">
         <name>DevEmuRegsFile</name>
         <run_address>0x880</run_address>
         <size>0xd0</size>
         <contents>
            <object_component_ref idref="oc-e7"/>
         </contents>
      </logical_group>
      <logical_group id="lg-1a">
         <name>FlashRegsFile</name>
         <run_address>0xa80</run_address>
         <size>0x8</size>
         <contents>
            <object_component_ref idref="oc-bd"/>
         </contents>
      </logical_group>
      <logical_group id="lg-1b">
         <name>CsmRegsFile</name>
         <run_address>0xae0</run_address>
         <size>0x10</size>
         <contents>
            <object_component_ref idref="oc-c7"/>
         </contents>
      </logical_group>
      <logical_group id="lg-1c">
         <name>AdcMirrorFile</name>
         <run_address>0xb00</run_address>
         <size>0x10</size>
         <contents>
            <object_component_ref idref="oc-c6"/>
         </contents>
      </logical_group>
      <logical_group id="lg-1d">
         <name>XintfRegsFile</name>
         <run_address>0xb20</run_address>
         <size>0x1e</size>
         <contents>
            <object_component_ref idref="oc-ca"/>
         </contents>
      </logical_group>
      <logical_group id="lg-1e">
         <name>CpuTimer0RegsFile</name>
         <run_address>0xc00</run_address>
         <size>0x8</size>
         <contents>
            <object_component_ref idref="oc-be"/>
         </contents>
      </logical_group>
      <logical_group id="lg-1f">
         <name>CpuTimer1RegsFile</name>
         <run_address>0xc08</run_address>
         <size>0x8</size>
         <contents>
            <object_component_ref idref="oc-bc"/>
         </contents>
      </logical_group>
      <logical_group id="lg-20">
         <name>CpuTimer2RegsFile</name>
         <run_address>0xc10</run_address>
         <size>0x8</size>
         <contents>
            <object_component_ref idref="oc-bb"/>
         </contents>
      </logical_group>
      <logical_group id="lg-21">
         <name>PieCtrlRegsFile</name>
         <run_address>0xce0</run_address>
         <size>0x1a</size>
         <contents>
            <object_component_ref idref="oc-c8"/>
         </contents>
      </logical_group>
      <logical_group id="lg-22">
         <name>DmaRegsFile</name>
         <run_address>0x1000</run_address>
         <size>0xe0</size>
         <contents>
            <object_component_ref idref="oc-e8"/>
         </contents>
      </logical_group>
      <logical_group id="lg-23">
         <name>McbspaRegsFile</name>
         <run_address>0x5000</run_address>
         <size>0x25</size>
         <contents>
            <object_component_ref idref="oc-da"/>
         </contents>
      </logical_group>
      <logical_group id="lg-24">
         <name>McbspbRegsFile</name>
         <run_address>0x5040</run_address>
         <size>0x25</size>
         <contents>
            <object_component_ref idref="oc-db"/>
         </contents>
      </logical_group>
      <logical_group id="lg-25">
         <name>ECanaRegsFile</name>
         <run_address>0x6000</run_address>
         <size>0x34</size>
         <contents>
            <object_component_ref idref="oc-de"/>
         </contents>
      </logical_group>
      <logical_group id="lg-26">
         <name>ECanaLAMRegsFile</name>
         <run_address>0x6040</run_address>
         <size>0x40</size>
         <contents>
            <object_component_ref idref="oc-e1"/>
         </contents>
      </logical_group>
      <logical_group id="lg-27">
         <name>ECanaMboxesFile</name>
         <run_address>0x6100</run_address>
         <size>0x100</size>
         <contents>
            <object_component_ref idref="oc-ea"/>
         </contents>
      </logical_group>
      <logical_group id="lg-28">
         <name>ECanaMOTSRegsFile</name>
         <run_address>0x6080</run_address>
         <size>0x40</size>
         <contents>
            <object_component_ref idref="oc-e2"/>
         </contents>
      </logical_group>
      <logical_group id="lg-29">
         <name>ECanaMOTORegsFile</name>
         <run_address>0x60c0</run_address>
         <size>0x40</size>
         <contents>
            <object_component_ref idref="oc-df"/>
         </contents>
      </logical_group>
      <logical_group id="lg-2a">
         <name>ECanbRegsFile</name>
         <run_address>0x6200</run_address>
         <size>0x34</size>
         <contents>
            <object_component_ref idref="oc-dd"/>
         </contents>
      </logical_group>
      <logical_group id="lg-2b">
         <name>ECanbLAMRegsFile</name>
         <run_address>0x6240</run_address>
         <size>0x40</size>
         <contents>
            <object_component_ref idref="oc-e5"/>
         </contents>
      </logical_group>
      <logical_group id="lg-2c">
         <name>ECanbMboxesFile</name>
         <run_address>0x6300</run_address>
         <size>0x100</size>
         <contents>
            <object_component_ref idref="oc-e9"/>
         </contents>
      </logical_group>
      <logical_group id="lg-2d">
         <name>ECanbMOTSRegsFile</name>
         <run_address>0x6280</run_address>
         <size>0x40</size>
         <contents>
            <object_component_ref idref="oc-e0"/>
         </contents>
      </logical_group>
      <logical_group id="lg-2e">
         <name>ECanbMOTORegsFile</name>
         <run_address>0x62c0</run_address>
         <size>0x40</size>
         <contents>
            <object_component_ref idref="oc-e3"/>
         </contents>
      </logical_group>
      <logical_group id="lg-2f">
         <name>EPwm1RegsFile</name>
         <run_address>0x6800</run_address>
         <size>0x22</size>
         <contents>
            <object_component_ref idref="oc-d5"/>
         </contents>
      </logical_group>
      <logical_group id="lg-30">
         <name>EPwm2RegsFile</name>
         <run_address>0x6840</run_address>
         <size>0x22</size>
         <contents>
            <object_component_ref idref="oc-d4"/>
         </contents>
      </logical_group>
      <logical_group id="lg-31">
         <name>EPwm3RegsFile</name>
         <run_address>0x6880</run_address>
         <size>0x22</size>
         <contents>
            <object_component_ref idref="oc-d6"/>
         </contents>
      </logical_group>
      <logical_group id="lg-32">
         <name>EPwm4RegsFile</name>
         <run_address>0x68c0</run_address>
         <size>0x22</size>
         <contents>
            <object_component_ref idref="oc-d8"/>
         </contents>
      </logical_group>
      <logical_group id="lg-33">
         <name>EPwm5RegsFile</name>
         <run_address>0x6900</run_address>
         <size>0x22</size>
         <contents>
            <object_component_ref idref="oc-d7"/>
         </contents>
      </logical_group>
      <logical_group id="lg-34">
         <name>EPwm6RegsFile</name>
         <run_address>0x6940</run_address>
         <size>0x22</size>
         <contents>
            <object_component_ref idref="oc-d9"/>
         </contents>
      </logical_group>
      <logical_group id="lg-35">
         <name>ECap1RegsFile</name>
         <run_address>0x6a00</run_address>
         <size>0x20</size>
         <contents>
            <object_component_ref idref="oc-d1"/>
         </contents>
      </logical_group>
      <logical_group id="lg-36">
         <name>ECap2RegsFile</name>
         <run_address>0x6a20</run_address>
         <size>0x20</size>
         <contents>
            <object_component_ref idref="oc-cd"/>
         </contents>
      </logical_group>
      <logical_group id="lg-37">
         <name>ECap3RegsFile</name>
         <run_address>0x6a40</run_address>
         <size>0x20</size>
         <contents>
            <object_component_ref idref="oc-ce"/>
         </contents>
      </logical_group>
      <logical_group id="lg-38">
         <name>ECap4RegsFile</name>
         <run_address>0x6a60</run_address>
         <size>0x20</size>
         <contents>
            <object_component_ref idref="oc-cb"/>
         </contents>
      </logical_group>
      <logical_group id="lg-39">
[...]
      </symbol>
      <symbol id="sm-5e0">
         <name>_EPWM5_TZINT_ISR</name>
         <value>0xa195</value>
         <object_component_ref idref="oc-ee"/>
      </symbol>
      <symbol id="sm-5e1">
         <name>_EPWM4_TZINT_ISR</name>
         <value>0xa18b</value>
         <object_component_ref idref="oc-ee"/>
      </symbol>
      <symbol id="sm-5e2">
         <name>_ECAN0INTA_ISR</name>
         <value>0xa2fd</value>
         <object_component_ref idref="oc-ee"/>
      </symbol>
      <symbol id="sm-5e3">
         <name>_EPWM6_TZINT_ISR</name>
         <value>0xa19f</value>
         <object_component_ref idref="oc-ee"/>
      </symbol>
      <symbol id="sm-5e4">
         <name>_EMUINT_ISR</name>
         <value>0xa091</value>
         <object_component_ref idref="oc-ee"/>
      </symbol>
      <symbol id="sm-5e5">
         <name>_ECAP1_INT_ISR</name>
         <value>0xa1e5</value>
         <object_component_ref idref="oc-ee"/>
      </symbol>
      <symbol id="sm-5e6">
         <name>_EPWM1_TZINT_ISR</name>
         <value>0xa16d</value>
         <object_component_ref idref="oc-ee"/>
      </symbol>
      <symbol id="sm-5e7">
         <name>_EQEP2_INT_ISR</name>
         <value>0xa22b</value>
         <object_component_ref idref="oc-ee"/>
      </symbol>
      <symbol id="sm-5e8">
         <name>_USER11_ISR</name>
         <value>0xa113</value>
         <object_component_ref idref="oc-ee"/>
      </symbol>
      <symbol id="sm-5e9">
         <name>_EPWM3_TZINT_ISR</name>
         <value>0xa181</value>
         <object_component_ref idref="oc-ee"/>
      </symbol>
      <symbol id="sm-5ea">
         <name>_USER4_ISR</name>
         <value>0xa0cd</value>
         <object_component_ref idref="oc-ee"/>
      </symbol>
      <symbol id="sm-5eb">
         <name>_EPWM2_TZINT_ISR</name>
         <value>0xa177</value>
         <object_component_ref idref="oc-ee"/>
      </symbol>
      <symbol id="sm-5ec">
         <name>_XINT6_ISR</name>
         <value>0xa343</value>
         <object_component_ref idref="oc-ee"/>
      </symbol>
      <symbol id="sm-5ed">
         <name>_EPWM2_INT_ISR</name>
         <value>0xa1b3</value>
         <object_component_ref idref="oc-ee"/>
      </symbol>
      <symbol id="sm-5ee">
         <name>_ECAN0INTB_ISR</name>
         <value>0xa311</value>
         <object_component_ref idref="oc-ee"/>
      </symbol>
      <symbol id="sm-5ef">
         <name>_TINT0_ISR</name>
         <value>0xa159</value>
         <object_component_ref idref="oc-ee"/>
      </symbol>
      <symbol id="sm-5f0">
         <name>_WAKEINT_ISR</name>
         <value>0xa163</value>
         <object_component_ref idref="oc-ee"/>
      </symbol>
      <symbol id="sm-5f1">
         <name>_DINTCH4_ISR</name>
         <value>0xa28f</value>
         <object_component_ref idref="oc-ee"/>
      </symbol>
      <symbol id="sm-5f2">
         <name>_USER10_ISR</name>
         <value>0xa109</value>
         <object_component_ref idref="oc-ee"/>
      </symbol>
      <symbol id="sm-5f3">
         <name>_USER7_ISR</name>
         <value>0xa0eb</value>
         <object_component_ref idref="oc-ee"/>
      </symbol>
      <symbol id="sm-5f4">
         <name>_XINT1_ISR</name>
         <value>0xa13b</value>
         <object_component_ref idref="oc-ee"/>
      </symbol>
      <symbol id="sm-5f5">
         <name>_ECAP6_INT_ISR</name>
         <value>0xa217</value>
         <object_component_ref idref="oc-ee"/>
      </symbol>
      <symbol id="sm-5f6">
         <name>_INT14_ISR</name>
         <value>0xa073</value>
         <object_component_ref idref="oc-ee"/>
      </symbol>
      <symbol id="sm-5f7">
         <name>_MXINTB_ISR</name>
         <value>0xa253</value>
         <object_component_ref idref="oc-ee"/>
      </symbol>
      <symbol id="sm-5f8">
         <name>_DINTCH5_ISR</name>
         <value>0xa299</value>
         <object_component_ref idref="oc-ee"/>
      </symbol>
      <symbol id="sm-5f9">
         <name>_USER6_ISR</name>
         <value>0xa0e1</value>
         <object_component_ref idref="oc-ee"/>
      </symbol>
      <symbol id="sm-5fa">
         <name>_ECAP4_INT_ISR</name>
         <value>0xa203</value>
         <object_component_ref idref="oc-ee"/>
      </symbol>
      <symbol id="sm-5fb">
         <name>_MRINTA_ISR</name>
         <value>0xa25d</value>
         <object_component_ref idref="oc-ee"/>
      </symbol>
      <symbol id="sm-5fc">
         <name>_DINTCH6_ISR</name>
         <value>0xa2a3</value>
         <object_component_ref idref="oc-ee"/>
      </symbol>
      <symbol id="sm-5fd">
         <name>_USER12_ISR</name>
         <value>0xa11d</value>
         <object_component_ref idref="oc-ee"/>
      </symbol>
      <symbol id="sm-5fe">
         <name>_ADCINT_ISR</name>
         <value>0xa14f</value>
         <object_component_ref idref="oc-ee"/>
      </symbol>
      <symbol id="sm-5ff">
         <name>_USER1_ISR</name>
         <value>0xa0af</value>
         <object_component_ref idref="oc-ee"/>
      </symbol>
      <symbol id="sm-600">
         <name>_XINT3_ISR</name>
         <value>0xa325</value>
         <object_component_ref idref="oc-ee"/>
      </symbol>
      <symbol id="sm-601">
         <name>_EPWM5_INT_ISR</name>
         <value>0xa1d1</value>
         <object_component_ref idref="oc-ee"/>
      </symbol>
      <symbol id="sm-602">
         <name>_NMI_ISR</name>
         <value>0xa09b</value>
         <object_component_ref idref="oc-ee"/>
      </symbol>
      <symbol id="sm-603">
         <name>_SCITXINTB_ISR</name>
         <value>0xa2f3</value>
         <object_component_ref idref="oc-ee"/>
      </symbol>
      <symbol id="sm-604">
         <name>_SCIRXINTB_ISR</name>
         <value>0xa2e9</value>
         <object_component_ref idref="oc-ee"/>
      </symbol>
      <symbol id="sm-605">
         <name>_ECAN1INTA_ISR</name>
         <value>0xa307</value>
         <object_component_ref idref="oc-ee"/>
      </symbol>
      <symbol id="sm-606">
         <name>_ECAP2_INT_ISR</name>
         <value>0xa1ef</value>
         <object_component_ref idref="oc-ee"/>
      </symbol>
      <symbol id="sm-607">
         <name>_PIE_RESERVED</name>
         <value>0xa378</value>
         <object_component_ref idref="oc-ee"/>
      </symbol>
      <symbol id="sm-608">
         <name>_I2CINT1A_ISR</name>
         <value>0xa2ad</value>
         <object_component_ref idref="oc-ee"/>
      </symbol>
      <symbol id="sm-609">
         <name>_XINT2_ISR</name>
         <value>0xa145</value>
         <object_component_ref idref="oc-ee"/>
      </symbol>
      <symbol id="sm-60a">
         <name>_I2CINT2A_ISR</name>
         <value>0xa2b7</value>
         <object_component_ref idref="oc-ee"/>
      </symbol>
      <symbol id="sm-60b">
         <name>_SCITXINTC_ISR</name>
         <value>0xa2cb</value>
         <object_component_ref idref="oc-ee"/>
      </symbol>
      <symbol id="sm-60c">
         <name>_SCIRXINTC_ISR</name>
         <value>0xa2c1</value>
         <object_component_ref idref="oc-ee"/>
      </symbol>
      <symbol id="sm-60d">
         <name>_RTOSINT_ISR</name>
         <value>0xa087</value>
         <object_component_ref idref="oc-ee"/>
      </symbol>
      <symbol id="sm-60e">
         <name>_EPWM3_INT_ISR</name>
         <value>0xa1bd</value>
         <object_component_ref idref="oc-ee"/>
      </symbol>
      <symbol id="sm-60f">
         <name>_ECAN1INTB_ISR</name>
         <value>0xa31b</value>
         <object_component_ref idref="oc-ee"/>
      </symbol>
      <symbol id="sm-610">
         <name>_USER9_ISR</name>
         <value>0xa0ff</value>
         <object_component_ref idref="oc-ee"/>
      </symbol>
      <symbol id="sm-611">
         <name>_USER3_ISR</name>
         <value>0xa0c3</value>
         <object_component_ref idref="oc-ee"/>
      </symbol>
      <symbol id="sm-612">
         <name>_EQEP1_INT_ISR</name>
         <value>0xa221</value>
         <object_component_ref idref="oc-ee"/>
      </symbol>
      <symbol id="sm-613">
         <name>_MRINTB_ISR</name>
         <value>0xa249</value>
         <object_component_ref idref="oc-ee"/>
      </symbol>
      <symbol id="sm-614">
         <name>_DINTCH1_ISR</name>
         <value>0xa271</value>
         <object_component_ref idref="oc-ee"/>
      </symbol>
      <symbol id="sm-615">
         <name>_USER8_ISR</name>
         <value>0xa0f5</value>
         <object_component_ref idref="oc-ee"/>
      </symbol>
      <symbol id="sm-616">
         <name>_EPWM1_INT_ISR</name>
         <value>0xa1a9</value>
         <object_component_ref idref="oc-ee"/>
      </symbol>
      <symbol id="sm-617">
         <name>_SEQ2INT_ISR</name>
         <value>0xa131</value>
         <object_component_ref idref="oc-ee"/>
      </symbol>
      <symbol id="sm-618">
         <name>_USER2_ISR</name>
         <value>0xa0b9</value>
         <object_component_ref idref="oc-ee"/>
      </symbol>
      <symbol id="sm-619">
         <name>_LUF_ISR</name>
         <value>0xa361</value>
         <object_component_ref idref="oc-ee"/>
      </symbol>
      <symbol id="sm-61a">
         <name>_LVF_ISR</name>
         <value>0xa357</value>
         <object_component_ref idref="oc-ee"/>
      </symbol>
      <symbol id="sm-61b">
         <name>_SCITXINTA_ISR</name>
         <value>0xa2df</value>
         <object_component_ref idref="oc-ee"/>
      </symbol>
      <symbol id="sm-61c">
         <name>_SCIRXINTA_ISR</name>
         <value>0xa2d5</value>
         <object_component_ref idref="oc-ee"/>
      </symbol>
      <symbol id="sm-61d">
         <name>_rsvd_ISR</name>
         <value>0xa382</value>
         <object_component_ref idref="oc-ee"/>
      </symbol>
      <symbol id="sm-61e">
         <name>_ECAP5_INT_ISR</name>
         <value>0xa20d</value>
         <object_component_ref idref="oc-ee"/>
      </symbol>
      <symbol id="sm-61f">
         <name>_DINTCH2_ISR</name>
         <value>0xa27b</value>
         <object_component_ref idref="oc-ee"/>
      </symbol>
      <symbol id="sm-620">
         <name>_XINT5_ISR</name>
         <value>0xa339</value>
         <object_component_ref idref="oc-ee"/>
      </symbol>
      <symbol id="sm-62a">
         <name>_DMACH1ModeConfig</name>
         <value>0x9cc4</value>
         <object_component_ref idref="oc-f2"/>
      </symbol>
      <symbol id="sm-62b">
         <name>_DMACH2ModeConfig</name>
         <value>0x9d6b</value>
         <object_component_ref idref="oc-f2"/>
      </symbol>
      <symbol id="sm-62c">
         <name>_DMACH3ModeConfig</name>
         <value>0x9e12</value>
         <object_component_ref idref="oc-f2"/>
      </symbol>
      <symbol id="sm-62d">
         <name>_DMACH4ModeConfig</name>
         <value>0x9eb9</value>
         <object_component_ref idref="oc-f2"/>
      </symbol>
      <symbol id="sm-62e">
         <name>_DMACH5ModeConfig</name>
         <value>0x9f60</value>
         <object_component_ref idref="oc-f2"/>
      </symbol>
      <symbol id="sm-62f">
         <name>_DMACH6ModeConfig</name>
         <value>0xa007</value>
         <object_component_ref idref="oc-f2"/>
      </symbol>
      <symbol id="sm-630">
         <name>_DMACH5BurstConfig</name>
         <value>0x9f2d</value>
         <object_component_ref idref="oc-f2"/>
      </symbol>
      <symbol id="sm-631">
         <name>_DMACH1WrapConfig</name>
         <value>0x9cb1</value>
         <object_component_ref idref="oc-f2"/>
      </symbol>
      <symbol id="sm-632">
         <name>_DMACH2WrapConfig</name>
         <value>0x9d58</value>
         <object_component_ref idref="oc-f2"/>
      </symbol>
      <symbol id="sm-633">
         <name>_DMACH3WrapConfig</name>
         <value>0x9dff</value>
         <object_component_ref idref="oc-f2"/>
      </symbol>
      <symbol id="sm-634">
         <name>_DMACH2BurstConfig</name>
         <value>0x9d38</value>
         <object_component_ref idref="oc-f2"/>
      </symbol>
      <symbol id="sm-635">
         <name>_DMACH4WrapConfig</name>
         <value>0x9ea6</value>
         <object_component_ref idref="oc-f2"/>
      </symbol>
      <symbol id="sm-636">
         <name>_DMACH5WrapConfig</name>
         <value>0x9f4d</value>
         <object_component_ref idref="oc-f2"/>
      </symbol>
      <symbol id="sm-637">
         <name>_DMAInitialize</name>
         <value>0x9c74</value>
         <object_component_ref idref="oc-f2"/>
      </symbol>
      <symbol id="sm-638">
         <name>_DMACH6WrapConfig</name>
         <value>0x9ff4</value>
         <object_component_ref idref="oc-f2"/>
      </symbol>
      <symbol id="sm-639">
         <name>_DMACH3TransferConfig</name>
         <value>0x9def</value>
         <object_component_ref idref="oc-f2"/>
      </symbol>
      <symbol id="sm-63a">
         <name>_DMACH2TransferConfig</name>
         <value>0x9d48</value>
         <object_component_ref idref="oc-f2"/>
      </symbol>
      <symbol id="sm-63b">
         <name>_DMACH1TransferConfig</name>
         <value>0x9ca1</value>
         <object_component_ref idref="oc-f2"/>
      </symbol>
      <symbol id="sm-63c">
         <name>_DMACH6TransferConfig</name>
         <value>0x9fe4</value>
         <object_component_ref idref="oc-f2"/>
      </symbol>
      <symbol id="sm-63d">
         <name>_DMACH5TransferConfig</name>
         <value>0x9f3d</value>
         <object_component_ref idref="oc-f2"/>
      </symbol>
      <symbol id="sm-63e">
         <name>_DMACH4TransferConfig</name>
         <value>0x9e96</value>
         <object_component_ref idref="oc-f2"/>
      </symbol>
      <symbol id="sm-63f">
         <name>_StartDMACH1</name>
         <value>0x9d1e</value>
         <object_component_ref idref="oc-f2"/>
      </symbol>
      <symbol id="sm-640">
         <name>_StartDMACH3</name>
         <value>0x9e6c</value>
         <object_component_ref idref="oc-f2"/>
      </symbol>
      <symbol id="sm-641">
         <name>_StartDMACH2</name>
         <value>0x9dc5</value>
         <object_component_ref idref="oc-f2"/>
      </symbol>
      <symbol id="sm-642">
         <name>_StartDMACH5</name>
         <value>0x9fba</value>
         <object_component_ref idref="oc-f2"/>
      </symbol>
      <symbol id="sm-643">
         <name>_StartDMACH4</name>
         <value>0x9f13</value>
         <object_component_ref idref="oc-f2"/>
      </symbol>
      <symbol id="sm-644">
         <name>_StartDMACH6</name>
         <value>0xa061</value>
         <object_component_ref idref="oc-f2"/>
      </symbol>
      <symbol id="sm-645">
         <name>_DMACH4BurstConfig</name>
         <value>0x9e86</value>
         <object_component_ref idref="oc-f2"/>
      </symbol>
      <symbol id="sm-646">
         <name>_DMACH1BurstConfig</name>
         <value>0x9c91</value>
         <object_component_ref idref="oc-f2"/>
      </symbol>
      <symbol id="sm-647">
         <name>_DMACH1AddrConfig</name>
         <value>0x9c7f</value>
         <object_component_ref idref="oc-f2"/>
      </symbol>
      <symbol id="sm-648">
         <name>_DMACH2AddrConfig</name>
         <value>0x9d26</value>
         <object_component_ref idref="oc-f2"/>
      </symbol>
      <symbol id="sm-649">
         <name>_DMACH3AddrConfig</name>
         <value>0x9dcd</value>
         <object_component_ref idref="oc-f2"/>
      </symbol>
      <symbol id="sm-64a">
         <name>_DMACH4AddrConfig</name>
         <value>0x9e74</value>
         <object_component_ref idref="oc-f2"/>
      </symbol>
      <symbol id="sm-64b">
         <name>_DMACH5AddrConfig</name>
         <value>0x9f1b</value>
         <object_component_ref idref="oc-f2"/>
      </symbol>
      <symbol id="sm-64c">
         <name>_DMACH6AddrConfig</name>
         <value>0x9fc2</value>
         <object_component_ref idref="oc-f2"/>
      </symbol>
      <symbol id="sm-64d">
         <name>_DMACH6BurstConfig</name>
         <value>0x9fd4</value>
         <object_component_ref idref="oc-f2"/>
      </symbol>
      <symbol id="sm-64e">
         <name>_DMACH3BurstConfig</name>
         <value>0x9ddf</value>
         <object_component_ref idref="oc-f2"/>
      </symbol>
      <symbol id="sm-65a">
         <name>_CpuTimer2</name>
         <value>0xd448</value>
         <object_component_ref idref="oc-f9"/>
      </symbol>
      <symbol id="sm-65b">
         <name>_CpuTimer0</name>
         <value>0xd450</value>
         <object_component_ref idref="oc-f9"/>
      </symbol>
      <symbol id="sm-65c">
         <name>_CpuTimer1</name>
         <value>0xd440</value>
         <object_component_ref idref="oc-f9"/>
      </symbol>
      <symbol id="sm-65d">
         <name>_InitCpuTimers</name>
         <value>0xafa7</value>
         <object_component_ref idref="oc-f7"/>
      </symbol>
      <symbol id="sm-65e">
         <name>_ConfigCpuTimer</name>
         <value>0xafe8</value>
         <object_component_ref idref="oc-f7"/>
      </symbol>
      <symbol id="sm-669">
         <name>code_start</name>
         <value>0x0</value>
         <object_component_ref idref="oc-fe"/>
      </symbol>
      <symbol id="sm-673">
         <name>_InitAdc</name>
         <value>0xb2bb</value>
         <object_component_ref idref="oc-102"/>
      </symbol>
      <symbol id="sm-67b">
         <name>_ADC_cal</name>
         <value>0x380080</value>
         <object_component_ref idref="oc-107"/>
      </symbol>
      <symbol id="sm-687">
         <name>_c_int00</name>
         <value>0xb0f4</value>
         <object_component_ref idref="oc-49"/>
      </symbol>
      <symbol id="sm-688">
         <name>__stack</name>
         <value>0x400</value>
         <object_component_ref idref="oc-10b"/>
      </symbol>
      <symbol id="sm-696">
         <name>C$$EXIT</name>
         <value>0xb28d</value>
         <object_component_ref idref="oc-110"/>
      </symbol>
      <symbol id="sm-697">
         <name>_exit</name>
         <value>0xb28f</value>
         <object_component_ref idref="oc-110"/>
      </symbol>
      <symbol id="sm-698">
         <name>_abort</name>
         <value>0xb28d</value>
         <object_component_ref idref="oc-110"/>
      </symbol>
      <symbol id="sm-699">
         <name>__cleanup_ptr</name>
         <value>0xd488</value>
         <object_component_ref idref="oc-113"/>
      </symbol>
      <symbol id="sm-69a">
         <name>__dtors_ptr</name>
         <value>0xd48a</value>
         <object_component_ref idref="oc-113"/>
      </symbol>
      <symbol id="sm-6a2">
         <name>FS$$DIV</name>
         <value>0xaf1f</value>
         <object_component_ref idref="oc-116"/>
      </symbol>
      <symbol id="sm-6aa">
         <name>U$$MOD</name>
         <value>0xb2d4</value>
         <object_component_ref idref="oc-11a"/>
      </symbol>
      <symbol id="sm-6ab">
         <name>U$$DIV</name>
         <value>0xb2cf</value>
         <object_component_ref idref="oc-11a"/>
      </symbol>
      <symbol id="sm-6b9">
         <name>__unlock</name>
         <value>0xd484</value>
         <object_component_ref idref="oc-121"/>
      </symbol>
      <symbol id="sm-6ba">
         <name>__lock</name>
         <value>0xd486</value>
         <object_component_ref idref="oc-121"/>
      </symbol>
      <symbol id="sm-6bb">
         <name>__register_lock</name>
         <value>0xb2de</value>
         <object_component_ref idref="oc-11e"/>
      </symbol>
      <symbol id="sm-6bc">
         <name>__nop</name>
         <value>0xb2e2</value>
         <object_component_ref idref="oc-11e"/>
      </symbol>
      <symbol id="sm-6bd">
         <name>__register_unlock</name>
         <value>0xb2da</value>
         <object_component_ref idref="oc-11e"/>
      </symbol>
      <symbol id="sm-6c7">
         <name>__args_main</name>
         <value>0xb274</value>
         <object_component_ref idref="oc-124"/>
      </symbol>
      <symbol id="sm-6c8">
         <name>__TI_args_main</name>
         <value>0x1</value>
      </symbol>
   </symbol_table>
</link_info>
