******************************************************************************
             TMS320C2000 Linker PC v6.1.3                      
******************************************************************************
>> Linked Thu May 18 10:13:54 2017

OUTPUT FILE NAME:   <SCI_test.out>
ENTRY POINT SYMBOL: "_c_int00"  address: 00339056


MEMORY CONFIGURATION

         name            origin    length      used     unused   attr    fill
----------------------  --------  ---------  --------  --------  ----  --------
PAGE 0:
  ZONE0                 00004000   00001000  00000000  00001000  RWIX
  RAML0                 00008000   00001000  0000001f  00000fe1  RWIX
  RAML1                 00009000   00001000  00000000  00001000  RWIX
  RAML2                 0000a000   00001000  00000000  00001000  RWIX
  RAML3                 0000b000   00001000  00000000  00001000  RWIX
  ZONE6A                00100000   0000fc00  00000000  0000fc00  RWIX
  ZONE7                 00200000   00100000  00000000  00100000  RWIX
  FLASHH                00300000   00008000  00000000  00008000  RWIX
  FLASHG                00308000   00008000  00000000  00008000  RWIX
  FLASHF                00310000   00008000  00000000  00008000  RWIX
  FLASHE                00318000   00008000  00000000  00008000  RWIX
  FLASHD                00320000   00008000  0000001f  00007fe1  RWIX
  FLASHC                00328000   00008000  00000000  00008000  RWIX
  FLASHA                00338000   00007f80  000013ff  00006b81  RWIX
  CSM_RSVD              0033ff80   00000076  00000000  00000076  RWIX
  BEGIN                 0033fff6   00000002  00000002  00000000  RWIX
  CSM_PWL               0033fff8   00000008  00000000  00000008  RWIX
  ADC_CAL               00380080   00000009  00000007  00000002  RWIX
  OTP                   00380400   00000400  00000000  00000400  RWIX
  IQTABLES              003fe000   00000b50  00000000  00000b50  RWIX
  IQTABLES2             003feb50   0000008c  00000000  0000008c  RWIX
  FPUTABLES             003febdc   000006a0  00000000  000006a0  RWIX
  ROM                   003ff27c   00000d44  00000000  00000d44  RWIX
  RESET                 003fffc0   00000002  00000000  00000002  RWIX
  VECTORS               003fffc2   0000003e  00000000  0000003e  RWIX

PAGE 1:
  BOOT_RSVD             00000000   00000050  00000000  00000050  RWIX
  RAMM0                 00000050   000003b0  00000000  000003b0  RWIX
  RAMM1                 00000400   00000400  00000300  00000100  RWIX
  DEV_EMU               00000880   00000180  000000d0  000000b0  RWIX
  FLASH_REGS            00000a80   00000060  00000008  00000058  RWIX
  CSM                   00000ae0   00000010  00000010  00000000  RWIX
  ADC_MIRROR            00000b00   00000010  00000010  00000000  RWIX
  XINTF                 00000b20   00000020  0000001e  00000002  RWIX
  CPU_TIMER0            00000c00   00000008  00000008  00000000  RWIX
  CPU_TIMER1            00000c08   00000008  00000008  00000000  RWIX
  CPU_TIMER2            00000c10   00000008  00000008  00000000  RWIX
  PIE_CTRL              00000ce0   00000020  0000001a  00000006  RWIX
  PIE_VECT              00000d00   00000100  00000100  00000000  RWIX
  DMA                   00001000   00000200  000000e0  00000120  RWIX
  MCBSPA                00005000   00000040  00000025  0000001b  RWIX
  MCBSPB                00005040   00000040  00000025  0000001b  RWIX
  ECANA                 00006000   00000040  00000034  0000000c  RWIX
  ECANA_LAM             00006040   00000040  00000040  00000000  RWIX
  ECANA_MOTS            00006080   00000040  00000040  00000000  RWIX
  ECANA_MOTO            000060c0   00000040  00000040  00000000  RWIX
  ECANA_MBOX            00006100   00000100  00000100  00000000  RWIX
  ECANB                 00006200   00000040  00000034  0000000c  RWIX
  ECANB_LAM             00006240   00000040  00000040  00000000  RWIX
  ECANB_MOTS            00006280   00000040  00000040  00000000  RWIX
  ECANB_MOTO            000062c0   00000040  00000040  00000000  RWIX
  ECANB_MBOX            00006300   00000100  00000100  00000000  RWIX
  EPWM1                 00006800   00000022  00000022  00000000  RWIX
  EPWM2                 00006840   00000022  00000022  00000000  RWIX
  EPWM3                 00006880   00000022  00000022  00000000  RWIX
  EPWM4                 000068c0   00000022  00000022  00000000  RWIX
  EPWM5                 00006900   00000022  00000022  00000000  RWIX
  EPWM6                 00006940   00000022  00000022  00000000  RWIX
  ECAP1                 00006a00   00000020  00000020  00000000  RWIX
  ECAP2                 00006a20   00000020  00000020  00000000  RWIX
  ECAP3                 00006a40   00000020  00000020  00000000  RWIX
  ECAP4                 00006a60   00000020  00000020  00000000  RWIX
  ECAP5                 00006a80   00000020  00000020  00000000  RWIX
  ECAP6                 00006aa0   00000020  00000020  00000000  RWIX
  EQEP1                 00006b00   00000040  00000040  00000000  RWIX
  EQEP2                 00006b40   00000040  00000040  00000000  RWIX
  GPIOCTRL              00006f80   00000040  0000002e  00000012  RWIX
  GPIODAT               00006fc0   00000020  00000020  00000000  RWIX
  GPIOINT               00006fe0   00000020  0000000a  00000016  RWIX
  SYSTEM                00007010   00000020  00000020  00000000  RWIX
  SPIA                  00007040   00000010  00000010  00000000  RWIX
  SCIA                  00007050   00000010  00000010  00000000  RWIX
  XINTRUPT              00007070   00000010  00000010  00000000  RWIX
  ADC                   00007100   00000020  0000001e  00000002  RWIX
  SCIB                  00007750   00000010  00000010  00000000  RWIX
  SCIC                  00007770   00000010  00000010  00000000  RWIX
  I2CA                  00007900   00000040  00000022  0000001e  RWIX
  RAML4                 0000c000   00001000  00000268  00000d98  RWIX
  RAML5                 0000d000   00001000  00000000  00001000  RWIX
  RAML6                 0000e000   00001000  00000000  00001000  RWIX
  RAML7                 0000f000   00001000  00000000  00001000  RWIX
  ZONE6B                0010fc00   00000400  00000000  00000400  RWIX
  FLASHB                00330000   00008000  00000000  00008000  RWIX
  CSM_PWL               0033fff8   00000008  00000008  00000000  RWIX


SECTION ALLOCATION MAP

 output                                  attributes/
section   page    origin      length       input sections
--------  ----  ----------  ----------   ----------------
.pinit     0    00338000    00000000     UNINITIALIZED

ramfuncs   0    00320000    0000001f     RUN ADDR = 00008000
                  00320000    0000001b     DSP2833x_SysCtrl.obj (ramfuncs)
                  0032001b    00000004     DSP2833x_usDelay.obj (ramfuncs)

.text      0    00338000    000011ef     
                  00338000    00000323     DSP2833x_DefaultIsr.obj (.text:retain)
                  00338323    00000312     USER_Motion.obj (.text)
                  00338635    000002a7     USER_Sci.obj (.text)
                  003388dc    000001ab     USER_Pwm.obj (.text)
                  00338a87    00000179     USER_Common.obj (.text)
                  00338c00    000000fd     USER_Sensor.obj (.text:retain)
                  00338cfd    000000f6     DSP2833x_Xintf.obj (.text)
                  00338df3    000000f3     DSP2833x_SysCtrl.obj (.text)
                  00338ee6    00000088     rts2800_fpu32.lib : fs_div.obj (.text)
                  00338f6e    0000007c     DSP2833x_CpuTimers.obj (.text)
                  00338fea    0000006c     USER_Sci.obj (.text:retain)
                  00339056    00000046     rts2800_fpu32.lib : boot.obj (.text)
                  0033909c    0000003f     DSP2833x_Sci.obj (.text)
                  003390db    0000002c     DSP2833x_Spi.obj (.text)
                  00339107    00000028     DSP2833x_PieCtrl.obj (.text)
                  0033912f    00000020     DSP2833x_PieVect.obj (.text)
                  0033914f    00000020     SCI.obj (.text)
                  0033916f    0000001a     USER_Spi.obj (.text)
                  00339189    00000019     rts2800_fpu32.lib : args_main.obj (.text)
                  003391a2    00000019                       : exit.obj (.text)
                  003391bb    00000015     DSP2833x_MemCopy.obj (.text)
                  003391d0    0000000b     rts2800_fpu32.lib : u_div.obj (.text)
                  003391db    00000009                       : _lock.obj (.text)
                  003391e4    00000008     DSP2833x_CodeStartBranch.obj (.text)
                  003391ec    00000002     USER_Distance.obj (.text)
                  003391ee    00000001     USER_Sensor.obj (.text)

.econst    0    003391f0    0000012b     
                  003391f0    00000100     DSP2833x_PieVect.obj (.econst)
                  003392f0    00000020     USER_Pwm.obj (.econst:_T_Matrix)
                  00339310    00000008     USER_Pwm.obj (.econst:_$P$T0$1)
                  00339318    00000003     USER_Sci.obj (.econst:.string)

.cinit     0    0033931b    000000e5     
                  0033931b    00000058     SCI.obj (.cinit)
                  00339373    0000003c     USER_Motion.obj (.cinit)
                  003393af    0000002b     USER_Sensor.obj (.cinit)
                  003393da    00000010     USER_Sci.obj (.cinit)
                  003393ea    0000000a     rts2800_fpu32.lib : _lock.obj (.cinit)
                  003393f4    0000000a                       : exit.obj (.cinit)
                  003393fe    00000002     --HOLE-- [fill = 0]

codestart 
*          0    0033fff6    00000002     
                  0033fff6    00000002     DSP2833x_CodeStartBranch.obj (codestart)

.adc_cal   0    00380080    00000007     NOLOAD SECTION
                  00380080    00000007     DSP2833x_ADC_cal.obj (.adc_cal)

.reset     0    003fffc0    00000002     DSECT
                  003fffc0    00000002     rts2800_fpu32.lib : boot.obj (.reset)

vectors    0    003fffc2    00000000     DSECT

.stack     1    00000400    00000300     UNINITIALIZED
                  00000400    00000300     --HOLE--

DevEmuRegsFile 
*          1    00000880    000000d0     UNINITIALIZED
                  00000880    000000d0     DSP2833x_GlobalVariableDefs.obj (DevEmuRegsFile)

FlashRegsFile 
*          1    00000a80    00000008     UNINITIALIZED
                  00000a80    00000008     DSP2833x_GlobalVariableDefs.obj (FlashRegsFile)

CsmRegsFile 
*          1    00000ae0    00000010     UNINITIALIZED
                  00000ae0    00000010     DSP2833x_GlobalVariableDefs.obj (CsmRegsFile)

AdcMirrorFile 
*          1    00000b00    00000010     UNINITIALIZED
                  00000b00    00000010     DSP2833x_GlobalVariableDefs.obj (AdcMirrorFile)

XintfRegsFile 
*          1    00000b20    0000001e     UNINITIALIZED
                  00000b20    0000001e     DSP2833x_GlobalVariableDefs.obj (XintfRegsFile)

CpuTimer0RegsFile 
*          1    00000c00    00000008     UNINITIALIZED
                  00000c00    00000008     DSP2833x_GlobalVariableDefs.obj (CpuTimer0RegsFile)

CpuTimer1RegsFile 
*          1    00000c08    00000008     UNINITIALIZED
                  00000c08    00000008     DSP2833x_GlobalVariableDefs.obj (CpuTimer1RegsFile)

CpuTimer2RegsFile 
*          1    00000c10    00000008     UNINITIALIZED
                  00000c10    00000008     DSP2833x_GlobalVariableDefs.obj (CpuTimer2RegsFile)

PieCtrlRegsFile 
*          1    00000ce0    0000001a     UNINITIALIZED
                  00000ce0    0000001a     DSP2833x_GlobalVariableDefs.obj (PieCtrlRegsFile)

PieVectTableFile 
*          1    00000d00    00000100     UNINITIALIZED
                  00000d00    00000100     DSP2833x_GlobalVariableDefs.obj (PieVectTableFile)

DmaRegsFile 
*          1    00001000    000000e0     UNINITIALIZED
                  00001000    000000e0     DSP2833x_GlobalVariableDefs.obj (DmaRegsFile)

McbspaRegsFile 
*          1    00005000    00000025     UNINITIALIZED
                  00005000    00000025     DSP2833x_GlobalVariableDefs.obj (McbspaRegsFile)

McbspbRegsFile 
*          1    00005040    00000025     UNINITIALIZED
                  00005040    00000025     DSP2833x_GlobalVariableDefs.obj (McbspbRegsFile)

ECanaRegsFile 
*          1    00006000    00000034     UNINITIALIZED
                  00006000    00000034     DSP2833x_GlobalVariableDefs.obj (ECanaRegsFile)

ECanaLAMRegsFile 
*          1    00006040    00000040     UNINITIALIZED
                  00006040    00000040     DSP2833x_GlobalVariableDefs.obj (ECanaLAMRegsFile)

ECanaMOTSRegsFile 
*          1    00006080    00000040     UNINITIALIZED
                  00006080    00000040     DSP2833x_GlobalVariableDefs.obj (ECanaMOTSRegsFile)

ECanaMOTORegsFile 
*          1    000060c0    00000040     UNINITIALIZED
                  000060c0    00000040     DSP2833x_GlobalVariableDefs.obj (ECanaMOTORegsFile)

ECanaMboxesFile 
*          1    00006100    00000100     UNINITIALIZED
                  00006100    00000100     DSP2833x_GlobalVariableDefs.obj (ECanaMboxesFile)

ECanbRegsFile 
*          1    00006200    00000034     UNINITIALIZED
                  00006200    00000034     DSP2833x_GlobalVariableDefs.obj (ECanbRegsFile)

ECanbLAMRegsFile 
*          1    00006240    00000040     UNINITIALIZED
                  00006240    00000040     DSP2833x_GlobalVariableDefs.obj (ECanbLAMRegsFile)

ECanbMOTSRegsFile 
*          1    00006280    00000040     UNINITIALIZED
                  00006280    00000040     DSP2833x_GlobalVariableDefs.obj (ECanbMOTSRegsFile)

ECanbMOTORegsFile 
*          1    000062c0    00000040     UNINITIALIZED
                  000062c0    00000040     DSP2833x_GlobalVariableDefs.obj (ECanbMOTORegsFile)

ECanbMboxesFile 
*          1    00006300    00000100     UNINITIALIZED
                  00006300    00000100     DSP2833x_GlobalVariableDefs.obj (ECanbMboxesFile)

EPwm1RegsFile 
*          1    00006800    00000022     UNINITIALIZED
                  00006800    00000022     DSP2833x_GlobalVariableDefs.obj (EPwm1RegsFile)

EPwm2RegsFile 
*          1    00006840    00000022     UNINITIALIZED
                  00006840    00000022     DSP2833x_GlobalVariableDefs.obj (EPwm2RegsFile)

EPwm3RegsFile 
*          1    00006880    00000022     UNINITIALIZED
                  00006880    00000022     DSP2833x_GlobalVariableDefs.obj (EPwm3RegsFile)

EPwm4RegsFile 
*          1    000068c0    00000022     UNINITIALIZED
                  000068c0    00000022     DSP2833x_GlobalVariableDefs.obj (EPwm4RegsFile)

EPwm5RegsFile 
*          1    00006900    00000022     UNINITIALIZED
                  00006900    00000022     DSP2833x_GlobalVariableDefs.obj (EPwm5RegsFile)

EPwm6RegsFile 
*          1    00006940    00000022     UNINITIALIZED
                  00006940    00000022     DSP2833x_GlobalVariableDefs.obj (EPwm6RegsFile)

ECap1RegsFile 
*          1    00006a00    00000020     UNINITIALIZED
                  00006a00    00000020     DSP2833x_GlobalVariableDefs.obj (ECap1RegsFile)

ECap2RegsFile 
*          1    00006a20    00000020     UNINITIALIZED
                  00006a20    00000020     DSP2833x_GlobalVariableDefs.obj (ECap2RegsFile)

ECap3RegsFile 
*          1    00006a40    00000020     UNINITIALIZED
                  00006a40    00000020     DSP2833x_GlobalVariableDefs.obj (ECap3RegsFile)

ECap4RegsFile 
*          1    00006a60    00000020     UNINITIALIZED
                  00006a60    00000020     DSP2833x_GlobalVariableDefs.obj (ECap4RegsFile)

ECap5RegsFile 
*          1    00006a80    00000020     UNINITIALIZED
                  00006a80    00000020     DSP2833x_GlobalVariableDefs.obj (ECap5RegsFile)

ECap6RegsFile 
*          1    00006aa0    00000020     UNINITIALIZED
                  00006aa0    00000020     DSP2833x_GlobalVariableDefs.obj (ECap6RegsFile)

EQep1RegsFile 
*          1    00006b00    00000040     UNINITIALIZED
                  00006b00    00000040     DSP2833x_GlobalVariableDefs.obj (EQep1RegsFile)

EQep2RegsFile 
*          1    00006b40    00000040     UNINITIALIZED
                  00006b40    00000040     DSP2833x_GlobalVariableDefs.obj (EQep2RegsFile)

GpioCtrlRegsFile 
*          1    00006f80    0000002e     UNINITIALIZED
                  00006f80    0000002e     DSP2833x_GlobalVariableDefs.obj (GpioCtrlRegsFile)

GpioDataRegsFile 
*          1    00006fc0    00000020     UNINITIALIZED
                  00006fc0    00000020     DSP2833x_GlobalVariableDefs.obj (GpioDataRegsFile)

GpioIntRegsFile 
*          1    00006fe0    0000000a     UNINITIALIZED
                  00006fe0    0000000a     DSP2833x_GlobalVariableDefs.obj (GpioIntRegsFile)

SysCtrlRegsFile 
*          1    00007010    00000020     UNINITIALIZED
                  00007010    00000020     DSP2833x_GlobalVariableDefs.obj (SysCtrlRegsFile)

SpiaRegsFile 
*          1    00007040    00000010     UNINITIALIZED
                  00007040    00000010     DSP2833x_GlobalVariableDefs.obj (SpiaRegsFile)

SciaRegsFile 
*          1    00007050    00000010     UNINITIALIZED
                  00007050    00000010     DSP2833x_GlobalVariableDefs.obj (SciaRegsFile)

XIntruptRegsFile 
*          1    00007070    00000010     UNINITIALIZED
                  00007070    00000010     DSP2833x_GlobalVariableDefs.obj (XIntruptRegsFile)

AdcRegsFile 
*          1    00007100    0000001e     UNINITIALIZED
                  00007100    0000001e     DSP2833x_GlobalVariableDefs.obj (AdcRegsFile)

ScibRegsFile 
*          1    00007750    00000010     UNINITIALIZED
                  00007750    00000010     DSP2833x_GlobalVariableDefs.obj (ScibRegsFile)

ScicRegsFile 
*          1    00007770    00000010     UNINITIALIZED
                  00007770    00000010     DSP2833x_GlobalVariableDefs.obj (ScicRegsFile)

I2caRegsFile 
*          1    00007900    00000022     UNINITIALIZED
                  00007900    00000022     DSP2833x_GlobalVariableDefs.obj (I2caRegsFile)

.ebss      1    0000c000    00000268     UNINITIALIZED
                  0000c000    00000224     SCI.obj (.ebss)
                  0000c224    00000018     DSP2833x_CpuTimers.obj (.ebss)
                  0000c23c    00000004     USER_Sci.obj (.ebss)
                  0000c240    00000012     USER_Motion.obj (.ebss)
                  0000c252    0000000e     USER_Sensor.obj (.ebss)
                  0000c260    00000004     rts2800_fpu32.lib : _lock.obj (.ebss)
                  0000c264    00000004                       : exit.obj (.ebss)

CsmPwlFile 
*          1    0033fff8    00000008     UNINITIALIZED
                  0033fff8    00000008     DSP2833x_GlobalVariableDefs.obj (CsmPwlFile)


GLOBAL SYMBOLS: SORTED ALPHABETICALLY BY Name 

address    name
--------   ----
00338000   .text
003391a2   C$$EXIT
00338ee6   FS$$DIV
003391d0   U$$DIV
003391d5   U$$MOD
003380e6   _ADCINT_ISR
00380080   _ADC_cal
0000c003   _AHRS_RX_Flag
0000c140   _AHRS_Rx_Buffer
0000c007   _AUV_State
00000b00   _AdcMirror
00007100   _AdcRegs
0000c258   _Alt
00338ad7   _Circle_Led
00338faf   _ConfigCpuTimer
0000c234   _CpuTimer0
00000c00   _CpuTimer0Regs
0000c224   _CpuTimer1
00000c08   _CpuTimer1Regs
0000c22c   _CpuTimer2
00000c10   _CpuTimer2Regs
0033fff8   _CsmPwl
00000ae0   _CsmRegs
00338eb5   _CsmUnlock
00338014   _DATALOG_ISR
00338208   _DINTCH1_ISR
00338212   _DINTCH2_ISR
0033821c   _DINTCH3_ISR
00338226   _DINTCH4_ISR
00338230   _DINTCH5_ISR
0033823a   _DINTCH6_ISR
0000801b   _DSP28x_usDelay
00338635   _DataInter_AHRS
0033863e   _DataInter_Pc
00338b98   _Delay_1ms
00338bab   _Delay_Nms
00000880   _DevEmuRegs
00338e06   _DisableDog
00001000   _DmaRegs
00338294   _ECAN0INTA_ISR
003382a8   _ECAN0INTB_ISR
0033829e   _ECAN1INTA_ISR
003382b2   _ECAN1INTB_ISR
0033817c   _ECAP1_INT_ISR
00338186   _ECAP2_INT_ISR
00338190   _ECAP3_INT_ISR
0033819a   _ECAP4_INT_ISR
003381a4   _ECAP5_INT_ISR
003381ae   _ECAP6_INT_ISR
00006040   _ECanaLAMRegs
000060c0   _ECanaMOTORegs
00006080   _ECanaMOTSRegs
00006100   _ECanaMboxes
00006000   _ECanaRegs
00006240   _ECanbLAMRegs
000062c0   _ECanbMOTORegs
00006280   _ECanbMOTSRegs
00006300   _ECanbMboxes
00006200   _ECanbRegs
00006a00   _ECap1Regs
00006a20   _ECap2Regs
00006a40   _ECap3Regs
00006a60   _ECap4Regs
00006a80   _ECap5Regs
00006aa0   _ECap6Regs
00338302   _EMPTY_ISR
00338028   _EMUINT_ISR
00338140   _EPWM1_INT_ISR
00338104   _EPWM1_TZINT_ISR
0033814a   _EPWM2_INT_ISR
0033810e   _EPWM2_TZINT_ISR
00338154   _EPWM3_INT_ISR
00338118   _EPWM3_TZINT_ISR
0033815e   _EPWM4_INT_ISR
00338122   _EPWM4_TZINT_ISR
00338168   _EPWM5_INT_ISR
0033812c   _EPWM5_TZINT_ISR
00338172   _EPWM6_INT_ISR
00338136   _EPWM6_TZINT_ISR
00006800   _EPwm1Regs
00006840   _EPwm2Regs
00006880   _EPwm3Regs
000068c0   _EPwm4Regs
00006900   _EPwm5Regs
00006940   _EPwm6Regs
003389c7   _EPwmSetup1
003389ce   _EPwmSetup2
003389d5   _EPwmSetup3
003389dc   _EPwmSetup4
003388dc   _EPwm_Init
003381b8   _EQEP1_INT_ISR
003381c2   _EQEP2_INT_ISR
00006b00   _EQep1Regs
00006b40   _EQep2Regs
00339126   _EnableInterrupts
00000a80   _FlashRegs
0000c00e   _Force
00006f80   _GpioCtrlRegs
00006fc0   _GpioDataRegs
00006fe0   _GpioIntRegs
00338b91   _Gpio_Init
00338244   _I2CINT1A_ISR
0033824e   _I2CINT2A_ISR
00007900   _I2caRegs
0033803c   _ILLEGAL_ISR
00338000   _INT13_ISR
0033800a   _INT14_ISR
00338cde   _ISRTimer0
00338f6e   _InitCpuTimers
00008000   _InitFlash
00338e5a   _InitPeripheralClocks
00339107   _InitPieCtrl
0033912f   _InitPieVectTable
00338e0e   _InitPll
0033909c   _InitSci
0033909d   _InitSciGpio
003390a0   _InitSciaGpio
003390b5   _InitScibGpio
003390c5   _InitScicGpio
003390db   _InitSpi
003390dc   _InitSpiGpio
003390df   _InitSpiaGpio
00338df3   _InitSysCtrl
00338cfd   _InitXintf
00338d99   _InitXintf16Gpio
00338d52   _InitXintf32Gpio
00338af4   _IntTime_Config
0000c00c   _KD
0000c00a   _KI
0000c008   _KP
003382f8   _LUF_ISR
003382ee   _LVF_ISR
0000c005   _Last_AUV_State
00338ab3   _Led_Drive
003381f4   _MRINTA_ISR
003381e0   _MRINTB_ISR
003381fe   _MXINTA_ISR
003381ea   _MXINTB_ISR
00005000   _McbspaRegs
00005040   _McbspbRegs
003391bb   _MemCopy
00338445   _Motion_Control
003383df   _Motion_Type
003389e3   _Motor_Out
00338032   _NMI_ISR
0000c000   _PC_RX_Flag
0000c040   _PC_Rx_Buffer
0033830f   _PIE_RESERVED
00338b3a   _Para_Init
00000ce0   _PieCtrlRegs
00000d00   _PieVectTable
003391f0   _PieVectTableInit
0000c252   _Press
0033801e   _RTOSINT_ISR
0032001f   _RamfuncsLoadEnd
00320000   _RamfuncsLoadStart
00008000   _RamfuncsRunStart
0000c1c0   _Real_AHRSBuff
0000c0c0   _Real_PcBuff
0000c25a   _Real_Pitch
0000c25c   _Real_Roll
0000c25e   _Real_Yaw
0000c004   _ReceivedChar
0033826c   _SCIRXINTA_ISR
00338280   _SCIRXINTB_ISR
00338258   _SCIRXINTC_ISR
00338276   _SCITXINTA_ISR
0033828a   _SCITXINTB_ISR
00338262   _SCITXINTC_ISR
003380be   _SEQ1INT_ISR
003380c8   _SEQ2INT_ISR
003381cc   _SPIRXINTA_ISR
003381d6   _SPITXINTA_ISR
0000c012   _SPI_Rx_Buffer
0000c01c   _SPI_Tx_Buffer
00338727   _Sci_Init
003387f2   _Sci_Send
003387c4   _Sci_Send_Sing
00007050   _SciaRegs
0033876b   _Scia_Msg
00338762   _Scia_Xmit
00007750   _ScibRegs
00338791   _Scib_Msg
00338780   _Scib_Xmit
00007770   _ScicRegs
003387af   _Scic_Msg
003387a6   _Scic_Xmit
003391ee   _Sensor_Analysis
00338dfc   _ServiceDog
00338323   _Set_PID
00338342   _SingleMotor_Control
00007040   _SpiaRegs
00338b5a   _Store_PcData
00338b6d   _Store_SensorData
00007010   _SysCtrlRegs
003380f0   _TINT0_ISR
00338820   _TXD_USART_BIN
003388a9   _TXD_USART_DEC
003392f0   _T_Matrix
0000c253   _Tempr
003383b2   _TotalMotor_Control
003386f1   _UART_Send
003386ba   _UART_SendDis
00338684   _UART_SendSensor
003380a0   _USER10_ISR
003380aa   _USER11_ISR
003380b4   _USER12_ISR
00338046   _USER1_ISR
00338050   _USER2_ISR
0033805a   _USER3_ISR
00338064   _USER4_ISR
0033806e   _USER5_ISR
00338078   _USER6_ISR
00338082   _USER7_ISR
0033808c   _USER8_ISR
00338096   _USER9_ISR
0033916f   _USER_SPIInit
00339174   _USER_SPI_Init
00338c00   _Uart_AHRS
00338fea   _Uart_Rx
003380fa   _WAKEINT_ISR
003380d2   _XINT1_ISR
003380dc   _XINT2_ISR
003382bc   _XINT3_ISR
003382c6   _XINT4_ISR
003382d0   _XINT5_ISR
003382da   _XINT6_ISR
003382e4   _XINT7_ISR
00007070   _XIntruptRegs
00000b20   _XintfRegs
00000700   __STACK_END
00000300   __STACK_SIZE
00000001   __TI_args_main
ffffffff   ___binit__
ffffffff   ___c_args__
0033931b   ___cinit__
003391ef   ___etext__
ffffffff   ___pinit__
00338000   ___text__
00339189   __args_main
0000c264   __cleanup_ptr
0000c266   __dtors_ptr
0000c262   __lock
003391e3   __nop
003391df   __register_lock
003391db   __register_unlock
00000400   __stack
0000c260   __unlock
003391a2   _abort
00339056   _c_int00
003391ed   _distanceIstr
003391ec   _distanceframe
003391a4   _exit
0000c001   _gl_Distance
0000c002   _gl_FlagMotionCycle
0000c006   _gl_MotionFlag
0033914f   _main
0000c244   _motion
0000c240   _number
00338319   _rsvd_ISR
0000c246   _speed
ffffffff   binit
0033931b   cinit
0033fff6   code_start
003391ef   etext
ffffffff   pinit


GLOBAL SYMBOLS: SORTED BY Symbol Address 

address    name
--------   ----
00000001   __TI_args_main
00000300   __STACK_SIZE
00000400   __stack
00000700   __STACK_END
00000880   _DevEmuRegs
00000a80   _FlashRegs
00000ae0   _CsmRegs
00000b00   _AdcMirror
00000b20   _XintfRegs
00000c00   _CpuTimer0Regs
00000c08   _CpuTimer1Regs
00000c10   _CpuTimer2Regs
00000ce0   _PieCtrlRegs
00000d00   _PieVectTable
00001000   _DmaRegs
00005000   _McbspaRegs
00005040   _McbspbRegs
00006000   _ECanaRegs
00006040   _ECanaLAMRegs
00006080   _ECanaMOTSRegs
000060c0   _ECanaMOTORegs
00006100   _ECanaMboxes
00006200   _ECanbRegs
00006240   _ECanbLAMRegs
00006280   _ECanbMOTSRegs
000062c0   _ECanbMOTORegs
00006300   _ECanbMboxes
00006800   _EPwm1Regs
00006840   _EPwm2Regs
00006880   _EPwm3Regs
000068c0   _EPwm4Regs
00006900   _EPwm5Regs
00006940   _EPwm6Regs
00006a00   _ECap1Regs
00006a20   _ECap2Regs
00006a40   _ECap3Regs
00006a60   _ECap4Regs
00006a80   _ECap5Regs
00006aa0   _ECap6Regs
00006b00   _EQep1Regs
00006b40   _EQep2Regs
00006f80   _GpioCtrlRegs
00006fc0   _GpioDataRegs
00006fe0   _GpioIntRegs
00007010   _SysCtrlRegs
00007040   _SpiaRegs
00007050   _SciaRegs
00007070   _XIntruptRegs
00007100   _AdcRegs
00007750   _ScibRegs
00007770   _ScicRegs
00007900   _I2caRegs
00008000   _InitFlash
00008000   _RamfuncsRunStart
0000801b   _DSP28x_usDelay
0000c000   _PC_RX_Flag
0000c001   _gl_Distance
0000c002   _gl_FlagMotionCycle
0000c003   _AHRS_RX_Flag
0000c004   _ReceivedChar
0000c005   _Last_AUV_State
0000c006   _gl_MotionFlag
0000c007   _AUV_State
0000c008   _KP
0000c00a   _KI
0000c00c   _KD
0000c00e   _Force
0000c012   _SPI_Rx_Buffer
0000c01c   _SPI_Tx_Buffer
0000c040   _PC_Rx_Buffer
0000c0c0   _Real_PcBuff
0000c140   _AHRS_Rx_Buffer
0000c1c0   _Real_AHRSBuff
0000c224   _CpuTimer1
0000c22c   _CpuTimer2
0000c234   _CpuTimer0
0000c240   _number
0000c244   _motion
0000c246   _speed
0000c252   _Press
0000c253   _Tempr
0000c258   _Alt
0000c25a   _Real_Pitch
0000c25c   _Real_Roll
0000c25e   _Real_Yaw
0000c260   __unlock
0000c262   __lock
0000c264   __cleanup_ptr
0000c266   __dtors_ptr
00320000   _RamfuncsLoadStart
0032001f   _RamfuncsLoadEnd
00338000   .text
00338000   _INT13_ISR
00338000   ___text__
0033800a   _INT14_ISR
00338014   _DATALOG_ISR
0033801e   _RTOSINT_ISR
00338028   _EMUINT_ISR
00338032   _NMI_ISR
0033803c   _ILLEGAL_ISR
00338046   _USER1_ISR
00338050   _USER2_ISR
0033805a   _USER3_ISR
00338064   _USER4_ISR
0033806e   _USER5_ISR
00338078   _USER6_ISR
00338082   _USER7_ISR
0033808c   _USER8_ISR
00338096   _USER9_ISR
003380a0   _USER10_ISR
003380aa   _USER11_ISR
003380b4   _USER12_ISR
003380be   _SEQ1INT_ISR
003380c8   _SEQ2INT_ISR
003380d2   _XINT1_ISR
003380dc   _XINT2_ISR
003380e6   _ADCINT_ISR
003380f0   _TINT0_ISR
003380fa   _WAKEINT_ISR
00338104   _EPWM1_TZINT_ISR
0033810e   _EPWM2_TZINT_ISR
00338118   _EPWM3_TZINT_ISR
00338122   _EPWM4_TZINT_ISR
0033812c   _EPWM5_TZINT_ISR
00338136   _EPWM6_TZINT_ISR
00338140   _EPWM1_INT_ISR
0033814a   _EPWM2_INT_ISR
00338154   _EPWM3_INT_ISR
0033815e   _EPWM4_INT_ISR
00338168   _EPWM5_INT_ISR
00338172   _EPWM6_INT_ISR
0033817c   _ECAP1_INT_ISR
00338186   _ECAP2_INT_ISR
00338190   _ECAP3_INT_ISR
0033819a   _ECAP4_INT_ISR
003381a4   _ECAP5_INT_ISR
003381ae   _ECAP6_INT_ISR
003381b8   _EQEP1_INT_ISR
003381c2   _EQEP2_INT_ISR
003381cc   _SPIRXINTA_ISR
003381d6   _SPITXINTA_ISR
003381e0   _MRINTB_ISR
003381ea   _MXINTB_ISR
003381f4   _MRINTA_ISR
003381fe   _MXINTA_ISR
00338208   _DINTCH1_ISR
00338212   _DINTCH2_ISR
0033821c   _DINTCH3_ISR
00338226   _DINTCH4_ISR
00338230   _DINTCH5_ISR
0033823a   _DINTCH6_ISR
00338244   _I2CINT1A_ISR
0033824e   _I2CINT2A_ISR
00338258   _SCIRXINTC_ISR
00338262   _SCITXINTC_ISR
0033826c   _SCIRXINTA_ISR
00338276   _SCITXINTA_ISR
00338280   _SCIRXINTB_ISR
0033828a   _SCITXINTB_ISR
00338294   _ECAN0INTA_ISR
0033829e   _ECAN1INTA_ISR
003382a8   _ECAN0INTB_ISR
003382b2   _ECAN1INTB_ISR
003382bc   _XINT3_ISR
003382c6   _XINT4_ISR
003382d0   _XINT5_ISR
003382da   _XINT6_ISR
003382e4   _XINT7_ISR
003382ee   _LVF_ISR
003382f8   _LUF_ISR
00338302   _EMPTY_ISR
0033830f   _PIE_RESERVED
00338319   _rsvd_ISR
00338323   _Set_PID
00338342   _SingleMotor_Control
003383b2   _TotalMotor_Control
003383df   _Motion_Type
00338445   _Motion_Control
00338635   _DataInter_AHRS
0033863e   _DataInter_Pc
00338684   _UART_SendSensor
003386ba   _UART_SendDis
003386f1   _UART_Send
00338727   _Sci_Init
00338762   _Scia_Xmit
0033876b   _Scia_Msg
00338780   _Scib_Xmit
00338791   _Scib_Msg
003387a6   _Scic_Xmit
003387af   _Scic_Msg
003387c4   _Sci_Send_Sing
003387f2   _Sci_Send
00338820   _TXD_USART_BIN
003388a9   _TXD_USART_DEC
003388dc   _EPwm_Init
003389c7   _EPwmSetup1
003389ce   _EPwmSetup2
003389d5   _EPwmSetup3
003389dc   _EPwmSetup4
003389e3   _Motor_Out
00338ab3   _Led_Drive
00338ad7   _Circle_Led
00338af4   _IntTime_Config
00338b3a   _Para_Init
00338b5a   _Store_PcData
00338b6d   _Store_SensorData
00338b91   _Gpio_Init
00338b98   _Delay_1ms
00338bab   _Delay_Nms
00338c00   _Uart_AHRS
00338cde   _ISRTimer0
00338cfd   _InitXintf
00338d52   _InitXintf32Gpio
00338d99   _InitXintf16Gpio
00338df3   _InitSysCtrl
00338dfc   _ServiceDog
00338e06   _DisableDog
00338e0e   _InitPll
00338e5a   _InitPeripheralClocks
00338eb5   _CsmUnlock
00338ee6   FS$$DIV
00338f6e   _InitCpuTimers
00338faf   _ConfigCpuTimer
00338fea   _Uart_Rx
00339056   _c_int00
0033909c   _InitSci
0033909d   _InitSciGpio
003390a0   _InitSciaGpio
003390b5   _InitScibGpio
003390c5   _InitScicGpio
003390db   _InitSpi
003390dc   _InitSpiGpio
003390df   _InitSpiaGpio
00339107   _InitPieCtrl
00339126   _EnableInterrupts
0033912f   _InitPieVectTable
0033914f   _main
0033916f   _USER_SPIInit
00339174   _USER_SPI_Init
00339189   __args_main
003391a2   C$$EXIT
003391a2   _abort
003391a4   _exit
003391bb   _MemCopy
003391d0   U$$DIV
003391d5   U$$MOD
003391db   __register_unlock
003391df   __register_lock
003391e3   __nop
003391ec   _distanceframe
003391ed   _distanceIstr
003391ee   _Sensor_Analysis
003391ef   ___etext__
003391ef   etext
003391f0   _PieVectTableInit
003392f0   _T_Matrix
0033931b   ___cinit__
0033931b   cinit
0033fff6   code_start
0033fff8   _CsmPwl
00380080   _ADC_cal
ffffffff   ___binit__
ffffffff   ___c_args__
ffffffff   ___pinit__
ffffffff   binit
ffffffff   pinit

[266 symbols]
