******************************************************************************
             TMS320C2000 Linker PC v6.1.3                      
******************************************************************************
>> Linked Fri Sep 29 21:30:19 2017

OUTPUT FILE NAME:   <SCI_test0918.out>
ENTRY POINT SYMBOL: "_c_int00"  address: 0000c950


MEMORY CONFIGURATION

         name            origin    length      used     unused   attr    fill
----------------------  --------  ---------  --------  --------  ----  --------
PAGE 0:
  BEGIN                 00000000   00000002  00000002  00000000  RWIX
  RAMM0                 00000050   000003b0  00000000  000003b0  RWIX
  RAML0                 00008000   00001000  000001f4  00000e0c  RWIX
  RAML1                 00009000   00004000  00003af9  00000507  RWIX
  ZONE7A                00200000   0000fc00  00000000  0000fc00  RWIX
  CSM_RSVD              0033ff80   00000076  00000000  00000076  RWIX
  CSM_PWL               0033fff8   00000008  00000000  00000008  RWIX
  ADC_CAL               00380080   00000009  00000007  00000002  RWIX
  IQTABLES              003fe000   00000b50  00000000  00000b50  RWIX
  IQTABLES2             003feb50   0000008c  00000000  0000008c  RWIX
  FPUTABLES             003febdc   000006a0  00000000  000006a0  RWIX
  BOOTROM               003ff27c   00000d44  00000000  00000d44  RWIX
  RESET                 003fffc0   00000002  00000000  00000002  RWIX

PAGE 1:
  BOOT_RSVD             00000002   0000004e  00000000  0000004e  RWIX
  RAMM1                 00000400   00000400  00000300  00000100  RWIX
  DEV_EMU               00000880   00000180  000000d0  000000b0  RWIX
  FLASH_REGS            00000a80   00000060  00000008  00000058  RWIX
  CSM                   00000ae0   00000010  00000010  00000000  RWIX
  ADC_MIRROR            00000b00   00000010  00000010  00000000  RWIX
  XINTF                 00000b20   00000020  0000001e  00000002  RWIX
  CPU_TIMER0            00000c00   00000008  00000008  00000000  RWIX
  CPU_TIMER1            00000c08   00000008  00000008  00000000  RWIX
  CPU_TIMER2            00000c10   00000008  00000008  00000000  RWIX
  PIE_CTRL              00000ce0   00000020  0000001a  00000006  RWIX
  PIE_VECT              00000d00   00000100  00000100  00000000  RWIX
  DMA                   00001000   00000200  000000e0  00000120  RWIX
  MCBSPA                00005000   00000040  00000025  0000001b  RWIX
  MCBSPB                00005040   00000040  00000025  0000001b  RWIX
  ECANA                 00006000   00000040  00000034  0000000c  RWIX
  ECANA_LAM             00006040   00000040  00000040  00000000  RWIX
  ECANA_MOTS            00006080   00000040  00000040  00000000  RWIX
  ECANA_MOTO            000060c0   00000040  00000040  00000000  RWIX
  ECANA_MBOX            00006100   00000100  00000100  00000000  RWIX
  ECANB                 00006200   00000040  00000034  0000000c  RWIX
  ECANB_LAM             00006240   00000040  00000040  00000000  RWIX
  ECANB_MOTS            00006280   00000040  00000040  00000000  RWIX
  ECANB_MOTO            000062c0   00000040  00000040  00000000  RWIX
  ECANB_MBOX            00006300   00000100  00000100  00000000  RWIX
  EPWM1                 00006800   00000022  00000022  00000000  RWIX
  EPWM2                 00006840   00000022  00000022  00000000  RWIX
  EPWM3                 00006880   00000022  00000022  00000000  RWIX
  EPWM4                 000068c0   00000022  00000022  00000000  RWIX
  EPWM5                 00006900   00000022  00000022  00000000  RWIX
  EPWM6                 00006940   00000022  00000022  00000000  RWIX
  ECAP1                 00006a00   00000020  00000020  00000000  RWIX
  ECAP2                 00006a20   00000020  00000020  00000000  RWIX
  ECAP3                 00006a40   00000020  00000020  00000000  RWIX
  ECAP4                 00006a60   00000020  00000020  00000000  RWIX
  ECAP5                 00006a80   00000020  00000020  00000000  RWIX
  ECAP6                 00006aa0   00000020  00000020  00000000  RWIX
  EQEP1                 00006b00   00000040  00000040  00000000  RWIX
  EQEP2                 00006b40   00000040  00000040  00000000  RWIX
  GPIOCTRL              00006f80   00000040  0000002e  00000012  RWIX
  GPIODAT               00006fc0   00000020  00000020  00000000  RWIX
  GPIOINT               00006fe0   00000020  0000000a  00000016  RWIX
  SYSTEM                00007010   00000020  00000020  00000000  RWIX
  SPIA                  00007040   00000010  00000010  00000000  RWIX
  SCIA                  00007050   00000010  00000010  00000000  RWIX
  XINTRUPT              00007070   00000010  00000010  00000000  RWIX
  ADC                   00007100   00000020  0000001e  00000002  RWIX
  SCIB                  00007750   00000010  00000010  00000000  RWIX
  SCIC                  00007770   00000010  00000010  00000000  RWIX
  I2CA                  00007900   00000040  00000022  0000001e  RWIX
  RAML4                 0000d000   00002000  000017c3  0000083d  RWIX
  RAML5                 0000f000   00000500  0000013b  000003c5  RWIX
  RAML6                 0000f500   00000500  00000000  00000500  RWIX
  RAML7                 0000fa00   00000600  00000000  00000600  RWIX
  ZONE7B                0020fc00   00000400  00000000  00000400  RWIX
  CSM_PWL               0033fff8   00000008  00000008  00000000  RWIX


SECTION ALLOCATION MAP

 output                                  attributes/
section   page    origin      length       input sections
--------  ----  ----------  ----------   ----------------
codestart 
*          0    00000000    00000002     
                  00000000    00000002     DSP2833x_CodeStartBranch.obj (codestart)

.pinit     0    00008000    00000000     UNINITIALIZED

.cinit     0    00008000    000001d5     
                  00008000    000000e4     SCI.obj (.cinit)
                  000080e4    0000004f     USER_Motion.obj (.cinit)
                  00008133    00000037     USER_Sensor.obj (.cinit)
                  0000816a    00000024     USER_Sliding.obj (.cinit)
                  0000818e    00000010     USER_Sci.obj (.cinit)
                  0000819e    0000000c     SD_SPI_Initialization.obj (.cinit)
                  000081aa    0000000c     USER_Distance.obj (.cinit)
                  000081b6    0000000a     rts2800_fpu32.lib : _lock.obj (.cinit)
                  000081c0    0000000a                       : exit.obj (.cinit)
                  000081ca    00000005     USER_ADC.obj (.cinit)
                  000081cf    00000004     diskio.obj (.cinit)
                  000081d3    00000002     --HOLE-- [fill = 0]

ramfuncs   0    000081d5    0000001f     
                  000081d5    0000001b     DSP2833x_SysCtrl.obj (ramfuncs)
                  000081f0    00000004     DSP2833x_usDelay.obj (ramfuncs)

.text      0    00009000    00003af9     
                  00009000    0000145b     ff.obj (.text)
                  0000a45b    00000720     USER_Sliding.obj (.text)
                  0000ab7b    000006e4     USER_Motion.obj (.text)
                  0000b25f    00000355     USER_Sci.obj (.text)
                  0000b5b4    00000323     DSP2833x_DefaultIsr.obj (.text:retain)
                  0000b8d7    00000250     USER_Common.obj (.text)
                  0000bb27    00000217     USER_Pwm.obj (.text)
                  0000bd3e    0000018f     USER_Sensor.obj (.text:retain)
                  0000becd    00000157     SD_SPI_Initialization.obj (.text)
                  0000c024    000000f6     DSP2833x_Xintf.obj (.text)
                  0000c11a    000000f3     DSP2833x_SysCtrl.obj (.text)
                  0000c20d    000000e7     SD_SPI_Write.obj (.text)
                  0000c2f4    000000cc     SD_SPI_Read.obj (.text)
                  0000c3c0    000000b3     SD_SPI_Registers.obj (.text)
                  0000c473    000000a6     SD_SPI_Transmission.obj (.text)
                  0000c519    00000093     USER_ADC.obj (.text)
                  0000c5ac    00000089     diskio.obj (.text)
                  0000c635    00000088     rts2800_fpu32.lib : fs_div.obj (.text)
                  0000c6bd    0000007c     DSP2833x_CpuTimers.obj (.text)
                  0000c739    00000074     disk_sd.obj (.text)
                  0000c7ad    0000006e     SCI.obj (.text)
                  0000c81b    0000006c     USER_Sci.obj (.text:retain)
                  0000c887    00000065     SD_SPI_Erase.obj (.text)
                  0000c8ec    00000064     USER_Distance.obj (.text:retain)
                  0000c950    00000046     rts2800_fpu32.lib : boot.obj (.text)
                  0000c996    0000003f     DSP2833x_Sci.obj (.text)
                  0000c9d5    00000037     USER_Spi.obj (.text)
                  0000ca0c    0000002c     DSP2833x_Spi.obj (.text)
                  0000ca38    00000028     DSP2833x_PieCtrl.obj (.text)
                  0000ca60    00000020     DSP2833x_PieVect.obj (.text)
                  0000ca80    00000019     rts2800_fpu32.lib : args_main.obj (.text)
                  0000ca99    00000019                       : exit.obj (.text)
                  0000cab2    00000015     DSP2833x_MemCopy.obj (.text)
                  0000cac7    00000014     DSP2833x_Adc.obj (.text)
                  0000cadb    0000000b     rts2800_fpu32.lib : u_div.obj (.text)
                  0000cae6    00000009                       : _lock.obj (.text)
                  0000caef    00000008     DSP2833x_CodeStartBranch.obj (.text)
                  0000caf7    00000001     USER_Distance.obj (.text)
                  0000caf8    00000001     USER_Sensor.obj (.text)

csm_rsvd   0    0033ff80    00000000     DSECT

csmpasswds 
*          0    0033fff8    00000000     DSECT

.adc_cal   0    00380080    00000007     NOLOAD SECTION
                  00380080    00000007     DSP2833x_ADC_cal.obj (.adc_cal)

.reset     0    003fffc0    00000002     DSECT
                  003fffc0    00000002     rts2800_fpu32.lib : boot.obj (.reset)

.stack     1    00000400    00000300     UNINITIALIZED
                  00000400    00000300     --HOLE--

DevEmuRegsFile 
*          1    00000880    000000d0     UNINITIALIZED
                  00000880    000000d0     DSP2833x_GlobalVariableDefs.obj (DevEmuRegsFile)

FlashRegsFile 
*          1    00000a80    00000008     UNINITIALIZED
                  00000a80    00000008     DSP2833x_GlobalVariableDefs.obj (FlashRegsFile)

CsmRegsFile 
*          1    00000ae0    00000010     UNINITIALIZED
                  00000ae0    00000010     DSP2833x_GlobalVariableDefs.obj (CsmRegsFile)

AdcMirrorFile 
*          1    00000b00    00000010     UNINITIALIZED
                  00000b00    00000010     DSP2833x_GlobalVariableDefs.obj (AdcMirrorFile)

XintfRegsFile 
*          1    00000b20    0000001e     UNINITIALIZED
                  00000b20    0000001e     DSP2833x_GlobalVariableDefs.obj (XintfRegsFile)

CpuTimer0RegsFile 
*          1    00000c00    00000008     UNINITIALIZED
                  00000c00    00000008     DSP2833x_GlobalVariableDefs.obj (CpuTimer0RegsFile)

CpuTimer1RegsFile 
*          1    00000c08    00000008     UNINITIALIZED
                  00000c08    00000008     DSP2833x_GlobalVariableDefs.obj (CpuTimer1RegsFile)

CpuTimer2RegsFile 
*          1    00000c10    00000008     UNINITIALIZED
                  00000c10    00000008     DSP2833x_GlobalVariableDefs.obj (CpuTimer2RegsFile)

PieCtrlRegsFile 
*          1    00000ce0    0000001a     UNINITIALIZED
                  00000ce0    0000001a     DSP2833x_GlobalVariableDefs.obj (PieCtrlRegsFile)

PieVectTableFile 
*          1    00000d00    00000100     UNINITIALIZED
                  00000d00    00000100     DSP2833x_GlobalVariableDefs.obj (PieVectTableFile)

DmaRegsFile 
*          1    00001000    000000e0     UNINITIALIZED
                  00001000    000000e0     DSP2833x_GlobalVariableDefs.obj (DmaRegsFile)

McbspaRegsFile 
*          1    00005000    00000025     UNINITIALIZED
                  00005000    00000025     DSP2833x_GlobalVariableDefs.obj (McbspaRegsFile)

McbspbRegsFile 
*          1    00005040    00000025     UNINITIALIZED
                  00005040    00000025     DSP2833x_GlobalVariableDefs.obj (McbspbRegsFile)

ECanaRegsFile 
*          1    00006000    00000034     UNINITIALIZED
                  00006000    00000034     DSP2833x_GlobalVariableDefs.obj (ECanaRegsFile)

ECanaLAMRegsFile 
*          1    00006040    00000040     UNINITIALIZED
                  00006040    00000040     DSP2833x_GlobalVariableDefs.obj (ECanaLAMRegsFile)

ECanaMOTSRegsFile 
*          1    00006080    00000040     UNINITIALIZED
                  00006080    00000040     DSP2833x_GlobalVariableDefs.obj (ECanaMOTSRegsFile)

ECanaMOTORegsFile 
*          1    000060c0    00000040     UNINITIALIZED
                  000060c0    00000040     DSP2833x_GlobalVariableDefs.obj (ECanaMOTORegsFile)

ECanaMboxesFile 
*          1    00006100    00000100     UNINITIALIZED
                  00006100    00000100     DSP2833x_GlobalVariableDefs.obj (ECanaMboxesFile)

ECanbRegsFile 
*          1    00006200    00000034     UNINITIALIZED
                  00006200    00000034     DSP2833x_GlobalVariableDefs.obj (ECanbRegsFile)

ECanbLAMRegsFile 
*          1    00006240    00000040     UNINITIALIZED
                  00006240    00000040     DSP2833x_GlobalVariableDefs.obj (ECanbLAMRegsFile)

ECanbMOTSRegsFile 
*          1    00006280    00000040     UNINITIALIZED
                  00006280    00000040     DSP2833x_GlobalVariableDefs.obj (ECanbMOTSRegsFile)

ECanbMOTORegsFile 
*          1    000062c0    00000040     UNINITIALIZED
                  000062c0    00000040     DSP2833x_GlobalVariableDefs.obj (ECanbMOTORegsFile)

ECanbMboxesFile 
*          1    00006300    00000100     UNINITIALIZED
                  00006300    00000100     DSP2833x_GlobalVariableDefs.obj (ECanbMboxesFile)

EPwm1RegsFile 
*          1    00006800    00000022     UNINITIALIZED
                  00006800    00000022     DSP2833x_GlobalVariableDefs.obj (EPwm1RegsFile)

EPwm2RegsFile 
*          1    00006840    00000022     UNINITIALIZED
                  00006840    00000022     DSP2833x_GlobalVariableDefs.obj (EPwm2RegsFile)

EPwm3RegsFile 
*          1    00006880    00000022     UNINITIALIZED
                  00006880    00000022     DSP2833x_GlobalVariableDefs.obj (EPwm3RegsFile)

EPwm4RegsFile 
*          1    000068c0    00000022     UNINITIALIZED
                  000068c0    00000022     DSP2833x_GlobalVariableDefs.obj (EPwm4RegsFile)

EPwm5RegsFile 
*          1    00006900    00000022     UNINITIALIZED
                  00006900    00000022     DSP2833x_GlobalVariableDefs.obj (EPwm5RegsFile)

EPwm6RegsFile 
*          1    00006940    00000022     UNINITIALIZED
                  00006940    00000022     DSP2833x_GlobalVariableDefs.obj (EPwm6RegsFile)

ECap1RegsFile 
*          1    00006a00    00000020     UNINITIALIZED
                  00006a00    00000020     DSP2833x_GlobalVariableDefs.obj (ECap1RegsFile)

ECap2RegsFile 
*          1    00006a20    00000020     UNINITIALIZED
                  00006a20    00000020     DSP2833x_GlobalVariableDefs.obj (ECap2RegsFile)

ECap3RegsFile 
*          1    00006a40    00000020     UNINITIALIZED
                  00006a40    00000020     DSP2833x_GlobalVariableDefs.obj (ECap3RegsFile)

ECap4RegsFile 
*          1    00006a60    00000020     UNINITIALIZED
                  00006a60    00000020     DSP2833x_GlobalVariableDefs.obj (ECap4RegsFile)

ECap5RegsFile 
*          1    00006a80    00000020     UNINITIALIZED
                  00006a80    00000020     DSP2833x_GlobalVariableDefs.obj (ECap5RegsFile)

ECap6RegsFile 
*          1    00006aa0    00000020     UNINITIALIZED
                  00006aa0    00000020     DSP2833x_GlobalVariableDefs.obj (ECap6RegsFile)

EQep1RegsFile 
*          1    00006b00    00000040     UNINITIALIZED
                  00006b00    00000040     DSP2833x_GlobalVariableDefs.obj (EQep1RegsFile)

EQep2RegsFile 
*          1    00006b40    00000040     UNINITIALIZED
                  00006b40    00000040     DSP2833x_GlobalVariableDefs.obj (EQep2RegsFile)

GpioCtrlRegsFile 
*          1    00006f80    0000002e     UNINITIALIZED
                  00006f80    0000002e     DSP2833x_GlobalVariableDefs.obj (GpioCtrlRegsFile)

GpioDataRegsFile 
*          1    00006fc0    00000020     UNINITIALIZED
                  00006fc0    00000020     DSP2833x_GlobalVariableDefs.obj (GpioDataRegsFile)

GpioIntRegsFile 
*          1    00006fe0    0000000a     UNINITIALIZED
                  00006fe0    0000000a     DSP2833x_GlobalVariableDefs.obj (GpioIntRegsFile)

SysCtrlRegsFile 
*          1    00007010    00000020     UNINITIALIZED
                  00007010    00000020     DSP2833x_GlobalVariableDefs.obj (SysCtrlRegsFile)

SpiaRegsFile 
*          1    00007040    00000010     UNINITIALIZED
                  00007040    00000010     DSP2833x_GlobalVariableDefs.obj (SpiaRegsFile)

SciaRegsFile 
*          1    00007050    00000010     UNINITIALIZED
                  00007050    00000010     DSP2833x_GlobalVariableDefs.obj (SciaRegsFile)

XIntruptRegsFile 
*          1    00007070    00000010     UNINITIALIZED
                  00007070    00000010     DSP2833x_GlobalVariableDefs.obj (XIntruptRegsFile)

AdcRegsFile 
*          1    00007100    0000001e     UNINITIALIZED
                  00007100    0000001e     DSP2833x_GlobalVariableDefs.obj (AdcRegsFile)

ScibRegsFile 
*          1    00007750    00000010     UNINITIALIZED
                  00007750    00000010     DSP2833x_GlobalVariableDefs.obj (ScibRegsFile)

ScicRegsFile 
*          1    00007770    00000010     UNINITIALIZED
                  00007770    00000010     DSP2833x_GlobalVariableDefs.obj (ScicRegsFile)

I2caRegsFile 
*          1    00007900    00000022     UNINITIALIZED
                  00007900    00000022     DSP2833x_GlobalVariableDefs.obj (I2caRegsFile)

.ebss      1    0000d000    000017c3     UNINITIALIZED
                  0000d000    000016e0     SCI.obj (.ebss)
                  0000e6e0    00000020     USER_Sliding.obj (.ebss)
                  0000e700    0000003a     disk_sd.obj (.ebss)
                  0000e73a    00000004     USER_Sci.obj (.ebss)
                  0000e73e    00000002     USER_ADC.obj (.ebss)
                  0000e740    0000002b     SD_SPI_Initialization.obj (.ebss)
                  0000e76b    00000001     diskio.obj (.ebss)
                  0000e76c    00000013     USER_Sensor.obj (.ebss)
                  0000e77f    00000001     --HOLE--
                  0000e780    0000001a     USER_Motion.obj (.ebss)
                  0000e79a    00000018     DSP2833x_CpuTimers.obj (.ebss)
                  0000e7b2    00000004     ff.obj (.ebss)
                  0000e7b6    00000004     rts2800_fpu32.lib : _lock.obj (.ebss)
                  0000e7ba    00000004                       : exit.obj (.ebss)
                  0000e7be    00000002     --HOLE--
                  0000e7c0    00000003     USER_Distance.obj (.ebss)

.econst    1    0000f000    0000013b     
                  0000f000    00000100     DSP2833x_PieVect.obj (.econst)
                  0000f100    00000020     USER_Pwm.obj (.econst:_T_Matrix)
                  0000f120    0000000f     ff.obj (.econst:.string)
                  0000f12f    00000001     --HOLE-- [fill = 0]
                  0000f130    00000008     USER_Pwm.obj (.econst:_$P$T0$1)
                  0000f138    00000003     USER_Sci.obj (.econst:.string)

CsmPwlFile 
*          1    0033fff8    00000008     UNINITIALIZED
                  0033fff8    00000008     DSP2833x_GlobalVariableDefs.obj (CsmPwlFile)


GLOBAL SYMBOLS: SORTED ALPHABETICALLY BY Name 

address    name
--------   ----
00009000   .text
0000ca99   C$$EXIT
0000c635   FS$$DIV
0000cadb   U$$DIV
0000cae0   U$$MOD
0000b69a   _ADCINT_ISR
00380080   _ADC_cal
0000d096   _AHRS_Data
0000d007   _AHRS_RX_Flag
0000d240   _AHRS_Rx_Buffer
0000d005   _AUV_State
00000b00   _AdcMirror
00007100   _AdcRegs
0000e76e   _Alt
0000d04d   _Buff_Real
0000d740   _Buff_Total
0000b911   _Circle_Led
0000c6fe   _ConfigCpuTimer
0000d001   _Control_Time
0000e7aa   _CpuTimer0
00000c00   _CpuTimer0Regs
0000e79a   _CpuTimer1
00000c08   _CpuTimer1Regs
0000e7a2   _CpuTimer2
00000c10   _CpuTimer2Regs
0033fff8   _CsmPwl
00000ae0   _CsmRegs
0000c1dc   _CsmUnlock
0000b5c8   _DATALOG_ISR
0000b7bc   _DINTCH1_ISR
0000b7c6   _DINTCH2_ISR
0000b7d0   _DINTCH3_ISR
0000b7da   _DINTCH4_ISR
0000b7e4   _DINTCH5_ISR
0000b7ee   _DINTCH6_ISR
000081f0   _DSP28x_usDelay
0000b25f   _DataInter_AHRS
0000b268   _DataInter_Pc
0000babf   _Delay_1ms
0000bad2   _Delay_Nms
00000880   _DevEmuRegs
0000c12d   _DisableDog
0000c8ec   _DistanceIstr
00001000   _DmaRegs
0000b848   _ECAN0INTA_ISR
0000b85c   _ECAN0INTB_ISR
0000b852   _ECAN1INTA_ISR
0000b866   _ECAN1INTB_ISR
0000b730   _ECAP1_INT_ISR
0000b73a   _ECAP2_INT_ISR
0000b744   _ECAP3_INT_ISR
0000b74e   _ECAP4_INT_ISR
0000b758   _ECAP5_INT_ISR
0000b762   _ECAP6_INT_ISR
00006040   _ECanaLAMRegs
000060c0   _ECanaMOTORegs
00006080   _ECanaMOTSRegs
00006100   _ECanaMboxes
00006000   _ECanaRegs
00006240   _ECanbLAMRegs
000062c0   _ECanbMOTORegs
00006280   _ECanbMOTSRegs
00006300   _ECanbMboxes
00006200   _ECanbRegs
00006a00   _ECap1Regs
00006a20   _ECap2Regs
00006a40   _ECap3Regs
00006a60   _ECap4Regs
00006a80   _ECap5Regs
00006aa0   _ECap6Regs
0000b8b6   _EMPTY_ISR
0000b5dc   _EMUINT_ISR
0000b6f4   _EPWM1_INT_ISR
0000b6b8   _EPWM1_TZINT_ISR
0000b6fe   _EPWM2_INT_ISR
0000b6c2   _EPWM2_TZINT_ISR
0000b708   _EPWM3_INT_ISR
0000b6cc   _EPWM3_TZINT_ISR
0000b712   _EPWM4_INT_ISR
0000b6d6   _EPWM4_TZINT_ISR
0000b71c   _EPWM5_INT_ISR
0000b6e0   _EPWM5_TZINT_ISR
0000b726   _EPWM6_INT_ISR
0000b6ea   _EPWM6_TZINT_ISR
00006800   _EPwm1Regs
00006840   _EPwm2Regs
00006880   _EPwm3Regs
000068c0   _EPwm4Regs
00006900   _EPwm5Regs
00006940   _EPwm6Regs
0000bc12   _EPwmSetup1
0000bc19   _EPwmSetup2
0000bc20   _EPwmSetup3
0000bc27   _EPwmSetup4
0000bb27   _EPwm_Init
0000b76c   _EQEP1_INT_ISR
0000b776   _EQEP2_INT_ISR
00006b00   _EQep1Regs
00006b40   _EQep2Regs
0000ca57   _EnableInterrupts
00000a80   _FlashRegs
0000d012   _Force
00006f80   _GpioCtrlRegs
00006fc0   _GpioDataRegs
00006fe0   _GpioIntRegs
0000bab8   _Gpio_Init
0000b7f8   _I2CINT1A_ISR
0000b802   _I2CINT2A_ISR
00007900   _I2caRegs
0000b5f0   _ILLEGAL_ISR
0000b5b4   _INT13_ISR
0000b5be   _INT14_ISR
0000be27   _ISRTimer0
0000cac7   _InitAdc
0000c6bd   _InitCpuTimers
000081d5   _InitFlash
0000c181   _InitPeripheralClocks
0000ca38   _InitPieCtrl
0000ca60   _InitPieVectTable
0000c135   _InitPll
0000c996   _InitSci
0000c997   _InitSciGpio
0000c99a   _InitSciaGpio
0000c9af   _InitScibGpio
0000c9bf   _InitScicGpio
0000ca0c   _InitSpi
0000ca0d   _InitSpiGpio
0000ca10   _InitSpiaGpio
0000c11a   _InitSysCtrl
0000c024   _InitXintf
0000c0c0   _InitXintf16Gpio
0000c079   _InitXintf32Gpio
0000b92e   _IntTime_Config
0000d00e   _KD
0000d010   _KI
0000d00a   _KP
0000b8ac   _LUF_ISR
0000b8a2   _LVF_ISR
0000d006   _Last_AUV_State
0000b8ed   _Led_Drive
0000bd15   _MOTOR_STOP
0000bcd4   _MOTOR_TRAN
0000b7a8   _MRINTA_ISR
0000b794   _MRINTB_ISR
0000b7b2   _MXINTA_ISR
0000b79e   _MXINTB_ISR
00005000   _McbspaRegs
00005040   _McbspbRegs
0000cab2   _MemCopy
0000ac8f   _Motion_Control
0000ac37   _Motion_Type
0000bc2e   _Motor_Out
0000b5e6   _NMI_ISR
0000d008   _PC_RX_Flag
0000c55a   _PC_ReadVol
0000d140   _PC_Rx_Buffer
0000b8c3   _PIE_RESERVED
0000b970   _Para_Init
00000ce0   _PieCtrlRegs
00000d00   _PieVectTable
0000f000   _PieVectTableInit
0000e76d   _Press
0000b5d2   _RTOSINT_ISR
0000c543   _Read_Voltage
0000d1c0   _Real_AHRSBuff
0000d0c0   _Real_PcBuff
0000e778   _Real_Pitch
0000e774   _Real_Roll
0000e776   _Real_Yaw
0000b820   _SCIRXINTA_ISR
0000b834   _SCIRXINTB_ISR
0000b80c   _SCIRXINTC_ISR
0000b82a   _SCITXINTA_ISR
0000b83e   _SCITXINTB_ISR
0000b816   _SCITXINTC_ISR
0000e700   _SDCardInfo
0000c739   _SD_Init
0000c74f   _SD_ReadBlock
0000c766   _SD_ReadMultiBlocks
0000c9ef   _SD_Ready
0000e76b   _SD_Stat
0000c77e   _SD_WriteBlock
0000c795   _SD_WriteMultiBlocks
0000b672   _SEQ1INT_ISR
0000b67c   _SEQ2INT_ISR
0000b780   _SPIRXINTA_ISR
0000b78a   _SPITXINTA_ISR
0000d01b   _SPI_Rx_Buffer
0000d025   _SPI_Tx_Buffer
0000b3fe   _Sci_Init
0000b4ca   _Sci_Send
0000b49c   _Sci_Send_Sing
00007050   _SciaRegs
0000b443   _Scia_Msg
0000b43a   _Scia_Xmit
00007750   _ScibRegs
0000b469   _Scib_Msg
0000b458   _Scib_Xmit
00007770   _ScicRegs
0000b487   _Scic_Msg
0000b47e   _Scic_Xmit
0000b334   _Send_Data
0000b3bb   _Send_SingleSensor
0000b394   _Send_TimeOver
0000caf8   _Sensor_Analysis
0000c123   _ServiceDog
0000ab7b   _Set_PID
0000ab3c   _Set_SlidingPara
0000ab9a   _SingleMotor_Control
00007040   _SpiaRegs
0000affb   _Store_Data
0000aeed   _Store_Data1
0000b12d   _Store_Data2
0000b9aa   _Store_PcData
0000b9bd   _Store_SensorData
00007010   _SysCtrlRegs
0000e6ea   _T
0000b6a4   _TINT0_ISR
0000b4f8   _TXD_USART_BIN
0000b581   _TXD_USART_DEC
0000f100   _T_Matrix
0000e76c   _Tempr
0000ac0a   _TotalMotor_Control
0000b2fe   _UART_Send
0000b2be   _UART_SendDis
0000b2b4   _UART_SendSensor
0000b654   _USER10_ISR
0000b65e   _USER11_ISR
0000b668   _USER12_ISR
0000b5fa   _USER1_ISR
0000b604   _USER2_ISR
0000b60e   _USER3_ISR
0000b618   _USER4_ISR
0000b622   _USER5_ISR
0000b62c   _USER6_ISR
0000b636   _USER7_ISR
0000b640   _USER8_ISR
0000b64a   _USER9_ISR
0000c519   _USER_ADC_Init
0000c9d5   _USER_SPIInit
0000c9da   _USER_SPI_Init
0000bd3e   _Uart_AHRS
0000c81b   _Uart_Rx
0000e73e   _Voltage
0000b6ae   _WAKEINT_ISR
0000b686   _XINT1_ISR
0000b690   _XINT2_ISR
0000b870   _XINT3_ISR
0000b87a   _XINT4_ISR
0000b884   _XINT5_ISR
0000b88e   _XINT6_ISR
0000b898   _XINT7_ISR
00007070   _XIntruptRegs
00000b20   _XintfRegs
00000700   __STACK_END
00000300   __STACK_SIZE
00000001   __TI_args_main
ffffffff   ___binit__
ffffffff   ___c_args__
00008000   ___cinit__
0000caf9   ___etext__
ffffffff   ___pinit__
00009000   ___text__
0000ca80   __args_main
0000e7ba   __cleanup_ptr
0000e7bc   __dtors_ptr
0000e7b8   __lock
0000caee   __nop
0000caea   __register_lock
0000cae6   __register_unlock
00000400   __stack
0000e7b6   __unlock
0000ca99   _abort
0000d002   _br
0000c950   _c_int00
0000e744   _card_status
0000e75b   _cid_contents
0000914f   _clust2sect
0000e743   _crc_enabled
0000e74b   _csd_contents
0000e741   _data_manipulation
0000c5ac   _disk_initialize
0000c60a   _disk_ioctl
0000c5d5   _disk_read
0000c5c8   _disk_status
0000c5f1   _disk_write
0000caf7   _distanceframe
0000ca9b   _exit
0000a32e   _f_chmod
00009e9e   _f_close
0000a089   _f_getfree
00009eac   _f_lseek
0000a227   _f_mkdir
00009a92   _f_mount
00009ab4   _f_open
00009fd6   _f_opendir
00009bc4   _f_read
0000a02b   _f_readdir
0000a3a4   _f_rename
0000a064   _f_stat
00009e0b   _f_sync
0000a144   _f_truncate
0000a1af   _f_unlink
0000a365   _f_utime
00009cd4   _f_write
0000d500   _fs
0000d2c0   _fsrc
00009167   _get_fat
0000c632   _get_fattime
0000d00c   _gl_Dis
0000d009   _gl_FlagMotionCycle
0000d000   _gl_MotionFlag
0000d02f   _gl_TempFlag
0000d016   _gl_TimeFlag
0000d003   _h
0000e742   _high_capacity
0000d040   _m
0000c7ad   _main
0000e786   _motion
0000e784   _number
0000e746   _ocr_contents
0000920c   _put_fat
0000d004   _res
0000e740   _response
0000b8cd   _rsvd_ISR
0000beda   _sd_card_insertion
0000c405   _sd_cid_csd_response
0000c4ee   _sd_command_response
0000c4c2   _sd_crc7
0000c371   _sd_data_response
0000c887   _sd_erase_block
0000c50f   _sd_error
0000beed   _sd_initialization
0000c3ee   _sd_ocr_response
0000c2f4   _sd_read_block
0000c324   _sd_read_multiple_block
0000c3c0   _sd_read_register
0000c442   _sd_send_status
0000bf44   _sd_version1_initialization
0000bfa7   _sd_version2_initialization
0000c20d   _sd_write_block
0000c28c   _sd_write_data
0000c244   _sd_write_multiple_block
0000e6f2   _sliding_para
0000a45b   _spacecontrol1
0000a775   _spacecontrol2
0000e785   _speed
0000becd   _spi_initialization
0000c473   _spi_xmit_byte
0000c481   _spi_xmit_command
0000d061   _textFileBuffer
0000d080   _textFileBuffer1
0000e6e8   _tt
0000e6e0   _u
0000e6e2   _w
0000e6e4   _x
0000e6e6   _z
ffffffff   binit
00008000   cinit
00000000   code_start
0000caf9   etext
ffffffff   pinit


GLOBAL SYMBOLS: SORTED BY Symbol Address 

address    name
--------   ----
00000000   code_start
00000001   __TI_args_main
00000300   __STACK_SIZE
00000400   __stack
00000700   __STACK_END
00000880   _DevEmuRegs
00000a80   _FlashRegs
00000ae0   _CsmRegs
00000b00   _AdcMirror
00000b20   _XintfRegs
00000c00   _CpuTimer0Regs
00000c08   _CpuTimer1Regs
00000c10   _CpuTimer2Regs
00000ce0   _PieCtrlRegs
00000d00   _PieVectTable
00001000   _DmaRegs
00005000   _McbspaRegs
00005040   _McbspbRegs
00006000   _ECanaRegs
00006040   _ECanaLAMRegs
00006080   _ECanaMOTSRegs
000060c0   _ECanaMOTORegs
00006100   _ECanaMboxes
00006200   _ECanbRegs
00006240   _ECanbLAMRegs
00006280   _ECanbMOTSRegs
000062c0   _ECanbMOTORegs
00006300   _ECanbMboxes
00006800   _EPwm1Regs
00006840   _EPwm2Regs
00006880   _EPwm3Regs
000068c0   _EPwm4Regs
00006900   _EPwm5Regs
00006940   _EPwm6Regs
00006a00   _ECap1Regs
00006a20   _ECap2Regs
00006a40   _ECap3Regs
00006a60   _ECap4Regs
00006a80   _ECap5Regs
00006aa0   _ECap6Regs
00006b00   _EQep1Regs
00006b40   _EQep2Regs
00006f80   _GpioCtrlRegs
00006fc0   _GpioDataRegs
00006fe0   _GpioIntRegs
00007010   _SysCtrlRegs
00007040   _SpiaRegs
00007050   _SciaRegs
00007070   _XIntruptRegs
00007100   _AdcRegs
00007750   _ScibRegs
00007770   _ScicRegs
00007900   _I2caRegs
00008000   ___cinit__
00008000   cinit
000081d5   _InitFlash
000081f0   _DSP28x_usDelay
00009000   .text
00009000   ___text__
0000914f   _clust2sect
00009167   _get_fat
0000920c   _put_fat
00009a92   _f_mount
00009ab4   _f_open
00009bc4   _f_read
00009cd4   _f_write
00009e0b   _f_sync
00009e9e   _f_close
00009eac   _f_lseek
00009fd6   _f_opendir
0000a02b   _f_readdir
0000a064   _f_stat
0000a089   _f_getfree
0000a144   _f_truncate
0000a1af   _f_unlink
0000a227   _f_mkdir
0000a32e   _f_chmod
0000a365   _f_utime
0000a3a4   _f_rename
0000a45b   _spacecontrol1
0000a775   _spacecontrol2
0000ab3c   _Set_SlidingPara
0000ab7b   _Set_PID
0000ab9a   _SingleMotor_Control
0000ac0a   _TotalMotor_Control
0000ac37   _Motion_Type
0000ac8f   _Motion_Control
0000aeed   _Store_Data1
0000affb   _Store_Data
0000b12d   _Store_Data2
0000b25f   _DataInter_AHRS
0000b268   _DataInter_Pc
0000b2b4   _UART_SendSensor
0000b2be   _UART_SendDis
0000b2fe   _UART_Send
0000b334   _Send_Data
0000b394   _Send_TimeOver
0000b3bb   _Send_SingleSensor
0000b3fe   _Sci_Init
0000b43a   _Scia_Xmit
0000b443   _Scia_Msg
0000b458   _Scib_Xmit
0000b469   _Scib_Msg
0000b47e   _Scic_Xmit
0000b487   _Scic_Msg
0000b49c   _Sci_Send_Sing
0000b4ca   _Sci_Send
0000b4f8   _TXD_USART_BIN
0000b581   _TXD_USART_DEC
0000b5b4   _INT13_ISR
0000b5be   _INT14_ISR
0000b5c8   _DATALOG_ISR
0000b5d2   _RTOSINT_ISR
0000b5dc   _EMUINT_ISR
0000b5e6   _NMI_ISR
0000b5f0   _ILLEGAL_ISR
0000b5fa   _USER1_ISR
0000b604   _USER2_ISR
0000b60e   _USER3_ISR
0000b618   _USER4_ISR
0000b622   _USER5_ISR
0000b62c   _USER6_ISR
0000b636   _USER7_ISR
0000b640   _USER8_ISR
0000b64a   _USER9_ISR
0000b654   _USER10_ISR
0000b65e   _USER11_ISR
0000b668   _USER12_ISR
0000b672   _SEQ1INT_ISR
0000b67c   _SEQ2INT_ISR
0000b686   _XINT1_ISR
0000b690   _XINT2_ISR
0000b69a   _ADCINT_ISR
0000b6a4   _TINT0_ISR
0000b6ae   _WAKEINT_ISR
0000b6b8   _EPWM1_TZINT_ISR
0000b6c2   _EPWM2_TZINT_ISR
0000b6cc   _EPWM3_TZINT_ISR
0000b6d6   _EPWM4_TZINT_ISR
0000b6e0   _EPWM5_TZINT_ISR
0000b6ea   _EPWM6_TZINT_ISR
0000b6f4   _EPWM1_INT_ISR
0000b6fe   _EPWM2_INT_ISR
0000b708   _EPWM3_INT_ISR
0000b712   _EPWM4_INT_ISR
0000b71c   _EPWM5_INT_ISR
0000b726   _EPWM6_INT_ISR
0000b730   _ECAP1_INT_ISR
0000b73a   _ECAP2_INT_ISR
0000b744   _ECAP3_INT_ISR
0000b74e   _ECAP4_INT_ISR
0000b758   _ECAP5_INT_ISR
0000b762   _ECAP6_INT_ISR
0000b76c   _EQEP1_INT_ISR
0000b776   _EQEP2_INT_ISR
0000b780   _SPIRXINTA_ISR
0000b78a   _SPITXINTA_ISR
0000b794   _MRINTB_ISR
0000b79e   _MXINTB_ISR
0000b7a8   _MRINTA_ISR
0000b7b2   _MXINTA_ISR
0000b7bc   _DINTCH1_ISR
0000b7c6   _DINTCH2_ISR
0000b7d0   _DINTCH3_ISR
0000b7da   _DINTCH4_ISR
0000b7e4   _DINTCH5_ISR
0000b7ee   _DINTCH6_ISR
0000b7f8   _I2CINT1A_ISR
0000b802   _I2CINT2A_ISR
0000b80c   _SCIRXINTC_ISR
0000b816   _SCITXINTC_ISR
0000b820   _SCIRXINTA_ISR
0000b82a   _SCITXINTA_ISR
0000b834   _SCIRXINTB_ISR
0000b83e   _SCITXINTB_ISR
0000b848   _ECAN0INTA_ISR
0000b852   _ECAN1INTA_ISR
0000b85c   _ECAN0INTB_ISR
0000b866   _ECAN1INTB_ISR
0000b870   _XINT3_ISR
0000b87a   _XINT4_ISR
0000b884   _XINT5_ISR
0000b88e   _XINT6_ISR
0000b898   _XINT7_ISR
0000b8a2   _LVF_ISR
0000b8ac   _LUF_ISR
0000b8b6   _EMPTY_ISR
0000b8c3   _PIE_RESERVED
0000b8cd   _rsvd_ISR
0000b8ed   _Led_Drive
0000b911   _Circle_Led
0000b92e   _IntTime_Config
0000b970   _Para_Init
0000b9aa   _Store_PcData
0000b9bd   _Store_SensorData
0000bab8   _Gpio_Init
0000babf   _Delay_1ms
0000bad2   _Delay_Nms
0000bb27   _EPwm_Init
0000bc12   _EPwmSetup1
0000bc19   _EPwmSetup2
0000bc20   _EPwmSetup3
0000bc27   _EPwmSetup4
0000bc2e   _Motor_Out
0000bcd4   _MOTOR_TRAN
0000bd15   _MOTOR_STOP
0000bd3e   _Uart_AHRS
0000be27   _ISRTimer0
0000becd   _spi_initialization
0000beda   _sd_card_insertion
0000beed   _sd_initialization
0000bf44   _sd_version1_initialization
0000bfa7   _sd_version2_initialization
0000c024   _InitXintf
0000c079   _InitXintf32Gpio
0000c0c0   _InitXintf16Gpio
0000c11a   _InitSysCtrl
0000c123   _ServiceDog
0000c12d   _DisableDog
0000c135   _InitPll
0000c181   _InitPeripheralClocks
0000c1dc   _CsmUnlock
0000c20d   _sd_write_block
0000c244   _sd_write_multiple_block
0000c28c   _sd_write_data
0000c2f4   _sd_read_block
0000c324   _sd_read_multiple_block
0000c371   _sd_data_response
0000c3c0   _sd_read_register
0000c3ee   _sd_ocr_response
0000c405   _sd_cid_csd_response
0000c442   _sd_send_status
0000c473   _spi_xmit_byte
0000c481   _spi_xmit_command
0000c4c2   _sd_crc7
0000c4ee   _sd_command_response
0000c50f   _sd_error
0000c519   _USER_ADC_Init
0000c543   _Read_Voltage
0000c55a   _PC_ReadVol
0000c5ac   _disk_initialize
0000c5c8   _disk_status
0000c5d5   _disk_read
0000c5f1   _disk_write
0000c60a   _disk_ioctl
0000c632   _get_fattime
0000c635   FS$$DIV
0000c6bd   _InitCpuTimers
0000c6fe   _ConfigCpuTimer
0000c739   _SD_Init
0000c74f   _SD_ReadBlock
0000c766   _SD_ReadMultiBlocks
0000c77e   _SD_WriteBlock
0000c795   _SD_WriteMultiBlocks
0000c7ad   _main
0000c81b   _Uart_Rx
0000c887   _sd_erase_block
0000c8ec   _DistanceIstr
0000c950   _c_int00
0000c996   _InitSci
0000c997   _InitSciGpio
0000c99a   _InitSciaGpio
0000c9af   _InitScibGpio
0000c9bf   _InitScicGpio
0000c9d5   _USER_SPIInit
0000c9da   _USER_SPI_Init
0000c9ef   _SD_Ready
0000ca0c   _InitSpi
0000ca0d   _InitSpiGpio
0000ca10   _InitSpiaGpio
0000ca38   _InitPieCtrl
0000ca57   _EnableInterrupts
0000ca60   _InitPieVectTable
0000ca80   __args_main
0000ca99   C$$EXIT
0000ca99   _abort
0000ca9b   _exit
0000cab2   _MemCopy
0000cac7   _InitAdc
0000cadb   U$$DIV
0000cae0   U$$MOD
0000cae6   __register_unlock
0000caea   __register_lock
0000caee   __nop
0000caf7   _distanceframe
0000caf8   _Sensor_Analysis
0000caf9   ___etext__
0000caf9   etext
0000d000   _gl_MotionFlag
0000d001   _Control_Time
0000d002   _br
0000d003   _h
0000d004   _res
0000d005   _AUV_State
0000d006   _Last_AUV_State
0000d007   _AHRS_RX_Flag
0000d008   _PC_RX_Flag
0000d009   _gl_FlagMotionCycle
0000d00a   _KP
0000d00c   _gl_Dis
0000d00e   _KD
0000d010   _KI
0000d012   _Force
0000d016   _gl_TimeFlag
0000d01b   _SPI_Rx_Buffer
0000d025   _SPI_Tx_Buffer
0000d02f   _gl_TempFlag
0000d040   _m
0000d04d   _Buff_Real
0000d061   _textFileBuffer
0000d080   _textFileBuffer1
0000d096   _AHRS_Data
0000d0c0   _Real_PcBuff
0000d140   _PC_Rx_Buffer
0000d1c0   _Real_AHRSBuff
0000d240   _AHRS_Rx_Buffer
0000d2c0   _fsrc
0000d500   _fs
0000d740   _Buff_Total
0000e6e0   _u
0000e6e2   _w
0000e6e4   _x
0000e6e6   _z
0000e6e8   _tt
0000e6ea   _T
0000e6f2   _sliding_para
0000e700   _SDCardInfo
0000e73e   _Voltage
0000e740   _response
0000e741   _data_manipulation
0000e742   _high_capacity
0000e743   _crc_enabled
0000e744   _card_status
0000e746   _ocr_contents
0000e74b   _csd_contents
0000e75b   _cid_contents
0000e76b   _SD_Stat
0000e76c   _Tempr
0000e76d   _Press
0000e76e   _Alt
0000e774   _Real_Roll
0000e776   _Real_Yaw
0000e778   _Real_Pitch
0000e784   _number
0000e785   _speed
0000e786   _motion
0000e79a   _CpuTimer1
0000e7a2   _CpuTimer2
0000e7aa   _CpuTimer0
0000e7b6   __unlock
0000e7b8   __lock
0000e7ba   __cleanup_ptr
0000e7bc   __dtors_ptr
0000f000   _PieVectTableInit
0000f100   _T_Matrix
0033fff8   _CsmPwl
00380080   _ADC_cal
ffffffff   ___binit__
ffffffff   ___c_args__
ffffffff   ___pinit__
ffffffff   binit
ffffffff   pinit

[362 symbols]
