******************************************************************************
             TMS320C2000 Linker PC v6.1.3                      
******************************************************************************
>> Linked Thu Dec 14 12:33:36 2017

OUTPUT FILE NAME:   <SCI_test0918.out>
ENTRY POINT SYMBOL: "_c_int00"  address: 0000cda5


MEMORY CONFIGURATION

         name            origin    length      used     unused   attr    fill
----------------------  --------  ---------  --------  --------  ----  --------
PAGE 0:
  BEGIN                 00000000   00000002  00000002  00000000  RWIX
  RAMM0                 00000050   000003b0  00000000  000003b0  RWIX
  RAML0                 00008000   00001000  00000245  00000dbb  RWIX
  RAML1                 00009000   00004100  0000405a  000000a6  RWIX
  ZONE7A                00200000   0000fc00  00000000  0000fc00  RWIX
  CSM_RSVD              0033ff80   00000076  00000000  00000076  RWIX
  CSM_PWL               0033fff8   00000008  00000000  00000008  RWIX
  ADC_CAL               00380080   00000009  00000007  00000002  RWIX
  IQTABLES              003fe000   00000b50  00000000  00000b50  RWIX
  IQTABLES2             003feb50   0000008c  00000000  0000008c  RWIX
  FPUTABLES             003febdc   000006a0  00000000  000006a0  RWIX
  BOOTROM               003ff27c   00000d44  00000000  00000d44  RWIX
  RESET                 003fffc0   00000002  00000000  00000002  RWIX

PAGE 1:
  BOOT_RSVD             00000002   0000004e  00000000  0000004e  RWIX
  RAMM1                 00000400   00000400  00000300  00000100  RWIX
  DEV_EMU               00000880   00000180  000000d0  000000b0  RWIX
  FLASH_REGS            00000a80   00000060  00000008  00000058  RWIX
  CSM                   00000ae0   00000010  00000010  00000000  RWIX
  ADC_MIRROR            00000b00   00000010  00000010  00000000  RWIX
  XINTF                 00000b20   00000020  0000001e  00000002  RWIX
  CPU_TIMER0            00000c00   00000008  00000008  00000000  RWIX
  CPU_TIMER1            00000c08   00000008  00000008  00000000  RWIX
  CPU_TIMER2            00000c10   00000008  00000008  00000000  RWIX
  PIE_CTRL              00000ce0   00000020  0000001a  00000006  RWIX
  PIE_VECT              00000d00   00000100  00000100  00000000  RWIX
  DMA                   00001000   00000200  000000e0  00000120  RWIX
  MCBSPA                00005000   00000040  00000025  0000001b  RWIX
  MCBSPB                00005040   00000040  00000025  0000001b  RWIX
  ECANA                 00006000   00000040  00000034  0000000c  RWIX
  ECANA_LAM             00006040   00000040  00000040  00000000  RWIX
  ECANA_MOTS            00006080   00000040  00000040  00000000  RWIX
  ECANA_MOTO            000060c0   00000040  00000040  00000000  RWIX
  ECANA_MBOX            00006100   00000100  00000100  00000000  RWIX
  ECANB                 00006200   00000040  00000034  0000000c  RWIX
  ECANB_LAM             00006240   00000040  00000040  00000000  RWIX
  ECANB_MOTS            00006280   00000040  00000040  00000000  RWIX
  ECANB_MOTO            000062c0   00000040  00000040  00000000  RWIX
  ECANB_MBOX            00006300   00000100  00000100  00000000  RWIX
  EPWM1                 00006800   00000022  00000022  00000000  RWIX
  EPWM2                 00006840   00000022  00000022  00000000  RWIX
  EPWM3                 00006880   00000022  00000022  00000000  RWIX
  EPWM4                 000068c0   00000022  00000022  00000000  RWIX
  EPWM5                 00006900   00000022  00000022  00000000  RWIX
  EPWM6                 00006940   00000022  00000022  00000000  RWIX
  ECAP1                 00006a00   00000020  00000020  00000000  RWIX
  ECAP2                 00006a20   00000020  00000020  00000000  RWIX
  ECAP3                 00006a40   00000020  00000020  00000000  RWIX
  ECAP4                 00006a60   00000020  00000020  00000000  RWIX
  ECAP5                 00006a80   00000020  00000020  00000000  RWIX
  ECAP6                 00006aa0   00000020  00000020  00000000  RWIX
  EQEP1                 00006b00   00000040  00000040  00000000  RWIX
  EQEP2                 00006b40   00000040  00000040  00000000  RWIX
  GPIOCTRL              00006f80   00000040  0000002e  00000012  RWIX
  GPIODAT               00006fc0   00000020  00000020  00000000  RWIX
  GPIOINT               00006fe0   00000020  0000000a  00000016  RWIX
  SYSTEM                00007010   00000020  00000020  00000000  RWIX
  SPIA                  00007040   00000010  00000010  00000000  RWIX
  SCIA                  00007050   00000010  00000010  00000000  RWIX
  XINTRUPT              00007070   00000010  00000010  00000000  RWIX
  ADC                   00007100   00000020  0000001e  00000002  RWIX
  SCIB                  00007750   00000010  00000010  00000000  RWIX
  SCIC                  00007770   00000010  00000010  00000000  RWIX
  I2CA                  00007900   00000040  00000022  0000001e  RWIX
  RAML4                 0000d100   00001900  0000181b  000000e5  RWIX
  RAML5                 0000f000   00000500  0000013b  000003c5  RWIX
  RAML6                 0000f500   00000500  00000000  00000500  RWIX
  RAML7                 0000fa00   00000600  00000000  00000600  RWIX
  ZONE7B                0020fc00   00000400  00000000  00000400  RWIX
  CSM_PWL               0033fff8   00000008  00000008  00000000  RWIX


SECTION ALLOCATION MAP

 output                                  attributes/
section   page    origin      length       input sections
--------  ----  ----------  ----------   ----------------
codestart 
*          0    00000000    00000002     
                  00000000    00000002     DSP2833x_CodeStartBranch.obj (codestart)

.pinit     0    00008000    00000000     UNINITIALIZED

.cinit     0    00008000    00000226     
                  00008000    000000e4     SCI.obj (.cinit)
                  000080e4    0000004f     USER_Motion.obj (.cinit)
                  00008133    0000004d     USER_I2C.obj (.cinit)
                  00008180    00000037     USER_Sensor.obj (.cinit)
                  000081b7    00000024     USER_Sliding.obj (.cinit)
                  000081db    00000010     USER_Sci.obj (.cinit)
                  000081eb    0000000c     SD_SPI_Initialization.obj (.cinit)
                  000081f7    0000000c     USER_Distance.obj (.cinit)
                  00008203    0000000a     rts2800_fpu32.lib : _lock.obj (.cinit)
                  0000820d    0000000a                       : exit.obj (.cinit)
                  00008217    00000005     USER_ADC.obj (.cinit)
                  0000821c    00000004     diskio.obj (.cinit)
                  00008220    00000004     rts2800_fpu32.lib : errno.obj (.cinit)
                  00008224    00000002     --HOLE-- [fill = 0]

ramfuncs   0    00008226    0000001f     
                  00008226    0000001b     DSP2833x_SysCtrl.obj (ramfuncs)
                  00008241    00000004     DSP2833x_usDelay.obj (ramfuncs)

.text      0    00009000    0000405a     
                  00009000    0000145b     ff.obj (.text)
                  0000a45b    00000720     USER_Sliding.obj (.text)
                  0000ab7b    000006e4     USER_Motion.obj (.text)
                  0000b25f    00000355     USER_Sci.obj (.text)
                  0000b5b4    00000352     USER_I2C.obj (.text)
                  0000b906    00000323     DSP2833x_DefaultIsr.obj (.text:retain)
                  0000bc29    00000257     USER_Common.obj (.text)
                  0000be80    00000217     USER_Pwm.obj (.text)
                  0000c097    0000018f     USER_Sensor.obj (.text:retain)
                  0000c226    00000157     SD_SPI_Initialization.obj (.text)
                  0000c37d    000000f6     DSP2833x_Xintf.obj (.text)
                  0000c473    000000f3     DSP2833x_SysCtrl.obj (.text)
                  0000c566    000000e7     SD_SPI_Write.obj (.text)
                  0000c64d    000000cc     SD_SPI_Read.obj (.text)
                  0000c719    000000b3     SD_SPI_Registers.obj (.text)
                  0000c7cc    000000a6     SD_SPI_Transmission.obj (.text)
                  0000c872    00000093     USER_ADC.obj (.text)
                  0000c905    00000089     diskio.obj (.text)
                  0000c98e    00000088     rts2800_fpu32.lib : fs_div.obj (.text)
                  0000ca16    0000007c     DSP2833x_CpuTimers.obj (.text)
                  0000ca92    00000074     disk_sd.obj (.text)
                  0000cb06    0000006c     USER_Sci.obj (.text:retain)
                  0000cb72    0000006a     rts2800_fpu32.lib : exp.obj (.text)
                  0000cbdc    00000065     SD_SPI_Erase.obj (.text)
                  0000cc41    00000064     USER_Distance.obj (.text:retain)
                  0000cca5    0000005a     rts2800_fpu32.lib : pow.obj (.text)
                  0000ccff    00000054                       : _log.obj (.text)
                  0000cd53    00000052     USER_I2C.obj (.text:retain)
                  0000cda5    00000046     rts2800_fpu32.lib : boot.obj (.text)
                  0000cdeb    0000003f     DSP2833x_Sci.obj (.text)
                  0000ce2a    00000037     USER_Spi.obj (.text)
                  0000ce61    00000035     rts2800_fpu32.lib : ldexp.obj (.text)
                  0000ce96    0000002c     DSP2833x_Spi.obj (.text)
                  0000cec2    0000002a     SCI.obj (.text)
                  0000ceec    0000002a     rts2800_fpu32.lib : l_div.obj (.text)
                  0000cf16    00000028     DSP2833x_PieCtrl.obj (.text)
                  0000cf3e    00000022     rts2800_fpu32.lib : i_div.obj (.text)
                  0000cf60    00000020     DSP2833x_PieVect.obj (.text)
                  0000cf80    00000020     rts2800_fpu32.lib : ll_tofs.obj (.text)
                  0000cfa0    00000019                       : args_main.obj (.text)
                  0000cfb9    00000019                       : exit.obj (.text)
                  0000cfd2    00000017     DSP2833x_I2C.obj (.text)
                  0000cfe9    00000016     rts2800_fpu32.lib : frexp.obj (.text)
                  0000cfff    00000015     DSP2833x_MemCopy.obj (.text)
                  0000d014    00000014     DSP2833x_Adc.obj (.text)
                  0000d028    00000014     rts2800_fpu32.lib : ll_mpy.obj (.text)
                  0000d03c    0000000b                       : u_div.obj (.text)
                  0000d047    00000009                       : _lock.obj (.text)
                  0000d050    00000008     DSP2833x_CodeStartBranch.obj (.text)
                  0000d058    00000001     USER_Distance.obj (.text)
                  0000d059    00000001     USER_Sensor.obj (.text)

csm_rsvd   0    0033ff80    00000000     DSECT

csmpasswds 
*          0    0033fff8    00000000     DSECT

.adc_cal   0    00380080    00000007     NOLOAD SECTION
                  00380080    00000007     DSP2833x_ADC_cal.obj (.adc_cal)

.reset     0    003fffc0    00000002     DSECT
                  003fffc0    00000002     rts2800_fpu32.lib : boot.obj (.reset)

.stack     1    00000400    00000300     UNINITIALIZED
                  00000400    00000300     --HOLE--

DevEmuRegsFile 
*          1    00000880    000000d0     UNINITIALIZED
                  00000880    000000d0     DSP2833x_GlobalVariableDefs.obj (DevEmuRegsFile)

FlashRegsFile 
*          1    00000a80    00000008     UNINITIALIZED
                  00000a80    00000008     DSP2833x_GlobalVariableDefs.obj (FlashRegsFile)

CsmRegsFile 
*          1    00000ae0    00000010     UNINITIALIZED
                  00000ae0    00000010     DSP2833x_GlobalVariableDefs.obj (CsmRegsFile)

AdcMirrorFile 
*          1    00000b00    00000010     UNINITIALIZED
                  00000b00    00000010     DSP2833x_GlobalVariableDefs.obj (AdcMirrorFile)

XintfRegsFile 
*          1    00000b20    0000001e     UNINITIALIZED
                  00000b20    0000001e     DSP2833x_GlobalVariableDefs.obj (XintfRegsFile)

CpuTimer0RegsFile 
*          1    00000c00    00000008     UNINITIALIZED
                  00000c00    00000008     DSP2833x_GlobalVariableDefs.obj (CpuTimer0RegsFile)

CpuTimer1RegsFile 
*          1    00000c08    00000008     UNINITIALIZED
                  00000c08    00000008     DSP2833x_GlobalVariableDefs.obj (CpuTimer1RegsFile)

CpuTimer2RegsFile 
*          1    00000c10    00000008     UNINITIALIZED
                  00000c10    00000008     DSP2833x_GlobalVariableDefs.obj (CpuTimer2RegsFile)

PieCtrlRegsFile 
*          1    00000ce0    0000001a     UNINITIALIZED
                  00000ce0    0000001a     DSP2833x_GlobalVariableDefs.obj (PieCtrlRegsFile)

PieVectTableFile 
*          1    00000d00    00000100     UNINITIALIZED
                  00000d00    00000100     DSP2833x_GlobalVariableDefs.obj (PieVectTableFile)

DmaRegsFile 
*          1    00001000    000000e0     UNINITIALIZED
                  00001000    000000e0     DSP2833x_GlobalVariableDefs.obj (DmaRegsFile)

McbspaRegsFile 
*          1    00005000    00000025     UNINITIALIZED
                  00005000    00000025     DSP2833x_GlobalVariableDefs.obj (McbspaRegsFile)

McbspbRegsFile 
*          1    00005040    00000025     UNINITIALIZED
                  00005040    00000025     DSP2833x_GlobalVariableDefs.obj (McbspbRegsFile)

ECanaRegsFile 
*          1    00006000    00000034     UNINITIALIZED
                  00006000    00000034     DSP2833x_GlobalVariableDefs.obj (ECanaRegsFile)

ECanaLAMRegsFile 
*          1    00006040    00000040     UNINITIALIZED
                  00006040    00000040     DSP2833x_GlobalVariableDefs.obj (ECanaLAMRegsFile)

ECanaMOTSRegsFile 
*          1    00006080    00000040     UNINITIALIZED
                  00006080    00000040     DSP2833x_GlobalVariableDefs.obj (ECanaMOTSRegsFile)

ECanaMOTORegsFile 
*          1    000060c0    00000040     UNINITIALIZED
                  000060c0    00000040     DSP2833x_GlobalVariableDefs.obj (ECanaMOTORegsFile)

ECanaMboxesFile 
*          1    00006100    00000100     UNINITIALIZED
                  00006100    00000100     DSP2833x_GlobalVariableDefs.obj (ECanaMboxesFile)

ECanbRegsFile 
*          1    00006200    00000034     UNINITIALIZED
                  00006200    00000034     DSP2833x_GlobalVariableDefs.obj (ECanbRegsFile)

ECanbLAMRegsFile 
*          1    00006240    00000040     UNINITIALIZED
                  00006240    00000040     DSP2833x_GlobalVariableDefs.obj (ECanbLAMRegsFile)

ECanbMOTSRegsFile 
*          1    00006280    00000040     UNINITIALIZED
                  00006280    00000040     DSP2833x_GlobalVariableDefs.obj (ECanbMOTSRegsFile)

ECanbMOTORegsFile 
*          1    000062c0    00000040     UNINITIALIZED
                  000062c0    00000040     DSP2833x_GlobalVariableDefs.obj (ECanbMOTORegsFile)

ECanbMboxesFile 
*          1    00006300    00000100     UNINITIALIZED
                  00006300    00000100     DSP2833x_GlobalVariableDefs.obj (ECanbMboxesFile)

EPwm1RegsFile 
*          1    00006800    00000022     UNINITIALIZED
                  00006800    00000022     DSP2833x_GlobalVariableDefs.obj (EPwm1RegsFile)

EPwm2RegsFile 
*          1    00006840    00000022     UNINITIALIZED
                  00006840    00000022     DSP2833x_GlobalVariableDefs.obj (EPwm2RegsFile)

EPwm3RegsFile 
*          1    00006880    00000022     UNINITIALIZED
                  00006880    00000022     DSP2833x_GlobalVariableDefs.obj (EPwm3RegsFile)

EPwm4RegsFile 
*          1    000068c0    00000022     UNINITIALIZED
                  000068c0    00000022     DSP2833x_GlobalVariableDefs.obj (EPwm4RegsFile)

EPwm5RegsFile 
*          1    00006900    00000022     UNINITIALIZED
                  00006900    00000022     DSP2833x_GlobalVariableDefs.obj (EPwm5RegsFile)

EPwm6RegsFile 
*          1    00006940    00000022     UNINITIALIZED
                  00006940    00000022     DSP2833x_GlobalVariableDefs.obj (EPwm6RegsFile)

ECap1RegsFile 
*          1    00006a00    00000020     UNINITIALIZED
                  00006a00    00000020     DSP2833x_GlobalVariableDefs.obj (ECap1RegsFile)

ECap2RegsFile 
*          1    00006a20    00000020     UNINITIALIZED
                  00006a20    00000020     DSP2833x_GlobalVariableDefs.obj (ECap2RegsFile)

ECap3RegsFile 
*          1    00006a40    00000020     UNINITIALIZED
                  00006a40    00000020     DSP2833x_GlobalVariableDefs.obj (ECap3RegsFile)

ECap4RegsFile 
*          1    00006a60    00000020     UNINITIALIZED
                  00006a60    00000020     DSP2833x_GlobalVariableDefs.obj (ECap4RegsFile)

ECap5RegsFile 
*          1    00006a80    00000020     UNINITIALIZED
                  00006a80    00000020     DSP2833x_GlobalVariableDefs.obj (ECap5RegsFile)

ECap6RegsFile 
*          1    00006aa0    00000020     UNINITIALIZED
                  00006aa0    00000020     DSP2833x_GlobalVariableDefs.obj (ECap6RegsFile)

EQep1RegsFile 
*          1    00006b00    00000040     UNINITIALIZED
                  00006b00    00000040     DSP2833x_GlobalVariableDefs.obj (EQep1RegsFile)

EQep2RegsFile 
*          1    00006b40    00000040     UNINITIALIZED
                  00006b40    00000040     DSP2833x_GlobalVariableDefs.obj (EQep2RegsFile)

GpioCtrlRegsFile 
*          1    00006f80    0000002e     UNINITIALIZED
                  00006f80    0000002e     DSP2833x_GlobalVariableDefs.obj (GpioCtrlRegsFile)

GpioDataRegsFile 
*          1    00006fc0    00000020     UNINITIALIZED
                  00006fc0    00000020     DSP2833x_GlobalVariableDefs.obj (GpioDataRegsFile)

GpioIntRegsFile 
*          1    00006fe0    0000000a     UNINITIALIZED
                  00006fe0    0000000a     DSP2833x_GlobalVariableDefs.obj (GpioIntRegsFile)

SysCtrlRegsFile 
*          1    00007010    00000020     UNINITIALIZED
                  00007010    00000020     DSP2833x_GlobalVariableDefs.obj (SysCtrlRegsFile)

SpiaRegsFile 
*          1    00007040    00000010     UNINITIALIZED
                  00007040    00000010     DSP2833x_GlobalVariableDefs.obj (SpiaRegsFile)

SciaRegsFile 
*          1    00007050    00000010     UNINITIALIZED
                  00007050    00000010     DSP2833x_GlobalVariableDefs.obj (SciaRegsFile)

XIntruptRegsFile 
*          1    00007070    00000010     UNINITIALIZED
                  00007070    00000010     DSP2833x_GlobalVariableDefs.obj (XIntruptRegsFile)

AdcRegsFile 
*          1    00007100    0000001e     UNINITIALIZED
                  00007100    0000001e     DSP2833x_GlobalVariableDefs.obj (AdcRegsFile)

ScibRegsFile 
*          1    00007750    00000010     UNINITIALIZED
                  00007750    00000010     DSP2833x_GlobalVariableDefs.obj (ScibRegsFile)

ScicRegsFile 
*          1    00007770    00000010     UNINITIALIZED
                  00007770    00000010     DSP2833x_GlobalVariableDefs.obj (ScicRegsFile)

I2caRegsFile 
*          1    00007900    00000022     UNINITIALIZED
                  00007900    00000022     DSP2833x_GlobalVariableDefs.obj (I2caRegsFile)

.ebss      1    0000d100    0000181b     UNINITIALIZED
                  0000d100    000016e0     SCI.obj (.ebss)
                  0000e7e0    00000020     USER_Sliding.obj (.ebss)
                  0000e800    00000059     USER_I2C.obj (.ebss)
                  0000e859    00000001     diskio.obj (.ebss)
                  0000e85a    0000001a     USER_Motion.obj (.ebss)
                  0000e874    00000004     USER_Sci.obj (.ebss)
                  0000e878    00000004     ff.obj (.ebss)
                  0000e87c    00000004     rts2800_fpu32.lib : _lock.obj (.ebss)
                  0000e880    0000003a     disk_sd.obj (.ebss)
                  0000e8ba    00000004     rts2800_fpu32.lib : exit.obj (.ebss)
                  0000e8be    00000002     USER_ADC.obj (.ebss)
                  0000e8c0    0000002b     SD_SPI_Initialization.obj (.ebss)
                  0000e8eb    00000001     rts2800_fpu32.lib : errno.obj (.ebss)
                  0000e8ec    00000013     USER_Sensor.obj (.ebss)
                  0000e8ff    00000001     --HOLE--
                  0000e900    00000018     DSP2833x_CpuTimers.obj (.ebss)
                  0000e918    00000003     USER_Distance.obj (.ebss)

.econst    1    0000f000    0000013b     
                  0000f000    00000100     DSP2833x_PieVect.obj (.econst)
                  0000f100    00000020     USER_Pwm.obj (.econst:_T_Matrix)
                  0000f120    0000000f     ff.obj (.econst:.string)
                  0000f12f    00000001     --HOLE-- [fill = 0]
                  0000f130    00000008     USER_Pwm.obj (.econst:_$P$T0$1)
                  0000f138    00000003     USER_Sci.obj (.econst:.string)

CsmPwlFile 
*          1    0033fff8    00000008     UNINITIALIZED
                  0033fff8    00000008     DSP2833x_GlobalVariableDefs.obj (CsmPwlFile)


GLOBAL SYMBOLS: SORTED ALPHABETICALLY BY Name 

address    name
--------   ----
00009000   .text
0000cfb9   C$$EXIT
0000c98e   FS$$DIV
0000cf3e   I$$DIV
0000cf4f   I$$MOD
0000ceec   L$$DIV
0000cefb   L$$MOD
0000d028   LL$$MPY
0000cf80   LL$$TOFS
0000d03c   U$$DIV
0000d041   U$$MOD
0000cf09   UL$$DIV
0000cf10   UL$$MOD
0000b9ec   _ADCINT_ISR
00380080   _ADC_cal
0000d196   _AHRS_Data
0000d100   _AHRS_RX_Flag
0000d340   _AHRS_Rx_Buffer
0000d108   _AUV_State
00000b00   _AdcMirror
00007100   _AdcRegs
0000e8ee   _Alt
0000d14d   _Buff_Real
0000d840   _Buff_Total
0000bc63   _Circle_Led
0000b8cc   _Compute_Crc
0000ca57   _ConfigCpuTimer
0000d103   _Control_Time
0000e910   _CpuTimer0
00000c00   _CpuTimer0Regs
0000e900   _CpuTimer1
00000c08   _CpuTimer1Regs
0000e908   _CpuTimer2
00000c10   _CpuTimer2Regs
0033fff8   _CsmPwl
00000ae0   _CsmRegs
0000c535   _CsmUnlock
0000e802   _CurrentMsgPtr
0000b80a   _D1ForMs5837
0000b80e   _D2ForMs5837
0000b91a   _DATALOG_ISR
0000bb0e   _DINTCH1_ISR
0000bb18   _DINTCH2_ISR
0000bb22   _DINTCH3_ISR
0000bb2c   _DINTCH4_ISR
0000bb36   _DINTCH5_ISR
0000bb40   _DINTCH6_ISR
00008241   _DSP28x_usDelay
0000b25f   _DataInter_AHRS
0000b268   _DataInter_Pc
0000be18   _Delay_1ms
0000be2b   _Delay_Nms
00000880   _DevEmuRegs
0000c486   _DisableDog
0000cc41   _DistanceIstr
00001000   _DmaRegs
0000bb9a   _ECAN0INTA_ISR
0000bbae   _ECAN0INTB_ISR
0000bba4   _ECAN1INTA_ISR
0000bbb8   _ECAN1INTB_ISR
0000ba82   _ECAP1_INT_ISR
0000ba8c   _ECAP2_INT_ISR
0000ba96   _ECAP3_INT_ISR
0000baa0   _ECAP4_INT_ISR
0000baaa   _ECAP5_INT_ISR
0000bab4   _ECAP6_INT_ISR
00006040   _ECanaLAMRegs
000060c0   _ECanaMOTORegs
00006080   _ECanaMOTSRegs
00006100   _ECanaMboxes
00006000   _ECanaRegs
00006240   _ECanbLAMRegs
000062c0   _ECanbMOTORegs
00006280   _ECanbMOTSRegs
00006300   _ECanbMboxes
00006200   _ECanbRegs
00006a00   _ECap1Regs
00006a20   _ECap2Regs
00006a40   _ECap3Regs
00006a60   _ECap4Regs
00006a80   _ECap5Regs
00006aa0   _ECap6Regs
0000bc08   _EMPTY_ISR
0000b92e   _EMUINT_ISR
0000ba46   _EPWM1_INT_ISR
0000ba0a   _EPWM1_TZINT_ISR
0000ba50   _EPWM2_INT_ISR
0000ba14   _EPWM2_TZINT_ISR
0000ba5a   _EPWM3_INT_ISR
0000ba1e   _EPWM3_TZINT_ISR
0000ba64   _EPWM4_INT_ISR
0000ba28   _EPWM4_TZINT_ISR
0000ba6e   _EPWM5_INT_ISR
0000ba32   _EPWM5_TZINT_ISR
0000ba78   _EPWM6_INT_ISR
0000ba3c   _EPWM6_TZINT_ISR
00006800   _EPwm1Regs
00006840   _EPwm2Regs
00006880   _EPwm3Regs
000068c0   _EPwm4Regs
00006900   _EPwm5Regs
00006940   _EPwm6Regs
0000bf6b   _EPwmSetup1
0000bf72   _EPwmSetup2
0000bf79   _EPwmSetup3
0000bf80   _EPwmSetup4
0000be80   _EPwm_Init
0000babe   _EQEP1_INT_ISR
0000bac8   _EQEP2_INT_ISR
00006b00   _EQep1Regs
00006b40   _EQep2Regs
0000cf35   _EnableInterrupts
00000a80   _FlashRegs
0000d112   _Force
0000b8a4   _GetCalibrationData
00006f80   _GpioCtrlRegs
00006fc0   _GpioDataRegs
00006fe0   _GpioIntRegs
0000be0f   _Gpio_Init
0000b5b4   _I2CA_Init
0000bb4a   _I2CINT1A_ISR
0000bb54   _I2CINT2A_ISR
0000e801   _I2C_State
0000e81c   _I2cMsgIn1
0000e840   _I2cMsgOut1
0000cd53   _I2c_int1a_isr
00007900   _I2caRegs
0000b942   _ILLEGAL_ISR
0000b906   _INT13_ISR
0000b910   _INT14_ISR
0000c180   _ISRTimer0
0000d014   _InitAdc
0000ca16   _InitCpuTimers
00008226   _InitFlash
0000cfd2   _InitI2C
0000cfd3   _InitI2CGpio
0000c4da   _InitPeripheralClocks
0000cf16   _InitPieCtrl
0000cf60   _InitPieVectTable
0000c48e   _InitPll
0000cdeb   _InitSci
0000cdec   _InitSciGpio
0000cdef   _InitSciaGpio
0000ce04   _InitScibGpio
0000ce14   _InitScicGpio
0000ce96   _InitSpi
0000ce97   _InitSpiGpio
0000ce9a   _InitSpiaGpio
0000c473   _InitSysCtrl
0000c37d   _InitXintf
0000c419   _InitXintf16Gpio
0000c3d2   _InitXintf32Gpio
0000b5c7   _Init_Ms5837
0000bc80   _IntTime_Config
0000d110   _KD
0000d10e   _KI
0000d10a   _KP
0000bbfe   _LUF_ISR
0000bbf4   _LVF_ISR
0000d106   _Last_AUV_State
0000bc3f   _Led_Drive
0000c06e   _MOTOR_STOP
0000c02d   _MOTOR_TRAN
0000bafa   _MRINTA_ISR
0000bae6   _MRINTB_ISR
0000bb04   _MXINTA_ISR
0000baf0   _MXINTB_ISR
00005000   _McbspaRegs
00005040   _McbspbRegs
0000cfff   _MemCopy
0000ac8f   _Motion_Control
0000ac37   _Motion_Type
0000bf87   _Motor_Out
0000e80c   _Ms5837
0000b5d6   _Ms5837_Read
0000b938   _NMI_ISR
0000d107   _PC_RX_Flag
0000c8b3   _PC_ReadVol
0000d2c0   _PC_Rx_Buffer
0000bc15   _PIE_RESERVED
0000bcc7   _Para_Init
00000ce0   _PieCtrlRegs
00000d00   _PieVectTable
0000f000   _PieVectTableInit
0000e8ed   _Press
0000b924   _RTOSINT_ISR
0000b84f   _ReadBytesFromMs5837
0000b872   _ReadBytesFromMs5837Type
0000b88b   _ReadBytesFromMs5837Type1
0000c89c   _Read_Voltage
0000d1c0   _Real_AHRSBuff
0000e804   _Real_Alti
0000e808   _Real_Depth
0000e800   _Real_Depth_Temp
0000d240   _Real_PcBuff
0000e8f8   _Real_Pitch
0000e806   _Real_Pres
0000e8f4   _Real_Roll
0000e80a   _Real_Temp
0000e8f6   _Real_Yaw
0000b806   _ResetForMs5837
0000bb72   _SCIRXINTA_ISR
0000bb86   _SCIRXINTB_ISR
0000bb5e   _SCIRXINTC_ISR
0000bb7c   _SCITXINTA_ISR
0000bb90   _SCITXINTB_ISR
0000bb68   _SCITXINTC_ISR
0000e880   _SDCardInfo
0000ca92   _SD_Init
0000caa8   _SD_ReadBlock
0000cabf   _SD_ReadMultiBlocks
0000ce44   _SD_Ready
0000e859   _SD_Stat
0000cad7   _SD_WriteBlock
0000caee   _SD_WriteMultiBlocks
0000b9c4   _SEQ1INT_ISR
0000b9ce   _SEQ2INT_ISR
0000bad2   _SPIRXINTA_ISR
0000badc   _SPITXINTA_ISR
0000d11b   _SPI_Rx_Buffer
0000d12f   _SPI_Tx_Buffer
0000b3fe   _Sci_Init
0000b4ca   _Sci_Send
0000b49c   _Sci_Send_Sing
00007050   _SciaRegs
0000b443   _Scia_Msg
0000b43a   _Scia_Xmit
00007750   _ScibRegs
0000b469   _Scib_Msg
0000b458   _Scib_Xmit
00007770   _ScicRegs
0000b487   _Scic_Msg
0000b47e   _Scic_Xmit
0000b334   _Send_Data
0000b3bb   _Send_SingleSensor
0000b394   _Send_TimeOver
0000d059   _Sensor_Analysis
0000c47c   _ServiceDog
0000ab7b   _Set_PID
0000ab3c   _Set_SlidingPara
0000ab9a   _SingleMotor_Control
00007040   _SpiaRegs
0000affb   _Store_Data
0000aeed   _Store_Data1
0000b12d   _Store_Data2
0000bd01   _Store_PcData
0000bd14   _Store_SensorData
00007010   _SysCtrlRegs
0000e7ea   _T
0000b9f6   _TINT0_ISR
0000b4f8   _TXD_USART_BIN
0000b581   _TXD_USART_DEC
0000f100   _T_Matrix
0000e8ec   _Tempr
0000ac0a   _TotalMotor_Control
0000b2fe   _UART_Send
0000b2be   _UART_SendDis
0000b2b4   _UART_SendSensor
0000b9a6   _USER10_ISR
0000b9b0   _USER11_ISR
0000b9ba   _USER12_ISR
0000b94c   _USER1_ISR
0000b956   _USER2_ISR
0000b960   _USER3_ISR
0000b96a   _USER4_ISR
0000b974   _USER5_ISR
0000b97e   _USER6_ISR
0000b988   _USER7_ISR
0000b992   _USER8_ISR
0000b99c   _USER9_ISR
0000c872   _USER_ADC_Init
0000ce2a   _USER_SPIInit
0000ce2f   _USER_SPI_Init
0000c097   _Uart_AHRS
0000cb06   _Uart_Rx
0000e8be   _Voltage
0000ba00   _WAKEINT_ISR
0000b812   _WriteCommandToMs5837
0000b9d8   _XINT1_ISR
0000b9e2   _XINT2_ISR
0000bbc2   _XINT3_ISR
0000bbcc   _XINT4_ISR
0000bbd6   _XINT5_ISR
0000bbe0   _XINT6_ISR
0000bbea   _XINT7_ISR
00007070   _XIntruptRegs
00000b20   _XintfRegs
00000700   __STACK_END
00000300   __STACK_SIZE
00000001   __TI_args_main
ffffffff   ___binit__
ffffffff   ___c_args__
00008000   ___cinit__
0000d05a   ___etext__
ffffffff   ___pinit__
00009000   ___text__
0000cfa0   __args_main
0000e8ba   __cleanup_ptr
0000e8bc   __dtors_ptr
0000e87e   __lock
0000ccff   __log
0000d04f   __nop
0000d04b   __register_lock
0000d047   __register_unlock
00000400   __stack
0000e87c   __unlock
0000cfb9   _abort
0000d101   _br
0000cda5   _c_int00
0000e8c4   _card_status
0000e8db   _cid_contents
0000914f   _clust2sect
0000e8c3   _crc_enabled
0000e8cb   _csd_contents
0000e8c1   _data_manipulation
0000c905   _disk_initialize
0000c963   _disk_ioctl
0000c92e   _disk_read
0000c921   _disk_status
0000c94a   _disk_write
0000d058   _distanceframe
0000e8eb   _errno
0000cfbb   _exit
0000cb72   _exp
0000a32e   _f_chmod
00009e9e   _f_close
0000a089   _f_getfree
00009eac   _f_lseek
0000a227   _f_mkdir
00009a92   _f_mount
00009ab4   _f_open
00009fd6   _f_opendir
00009bc4   _f_read
0000a02b   _f_readdir
0000a3a4   _f_rename
0000a064   _f_stat
00009e0b   _f_sync
0000a144   _f_truncate
0000a1af   _f_unlink
0000a365   _f_utime
00009cd4   _f_write
0000cee4   _fputc
0000cfe9   _frexp
0000d600   _fs
0000d3c0   _fsrc
00009167   _get_fat
0000c98b   _get_fattime
0000d10c   _gl_Dis
0000d102   _gl_FlagMotionCycle
0000d105   _gl_MotionFlag
0000d125   _gl_TempFlag
0000d116   _gl_TimeFlag
0000d104   _h
0000e8c2   _high_capacity
0000ce61   _ldexp
0000d140   _m
0000cec2   _main
0000e860   _motion
0000e85e   _number
0000e8c6   _ocr_contents
0000cca5   _pow
0000920c   _put_fat
0000d109   _res
0000e8c0   _response
0000bc1f   _rsvd_ISR
0000c233   _sd_card_insertion
0000c75e   _sd_cid_csd_response
0000c847   _sd_command_response
0000c81b   _sd_crc7
0000c6ca   _sd_data_response
0000cbdc   _sd_erase_block
0000c868   _sd_error
0000c246   _sd_initialization
0000c747   _sd_ocr_response
0000c64d   _sd_read_block
0000c67d   _sd_read_multiple_block
0000c719   _sd_read_register
0000c79b   _sd_send_status
0000c29d   _sd_version1_initialization
0000c300   _sd_version2_initialization
0000c566   _sd_write_block
0000c5e5   _sd_write_data
0000c59d   _sd_write_multiple_block
0000e7f2   _sliding_para
0000a45b   _spacecontrol1
0000a775   _spacecontrol2
0000e85f   _speed
0000c226   _spi_initialization
0000c7cc   _spi_xmit_byte
0000c7da   _spi_xmit_command
0000d180   _textFileBuffer
0000d161   _textFileBuffer1
0000e7e8   _tt
0000e7e0   _u
0000e7e2   _w
0000e7e4   _x
0000e7e6   _z
ffffffff   binit
00008000   cinit
00000000   code_start
0000d05a   etext
ffffffff   pinit


GLOBAL SYMBOLS: SORTED BY Symbol Address 

address    name
--------   ----
00000000   code_start
00000001   __TI_args_main
00000300   __STACK_SIZE
00000400   __stack
00000700   __STACK_END
00000880   _DevEmuRegs
00000a80   _FlashRegs
00000ae0   _CsmRegs
00000b00   _AdcMirror
00000b20   _XintfRegs
00000c00   _CpuTimer0Regs
00000c08   _CpuTimer1Regs
00000c10   _CpuTimer2Regs
00000ce0   _PieCtrlRegs
00000d00   _PieVectTable
00001000   _DmaRegs
00005000   _McbspaRegs
00005040   _McbspbRegs
00006000   _ECanaRegs
00006040   _ECanaLAMRegs
00006080   _ECanaMOTSRegs
000060c0   _ECanaMOTORegs
00006100   _ECanaMboxes
00006200   _ECanbRegs
00006240   _ECanbLAMRegs
00006280   _ECanbMOTSRegs
000062c0   _ECanbMOTORegs
00006300   _ECanbMboxes
00006800   _EPwm1Regs
00006840   _EPwm2Regs
00006880   _EPwm3Regs
000068c0   _EPwm4Regs
00006900   _EPwm5Regs
00006940   _EPwm6Regs
00006a00   _ECap1Regs
00006a20   _ECap2Regs
00006a40   _ECap3Regs
00006a60   _ECap4Regs
00006a80   _ECap5Regs
00006aa0   _ECap6Regs
00006b00   _EQep1Regs
00006b40   _EQep2Regs
00006f80   _GpioCtrlRegs
00006fc0   _GpioDataRegs
00006fe0   _GpioIntRegs
00007010   _SysCtrlRegs
00007040   _SpiaRegs
00007050   _SciaRegs
00007070   _XIntruptRegs
00007100   _AdcRegs
00007750   _ScibRegs
00007770   _ScicRegs
00007900   _I2caRegs
00008000   ___cinit__
00008000   cinit
00008226   _InitFlash
00008241   _DSP28x_usDelay
00009000   .text
00009000   ___text__
0000914f   _clust2sect
00009167   _get_fat
0000920c   _put_fat
00009a92   _f_mount
00009ab4   _f_open
00009bc4   _f_read
00009cd4   _f_write
00009e0b   _f_sync
00009e9e   _f_close
00009eac   _f_lseek
00009fd6   _f_opendir
0000a02b   _f_readdir
0000a064   _f_stat
0000a089   _f_getfree
0000a144   _f_truncate
0000a1af   _f_unlink
0000a227   _f_mkdir
0000a32e   _f_chmod
0000a365   _f_utime
0000a3a4   _f_rename
0000a45b   _spacecontrol1
0000a775   _spacecontrol2
0000ab3c   _Set_SlidingPara
0000ab7b   _Set_PID
0000ab9a   _SingleMotor_Control
0000ac0a   _TotalMotor_Control
0000ac37   _Motion_Type
0000ac8f   _Motion_Control
0000aeed   _Store_Data1
0000affb   _Store_Data
0000b12d   _Store_Data2
0000b25f   _DataInter_AHRS
0000b268   _DataInter_Pc
0000b2b4   _UART_SendSensor
0000b2be   _UART_SendDis
0000b2fe   _UART_Send
0000b334   _Send_Data
0000b394   _Send_TimeOver
0000b3bb   _Send_SingleSensor
0000b3fe   _Sci_Init
0000b43a   _Scia_Xmit
0000b443   _Scia_Msg
0000b458   _Scib_Xmit
0000b469   _Scib_Msg
0000b47e   _Scic_Xmit
0000b487   _Scic_Msg
0000b49c   _Sci_Send_Sing
0000b4ca   _Sci_Send
0000b4f8   _TXD_USART_BIN
0000b581   _TXD_USART_DEC
0000b5b4   _I2CA_Init
0000b5c7   _Init_Ms5837
0000b5d6   _Ms5837_Read
0000b806   _ResetForMs5837
0000b80a   _D1ForMs5837
0000b80e   _D2ForMs5837
0000b812   _WriteCommandToMs5837
0000b84f   _ReadBytesFromMs5837
0000b872   _ReadBytesFromMs5837Type
0000b88b   _ReadBytesFromMs5837Type1
0000b8a4   _GetCalibrationData
0000b8cc   _Compute_Crc
0000b906   _INT13_ISR
0000b910   _INT14_ISR
0000b91a   _DATALOG_ISR
0000b924   _RTOSINT_ISR
0000b92e   _EMUINT_ISR
0000b938   _NMI_ISR
0000b942   _ILLEGAL_ISR
0000b94c   _USER1_ISR
0000b956   _USER2_ISR
0000b960   _USER3_ISR
0000b96a   _USER4_ISR
0000b974   _USER5_ISR
0000b97e   _USER6_ISR
0000b988   _USER7_ISR
0000b992   _USER8_ISR
0000b99c   _USER9_ISR
0000b9a6   _USER10_ISR
0000b9b0   _USER11_ISR
0000b9ba   _USER12_ISR
0000b9c4   _SEQ1INT_ISR
0000b9ce   _SEQ2INT_ISR
0000b9d8   _XINT1_ISR
0000b9e2   _XINT2_ISR
0000b9ec   _ADCINT_ISR
0000b9f6   _TINT0_ISR
0000ba00   _WAKEINT_ISR
0000ba0a   _EPWM1_TZINT_ISR
0000ba14   _EPWM2_TZINT_ISR
0000ba1e   _EPWM3_TZINT_ISR
0000ba28   _EPWM4_TZINT_ISR
0000ba32   _EPWM5_TZINT_ISR
0000ba3c   _EPWM6_TZINT_ISR
0000ba46   _EPWM1_INT_ISR
0000ba50   _EPWM2_INT_ISR
0000ba5a   _EPWM3_INT_ISR
0000ba64   _EPWM4_INT_ISR
0000ba6e   _EPWM5_INT_ISR
0000ba78   _EPWM6_INT_ISR
0000ba82   _ECAP1_INT_ISR
0000ba8c   _ECAP2_INT_ISR
0000ba96   _ECAP3_INT_ISR
0000baa0   _ECAP4_INT_ISR
0000baaa   _ECAP5_INT_ISR
0000bab4   _ECAP6_INT_ISR
0000babe   _EQEP1_INT_ISR
0000bac8   _EQEP2_INT_ISR
0000bad2   _SPIRXINTA_ISR
0000badc   _SPITXINTA_ISR
0000bae6   _MRINTB_ISR
0000baf0   _MXINTB_ISR
0000bafa   _MRINTA_ISR
0000bb04   _MXINTA_ISR
0000bb0e   _DINTCH1_ISR
0000bb18   _DINTCH2_ISR
0000bb22   _DINTCH3_ISR
0000bb2c   _DINTCH4_ISR
0000bb36   _DINTCH5_ISR
0000bb40   _DINTCH6_ISR
0000bb4a   _I2CINT1A_ISR
0000bb54   _I2CINT2A_ISR
0000bb5e   _SCIRXINTC_ISR
0000bb68   _SCITXINTC_ISR
0000bb72   _SCIRXINTA_ISR
0000bb7c   _SCITXINTA_ISR
0000bb86   _SCIRXINTB_ISR
0000bb90   _SCITXINTB_ISR
0000bb9a   _ECAN0INTA_ISR
0000bba4   _ECAN1INTA_ISR
0000bbae   _ECAN0INTB_ISR
0000bbb8   _ECAN1INTB_ISR
0000bbc2   _XINT3_ISR
0000bbcc   _XINT4_ISR
0000bbd6   _XINT5_ISR
0000bbe0   _XINT6_ISR
0000bbea   _XINT7_ISR
0000bbf4   _LVF_ISR
0000bbfe   _LUF_ISR
0000bc08   _EMPTY_ISR
0000bc15   _PIE_RESERVED
0000bc1f   _rsvd_ISR
0000bc3f   _Led_Drive
0000bc63   _Circle_Led
0000bc80   _IntTime_Config
0000bcc7   _Para_Init
0000bd01   _Store_PcData
0000bd14   _Store_SensorData
0000be0f   _Gpio_Init
0000be18   _Delay_1ms
0000be2b   _Delay_Nms
0000be80   _EPwm_Init
0000bf6b   _EPwmSetup1
0000bf72   _EPwmSetup2
0000bf79   _EPwmSetup3
0000bf80   _EPwmSetup4
0000bf87   _Motor_Out
0000c02d   _MOTOR_TRAN
0000c06e   _MOTOR_STOP
0000c097   _Uart_AHRS
0000c180   _ISRTimer0
0000c226   _spi_initialization
0000c233   _sd_card_insertion
0000c246   _sd_initialization
0000c29d   _sd_version1_initialization
0000c300   _sd_version2_initialization
0000c37d   _InitXintf
0000c3d2   _InitXintf32Gpio
0000c419   _InitXintf16Gpio
0000c473   _InitSysCtrl
0000c47c   _ServiceDog
0000c486   _DisableDog
0000c48e   _InitPll
0000c4da   _InitPeripheralClocks
0000c535   _CsmUnlock
0000c566   _sd_write_block
0000c59d   _sd_write_multiple_block
0000c5e5   _sd_write_data
0000c64d   _sd_read_block
0000c67d   _sd_read_multiple_block
0000c6ca   _sd_data_response
0000c719   _sd_read_register
0000c747   _sd_ocr_response
0000c75e   _sd_cid_csd_response
0000c79b   _sd_send_status
0000c7cc   _spi_xmit_byte
0000c7da   _spi_xmit_command
0000c81b   _sd_crc7
0000c847   _sd_command_response
0000c868   _sd_error
0000c872   _USER_ADC_Init
0000c89c   _Read_Voltage
0000c8b3   _PC_ReadVol
0000c905   _disk_initialize
0000c921   _disk_status
0000c92e   _disk_read
0000c94a   _disk_write
0000c963   _disk_ioctl
0000c98b   _get_fattime
0000c98e   FS$$DIV
0000ca16   _InitCpuTimers
0000ca57   _ConfigCpuTimer
0000ca92   _SD_Init
0000caa8   _SD_ReadBlock
0000cabf   _SD_ReadMultiBlocks
0000cad7   _SD_WriteBlock
0000caee   _SD_WriteMultiBlocks
0000cb06   _Uart_Rx
0000cb72   _exp
0000cbdc   _sd_erase_block
0000cc41   _DistanceIstr
0000cca5   _pow
0000ccff   __log
0000cd53   _I2c_int1a_isr
0000cda5   _c_int00
0000cdeb   _InitSci
0000cdec   _InitSciGpio
0000cdef   _InitSciaGpio
0000ce04   _InitScibGpio
0000ce14   _InitScicGpio
0000ce2a   _USER_SPIInit
0000ce2f   _USER_SPI_Init
0000ce44   _SD_Ready
0000ce61   _ldexp
0000ce96   _InitSpi
0000ce97   _InitSpiGpio
0000ce9a   _InitSpiaGpio
0000cec2   _main
0000cee4   _fputc
0000ceec   L$$DIV
0000cefb   L$$MOD
0000cf09   UL$$DIV
0000cf10   UL$$MOD
0000cf16   _InitPieCtrl
0000cf35   _EnableInterrupts
0000cf3e   I$$DIV
0000cf4f   I$$MOD
0000cf60   _InitPieVectTable
0000cf80   LL$$TOFS
0000cfa0   __args_main
0000cfb9   C$$EXIT
0000cfb9   _abort
0000cfbb   _exit
0000cfd2   _InitI2C
0000cfd3   _InitI2CGpio
0000cfe9   _frexp
0000cfff   _MemCopy
0000d014   _InitAdc
0000d028   LL$$MPY
0000d03c   U$$DIV
0000d041   U$$MOD
0000d047   __register_unlock
0000d04b   __register_lock
0000d04f   __nop
0000d058   _distanceframe
0000d059   _Sensor_Analysis
0000d05a   ___etext__
0000d05a   etext
0000d100   _AHRS_RX_Flag
0000d101   _br
0000d102   _gl_FlagMotionCycle
0000d103   _Control_Time
0000d104   _h
0000d105   _gl_MotionFlag
0000d106   _Last_AUV_State
0000d107   _PC_RX_Flag
0000d108   _AUV_State
0000d109   _res
0000d10a   _KP
0000d10c   _gl_Dis
0000d10e   _KI
0000d110   _KD
0000d112   _Force
0000d116   _gl_TimeFlag
0000d11b   _SPI_Rx_Buffer
0000d125   _gl_TempFlag
0000d12f   _SPI_Tx_Buffer
0000d140   _m
0000d14d   _Buff_Real
0000d161   _textFileBuffer1
0000d180   _textFileBuffer
0000d196   _AHRS_Data
0000d1c0   _Real_AHRSBuff
0000d240   _Real_PcBuff
0000d2c0   _PC_Rx_Buffer
0000d340   _AHRS_Rx_Buffer
0000d3c0   _fsrc
0000d600   _fs
0000d840   _Buff_Total
0000e7e0   _u
0000e7e2   _w
0000e7e4   _x
0000e7e6   _z
0000e7e8   _tt
0000e7ea   _T
0000e7f2   _sliding_para
0000e800   _Real_Depth_Temp
0000e801   _I2C_State
0000e802   _CurrentMsgPtr
0000e804   _Real_Alti
0000e806   _Real_Pres
0000e808   _Real_Depth
0000e80a   _Real_Temp
0000e80c   _Ms5837
0000e81c   _I2cMsgIn1
0000e840   _I2cMsgOut1
0000e859   _SD_Stat
0000e85e   _number
0000e85f   _speed
0000e860   _motion
0000e87c   __unlock
0000e87e   __lock
0000e880   _SDCardInfo
0000e8ba   __cleanup_ptr
0000e8bc   __dtors_ptr
0000e8be   _Voltage
0000e8c0   _response
0000e8c1   _data_manipulation
0000e8c2   _high_capacity
0000e8c3   _crc_enabled
0000e8c4   _card_status
0000e8c6   _ocr_contents
0000e8cb   _csd_contents
0000e8db   _cid_contents
0000e8eb   _errno
0000e8ec   _Tempr
0000e8ed   _Press
0000e8ee   _Alt
0000e8f4   _Real_Roll
0000e8f6   _Real_Yaw
0000e8f8   _Real_Pitch
0000e900   _CpuTimer1
0000e908   _CpuTimer2
0000e910   _CpuTimer0
0000f000   _PieVectTableInit
0000f100   _T_Matrix
0033fff8   _CsmPwl
00380080   _ADC_cal
ffffffff   ___binit__
ffffffff   ___c_args__
ffffffff   ___pinit__
ffffffff   binit
ffffffff   pinit

[402 symbols]
