******************************************************************************
             TMS320C2000 Linker PC v6.1.3                      
******************************************************************************
>> Linked Tue Sep 12 21:28:20 2017

OUTPUT FILE NAME:   <SCI_test.out>
ENTRY POINT SYMBOL: "_c_int00"  address: 0000ae11


MEMORY CONFIGURATION

         name            origin    length      used     unused   attr    fill
----------------------  --------  ---------  --------  --------  ----  --------
PAGE 0:
  BEGIN                 00000000   00000002  00000002  00000000  RWIX
  RAMM0                 00000050   000003b0  00000000  000003b0  RWIX
  RAML0                 00008000   00001000  00000194  00000e6c  RWIX
  RAML1                 00009000   00003000  00001fb1  0000104f  RWIX
  ZONE7A                00200000   0000fc00  00000000  0000fc00  RWIX
  CSM_RSVD              0033ff80   00000076  00000000  00000076  RWIX
  CSM_PWL               0033fff8   00000008  00000000  00000008  RWIX
  ADC_CAL               00380080   00000009  00000007  00000002  RWIX
  IQTABLES              003fe000   00000b50  00000000  00000b50  RWIX
  IQTABLES2             003feb50   0000008c  00000000  0000008c  RWIX
  FPUTABLES             003febdc   000006a0  00000000  000006a0  RWIX
  BOOTROM               003ff27c   00000d44  00000000  00000d44  RWIX
  RESET                 003fffc0   00000002  00000000  00000002  RWIX

PAGE 1:
  BOOT_RSVD             00000002   0000004e  00000000  0000004e  RWIX
  RAMM1                 00000400   00000400  00000300  00000100  RWIX
  DEV_EMU               00000880   00000180  000000d0  000000b0  RWIX
  FLASH_REGS            00000a80   00000060  00000008  00000058  RWIX
  CSM                   00000ae0   00000010  00000010  00000000  RWIX
  ADC_MIRROR            00000b00   00000010  00000010  00000000  RWIX
  XINTF                 00000b20   00000020  0000001e  00000002  RWIX
  CPU_TIMER0            00000c00   00000008  00000008  00000000  RWIX
  CPU_TIMER1            00000c08   00000008  00000008  00000000  RWIX
  CPU_TIMER2            00000c10   00000008  00000008  00000000  RWIX
  PIE_CTRL              00000ce0   00000020  0000001a  00000006  RWIX
  PIE_VECT              00000d00   00000100  00000100  00000000  RWIX
  DMA                   00001000   00000200  000000e0  00000120  RWIX
  MCBSPA                00005000   00000040  00000025  0000001b  RWIX
  MCBSPB                00005040   00000040  00000025  0000001b  RWIX
  ECANA                 00006000   00000040  00000034  0000000c  RWIX
  ECANA_LAM             00006040   00000040  00000040  00000000  RWIX
  ECANA_MOTS            00006080   00000040  00000040  00000000  RWIX
  ECANA_MOTO            000060c0   00000040  00000040  00000000  RWIX
  ECANA_MBOX            00006100   00000100  00000100  00000000  RWIX
  ECANB                 00006200   00000040  00000034  0000000c  RWIX
  ECANB_LAM             00006240   00000040  00000040  00000000  RWIX
  ECANB_MOTS            00006280   00000040  00000040  00000000  RWIX
  ECANB_MOTO            000062c0   00000040  00000040  00000000  RWIX
  ECANB_MBOX            00006300   00000100  00000100  00000000  RWIX
  EPWM1                 00006800   00000022  00000022  00000000  RWIX
  EPWM2                 00006840   00000022  00000022  00000000  RWIX
  EPWM3                 00006880   00000022  00000022  00000000  RWIX
  EPWM4                 000068c0   00000022  00000022  00000000  RWIX
  EPWM5                 00006900   00000022  00000022  00000000  RWIX
  EPWM6                 00006940   00000022  00000022  00000000  RWIX
  ECAP1                 00006a00   00000020  00000020  00000000  RWIX
  ECAP2                 00006a20   00000020  00000020  00000000  RWIX
  ECAP3                 00006a40   00000020  00000020  00000000  RWIX
  ECAP4                 00006a60   00000020  00000020  00000000  RWIX
  ECAP5                 00006a80   00000020  00000020  00000000  RWIX
  ECAP6                 00006aa0   00000020  00000020  00000000  RWIX
  EQEP1                 00006b00   00000040  00000040  00000000  RWIX
  EQEP2                 00006b40   00000040  00000040  00000000  RWIX
  GPIOCTRL              00006f80   00000040  0000002e  00000012  RWIX
  GPIODAT               00006fc0   00000020  00000020  00000000  RWIX
  GPIOINT               00006fe0   00000020  0000000a  00000016  RWIX
  SYSTEM                00007010   00000020  00000020  00000000  RWIX
  SPIA                  00007040   00000010  00000010  00000000  RWIX
  SCIA                  00007050   00000010  00000010  00000000  RWIX
  XINTRUPT              00007070   00000010  00000010  00000000  RWIX
  ADC                   00007100   00000020  0000001e  00000002  RWIX
  SCIB                  00007750   00000010  00000010  00000000  RWIX
  SCIC                  00007770   00000010  00000010  00000000  RWIX
  I2CA                  00007900   00000040  00000022  0000001e  RWIX
  RAML4                 0000c000   00001500  00001293  0000026d  RWIX
  RAML5                 0000d500   00000b00  0000012b  000009d5  RWIX
  RAML6                 0000e000   00001000  00000000  00001000  RWIX
  RAML7                 0000f000   00001000  00000000  00001000  RWIX
  ZONE7B                0020fc00   00000400  00000000  00000400  RWIX
  CSM_PWL               0033fff8   00000008  00000008  00000000  RWIX


SECTION ALLOCATION MAP

 output                                  attributes/
section   page    origin      length       input sections
--------  ----  ----------  ----------   ----------------
codestart 
*          0    00000000    00000002     
                  00000000    00000002     DSP2833x_CodeStartBranch.obj (codestart)

.pinit     0    00008000    00000000     UNINITIALIZED

.cinit     0    00008000    00000175     
                  00008000    000000a0     SCI.obj (.cinit)
                  000080a0    00000048     USER_Motion.obj (.cinit)
                  000080e8    00000037     USER_Sensor.obj (.cinit)
                  0000811f    00000024     USER_Sliding.obj (.cinit)
                  00008143    00000010     USER_Sci.obj (.cinit)
                  00008153    0000000c     USER_Distance.obj (.cinit)
                  0000815f    0000000a     rts2800_fpu32.lib : _lock.obj (.cinit)
                  00008169    0000000a                       : exit.obj (.cinit)
                  00008173    00000002     --HOLE-- [fill = 0]

ramfuncs   0    00008175    0000001f     
                  00008175    0000001b     DSP2833x_SysCtrl.obj (ramfuncs)
                  00008190    00000004     DSP2833x_usDelay.obj (ramfuncs)

.text      0    00009000    00001fb1     
                  00009000    00000720     USER_Sliding.obj (.text)
                  00009720    000006b4     USER_Motion.obj (.text)
                  00009dd4    00000351     USER_Sci.obj (.text)
                  0000a125    00000323     DSP2833x_DefaultIsr.obj (.text:retain)
                  0000a448    00000266     USER_Common.obj (.text)
                  0000a6ae    00000217     USER_Pwm.obj (.text)
                  0000a8c5    0000018f     USER_Sensor.obj (.text:retain)
                  0000aa54    000000f6     DSP2833x_Xintf.obj (.text)
                  0000ab4a    000000f3     DSP2833x_SysCtrl.obj (.text)
                  0000ac3d    00000088     rts2800_fpu32.lib : fs_div.obj (.text)
                  0000acc5    0000007c     DSP2833x_CpuTimers.obj (.text)
                  0000ad41    0000006c     USER_Sci.obj (.text:retain)
                  0000adad    00000064     USER_Distance.obj (.text:retain)
                  0000ae11    00000046     rts2800_fpu32.lib : boot.obj (.text)
                  0000ae57    0000003f     DSP2833x_Sci.obj (.text)
                  0000ae96    0000002c     DSP2833x_Spi.obj (.text)
                  0000aec2    00000028     DSP2833x_PieCtrl.obj (.text)
                  0000aeea    00000028     SCI.obj (.text)
                  0000af12    00000020     DSP2833x_PieVect.obj (.text)
                  0000af32    0000001a     USER_Spi.obj (.text)
                  0000af4c    00000019     rts2800_fpu32.lib : args_main.obj (.text)
                  0000af65    00000019                       : exit.obj (.text)
                  0000af7e    00000015     DSP2833x_MemCopy.obj (.text)
                  0000af93    0000000b     rts2800_fpu32.lib : u_div.obj (.text)
                  0000af9e    00000009                       : _lock.obj (.text)
                  0000afa7    00000008     DSP2833x_CodeStartBranch.obj (.text)
                  0000afaf    00000001     USER_Distance.obj (.text)
                  0000afb0    00000001     USER_Sensor.obj (.text)

csm_rsvd   0    0033ff80    00000000     DSECT

csmpasswds 
*          0    0033fff8    00000000     DSECT

.adc_cal   0    00380080    00000007     NOLOAD SECTION
                  00380080    00000007     DSP2833x_ADC_cal.obj (.adc_cal)

.reset     0    003fffc0    00000002     DSECT
                  003fffc0    00000002     rts2800_fpu32.lib : boot.obj (.reset)

.stack     1    00000400    00000300     UNINITIALIZED
                  00000400    00000300     --HOLE--

DevEmuRegsFile 
*          1    00000880    000000d0     UNINITIALIZED
                  00000880    000000d0     DSP2833x_GlobalVariableDefs.obj (DevEmuRegsFile)

FlashRegsFile 
*          1    00000a80    00000008     UNINITIALIZED
                  00000a80    00000008     DSP2833x_GlobalVariableDefs.obj (FlashRegsFile)

CsmRegsFile 
*          1    00000ae0    00000010     UNINITIALIZED
                  00000ae0    00000010     DSP2833x_GlobalVariableDefs.obj (CsmRegsFile)

AdcMirrorFile 
*          1    00000b00    00000010     UNINITIALIZED
                  00000b00    00000010     DSP2833x_GlobalVariableDefs.obj (AdcMirrorFile)

XintfRegsFile 
*          1    00000b20    0000001e     UNINITIALIZED
                  00000b20    0000001e     DSP2833x_GlobalVariableDefs.obj (XintfRegsFile)

CpuTimer0RegsFile 
*          1    00000c00    00000008     UNINITIALIZED
                  00000c00    00000008     DSP2833x_GlobalVariableDefs.obj (CpuTimer0RegsFile)

CpuTimer1RegsFile 
*          1    00000c08    00000008     UNINITIALIZED
                  00000c08    00000008     DSP2833x_GlobalVariableDefs.obj (CpuTimer1RegsFile)

CpuTimer2RegsFile 
*          1    00000c10    00000008     UNINITIALIZED
                  00000c10    00000008     DSP2833x_GlobalVariableDefs.obj (CpuTimer2RegsFile)

PieCtrlRegsFile 
*          1    00000ce0    0000001a     UNINITIALIZED
                  00000ce0    0000001a     DSP2833x_GlobalVariableDefs.obj (PieCtrlRegsFile)

PieVectTableFile 
*          1    00000d00    00000100     UNINITIALIZED
                  00000d00    00000100     DSP2833x_GlobalVariableDefs.obj (PieVectTableFile)

DmaRegsFile 
*          1    00001000    000000e0     UNINITIALIZED
                  00001000    000000e0     DSP2833x_GlobalVariableDefs.obj (DmaRegsFile)

McbspaRegsFile 
*          1    00005000    00000025     UNINITIALIZED
                  00005000    00000025     DSP2833x_GlobalVariableDefs.obj (McbspaRegsFile)

McbspbRegsFile 
*          1    00005040    00000025     UNINITIALIZED
                  00005040    00000025     DSP2833x_GlobalVariableDefs.obj (McbspbRegsFile)

ECanaRegsFile 
*          1    00006000    00000034     UNINITIALIZED
                  00006000    00000034     DSP2833x_GlobalVariableDefs.obj (ECanaRegsFile)

ECanaLAMRegsFile 
*          1    00006040    00000040     UNINITIALIZED
                  00006040    00000040     DSP2833x_GlobalVariableDefs.obj (ECanaLAMRegsFile)

ECanaMOTSRegsFile 
*          1    00006080    00000040     UNINITIALIZED
                  00006080    00000040     DSP2833x_GlobalVariableDefs.obj (ECanaMOTSRegsFile)

ECanaMOTORegsFile 
*          1    000060c0    00000040     UNINITIALIZED
                  000060c0    00000040     DSP2833x_GlobalVariableDefs.obj (ECanaMOTORegsFile)

ECanaMboxesFile 
*          1    00006100    00000100     UNINITIALIZED
                  00006100    00000100     DSP2833x_GlobalVariableDefs.obj (ECanaMboxesFile)

ECanbRegsFile 
*          1    00006200    00000034     UNINITIALIZED
                  00006200    00000034     DSP2833x_GlobalVariableDefs.obj (ECanbRegsFile)

ECanbLAMRegsFile 
*          1    00006240    00000040     UNINITIALIZED
                  00006240    00000040     DSP2833x_GlobalVariableDefs.obj (ECanbLAMRegsFile)

ECanbMOTSRegsFile 
*          1    00006280    00000040     UNINITIALIZED
                  00006280    00000040     DSP2833x_GlobalVariableDefs.obj (ECanbMOTSRegsFile)

ECanbMOTORegsFile 
*          1    000062c0    00000040     UNINITIALIZED
                  000062c0    00000040     DSP2833x_GlobalVariableDefs.obj (ECanbMOTORegsFile)

ECanbMboxesFile 
*          1    00006300    00000100     UNINITIALIZED
                  00006300    00000100     DSP2833x_GlobalVariableDefs.obj (ECanbMboxesFile)

EPwm1RegsFile 
*          1    00006800    00000022     UNINITIALIZED
                  00006800    00000022     DSP2833x_GlobalVariableDefs.obj (EPwm1RegsFile)

EPwm2RegsFile 
*          1    00006840    00000022     UNINITIALIZED
                  00006840    00000022     DSP2833x_GlobalVariableDefs.obj (EPwm2RegsFile)

EPwm3RegsFile 
*          1    00006880    00000022     UNINITIALIZED
                  00006880    00000022     DSP2833x_GlobalVariableDefs.obj (EPwm3RegsFile)

EPwm4RegsFile 
*          1    000068c0    00000022     UNINITIALIZED
                  000068c0    00000022     DSP2833x_GlobalVariableDefs.obj (EPwm4RegsFile)

EPwm5RegsFile 
*          1    00006900    00000022     UNINITIALIZED
                  00006900    00000022     DSP2833x_GlobalVariableDefs.obj (EPwm5RegsFile)

EPwm6RegsFile 
*          1    00006940    00000022     UNINITIALIZED
                  00006940    00000022     DSP2833x_GlobalVariableDefs.obj (EPwm6RegsFile)

ECap1RegsFile 
*          1    00006a00    00000020     UNINITIALIZED
                  00006a00    00000020     DSP2833x_GlobalVariableDefs.obj (ECap1RegsFile)

ECap2RegsFile 
*          1    00006a20    00000020     UNINITIALIZED
                  00006a20    00000020     DSP2833x_GlobalVariableDefs.obj (ECap2RegsFile)

ECap3RegsFile 
*          1    00006a40    00000020     UNINITIALIZED
                  00006a40    00000020     DSP2833x_GlobalVariableDefs.obj (ECap3RegsFile)

ECap4RegsFile 
*          1    00006a60    00000020     UNINITIALIZED
                  00006a60    00000020     DSP2833x_GlobalVariableDefs.obj (ECap4RegsFile)

ECap5RegsFile 
*          1    00006a80    00000020     UNINITIALIZED
                  00006a80    00000020     DSP2833x_GlobalVariableDefs.obj (ECap5RegsFile)

ECap6RegsFile 
*          1    00006aa0    00000020     UNINITIALIZED
                  00006aa0    00000020     DSP2833x_GlobalVariableDefs.obj (ECap6RegsFile)

EQep1RegsFile 
*          1    00006b00    00000040     UNINITIALIZED
                  00006b00    00000040     DSP2833x_GlobalVariableDefs.obj (EQep1RegsFile)

EQep2RegsFile 
*          1    00006b40    00000040     UNINITIALIZED
                  00006b40    00000040     DSP2833x_GlobalVariableDefs.obj (EQep2RegsFile)

GpioCtrlRegsFile 
*          1    00006f80    0000002e     UNINITIALIZED
                  00006f80    0000002e     DSP2833x_GlobalVariableDefs.obj (GpioCtrlRegsFile)

GpioDataRegsFile 
*          1    00006fc0    00000020     UNINITIALIZED
                  00006fc0    00000020     DSP2833x_GlobalVariableDefs.obj (GpioDataRegsFile)

GpioIntRegsFile 
*          1    00006fe0    0000000a     UNINITIALIZED
                  00006fe0    0000000a     DSP2833x_GlobalVariableDefs.obj (GpioIntRegsFile)

SysCtrlRegsFile 
*          1    00007010    00000020     UNINITIALIZED
                  00007010    00000020     DSP2833x_GlobalVariableDefs.obj (SysCtrlRegsFile)

SpiaRegsFile 
*          1    00007040    00000010     UNINITIALIZED
                  00007040    00000010     DSP2833x_GlobalVariableDefs.obj (SpiaRegsFile)

SciaRegsFile 
*          1    00007050    00000010     UNINITIALIZED
                  00007050    00000010     DSP2833x_GlobalVariableDefs.obj (SciaRegsFile)

XIntruptRegsFile 
*          1    00007070    00000010     UNINITIALIZED
                  00007070    00000010     DSP2833x_GlobalVariableDefs.obj (XIntruptRegsFile)

AdcRegsFile 
*          1    00007100    0000001e     UNINITIALIZED
                  00007100    0000001e     DSP2833x_GlobalVariableDefs.obj (AdcRegsFile)

ScibRegsFile 
*          1    00007750    00000010     UNINITIALIZED
                  00007750    00000010     DSP2833x_GlobalVariableDefs.obj (ScibRegsFile)

ScicRegsFile 
*          1    00007770    00000010     UNINITIALIZED
                  00007770    00000010     DSP2833x_GlobalVariableDefs.obj (ScicRegsFile)

I2caRegsFile 
*          1    00007900    00000022     UNINITIALIZED
                  00007900    00000022     DSP2833x_GlobalVariableDefs.obj (I2caRegsFile)

.ebss      1    0000c000    00001293     UNINITIALIZED
                  0000c000    00001220     SCI.obj (.ebss)
                  0000d220    00000020     USER_Sliding.obj (.ebss)
                  0000d240    00000018     DSP2833x_CpuTimers.obj (.ebss)
                  0000d258    00000016     USER_Motion.obj (.ebss)
                  0000d26e    00000004     USER_Sci.obj (.ebss)
                  0000d272    00000004     rts2800_fpu32.lib : _lock.obj (.ebss)
                  0000d276    00000004                       : exit.obj (.ebss)
                  0000d27a    00000003     USER_Distance.obj (.ebss)
                  0000d27d    00000003     --HOLE--
                  0000d280    00000013     USER_Sensor.obj (.ebss)

.econst    1    0000d500    0000012b     
                  0000d500    00000100     DSP2833x_PieVect.obj (.econst)
                  0000d600    00000020     USER_Pwm.obj (.econst:_T_Matrix)
                  0000d620    00000008     USER_Pwm.obj (.econst:_$P$T0$1)
                  0000d628    00000003     USER_Sci.obj (.econst:.string)

CsmPwlFile 
*          1    0033fff8    00000008     UNINITIALIZED
                  0033fff8    00000008     DSP2833x_GlobalVariableDefs.obj (CsmPwlFile)


GLOBAL SYMBOLS: SORTED ALPHABETICALLY BY Name 

address    name
--------   ----
00009000   .text
0000af65   C$$EXIT
0000ac3d   FS$$DIV
0000af93   U$$DIV
0000af98   U$$MOD
0000a20b   _ADCINT_ISR
00380080   _ADC_cal
0000c054   _AHRS_Data
0000c000   _AHRS_RX_Flag
0000c100   _AHRS_Rx_Buffer
0000c003   _AUV_State
00000b00   _AdcMirror
00007100   _AdcRegs
0000d282   _Alt
0000c040   _Buff_Real
0000c280   _Buff_Total
0000a498   _Circle_Led
0000ad06   _ConfigCpuTimer
0000c006   _Control_Time
0000d250   _CpuTimer0
00000c00   _CpuTimer0Regs
0000d240   _CpuTimer1
00000c08   _CpuTimer1Regs
0000d248   _CpuTimer2
00000c10   _CpuTimer2Regs
0033fff8   _CsmPwl
00000ae0   _CsmRegs
0000ac0c   _CsmUnlock
0000a139   _DATALOG_ISR
0000a32d   _DINTCH1_ISR
0000a337   _DINTCH2_ISR
0000a341   _DINTCH3_ISR
0000a34b   _DINTCH4_ISR
0000a355   _DINTCH5_ISR
0000a35f   _DINTCH6_ISR
00008190   _DSP28x_usDelay
00009dd4   _DataInter_AHRS
00009ddd   _DataInter_Pc
0000a646   _Delay_1ms
0000a659   _Delay_Nms
00000880   _DevEmuRegs
0000ab5d   _DisableDog
0000adad   _DistanceIstr
00001000   _DmaRegs
0000a3b9   _ECAN0INTA_ISR
0000a3cd   _ECAN0INTB_ISR
0000a3c3   _ECAN1INTA_ISR
0000a3d7   _ECAN1INTB_ISR
0000a2a1   _ECAP1_INT_ISR
0000a2ab   _ECAP2_INT_ISR
0000a2b5   _ECAP3_INT_ISR
0000a2bf   _ECAP4_INT_ISR
0000a2c9   _ECAP5_INT_ISR
0000a2d3   _ECAP6_INT_ISR
00006040   _ECanaLAMRegs
000060c0   _ECanaMOTORegs
00006080   _ECanaMOTSRegs
00006100   _ECanaMboxes
00006000   _ECanaRegs
00006240   _ECanbLAMRegs
000062c0   _ECanbMOTORegs
00006280   _ECanbMOTSRegs
00006300   _ECanbMboxes
00006200   _ECanbRegs
00006a00   _ECap1Regs
00006a20   _ECap2Regs
00006a40   _ECap3Regs
00006a60   _ECap4Regs
00006a80   _ECap5Regs
00006aa0   _ECap6Regs
0000a427   _EMPTY_ISR
0000a14d   _EMUINT_ISR
0000a265   _EPWM1_INT_ISR
0000a229   _EPWM1_TZINT_ISR
0000a26f   _EPWM2_INT_ISR
0000a233   _EPWM2_TZINT_ISR
0000a279   _EPWM3_INT_ISR
0000a23d   _EPWM3_TZINT_ISR
0000a283   _EPWM4_INT_ISR
0000a247   _EPWM4_TZINT_ISR
0000a28d   _EPWM5_INT_ISR
0000a251   _EPWM5_TZINT_ISR
0000a297   _EPWM6_INT_ISR
0000a25b   _EPWM6_TZINT_ISR
00006800   _EPwm1Regs
00006840   _EPwm2Regs
00006880   _EPwm3Regs
000068c0   _EPwm4Regs
00006900   _EPwm5Regs
00006940   _EPwm6Regs
0000a799   _EPwmSetup1
0000a7a0   _EPwmSetup2
0000a7a7   _EPwmSetup3
0000a7ae   _EPwmSetup4
0000a6ae   _EPwm_Init
0000a2dd   _EQEP1_INT_ISR
0000a2e7   _EQEP2_INT_ISR
00006b00   _EQep1Regs
00006b40   _EQep2Regs
0000aee1   _EnableInterrupts
00000a80   _FlashRegs
0000c010   _Force
00006f80   _GpioCtrlRegs
00006fc0   _GpioDataRegs
00006fe0   _GpioIntRegs
0000a63f   _Gpio_Init
0000a369   _I2CINT1A_ISR
0000a373   _I2CINT2A_ISR
00007900   _I2caRegs
0000a161   _ILLEGAL_ISR
0000a125   _INT13_ISR
0000a12f   _INT14_ISR
0000a9ae   _ISRTimer0
0000acc5   _InitCpuTimers
00008175   _InitFlash
0000abb1   _InitPeripheralClocks
0000aec2   _InitPieCtrl
0000af12   _InitPieVectTable
0000ab65   _InitPll
0000ae57   _InitSci
0000ae58   _InitSciGpio
0000ae5b   _InitSciaGpio
0000ae70   _InitScibGpio
0000ae80   _InitScicGpio
0000ae96   _InitSpi
0000ae97   _InitSpiGpio
0000ae9a   _InitSpiaGpio
0000ab4a   _InitSysCtrl
0000aa54   _InitXintf
0000aaf0   _InitXintf16Gpio
0000aaa9   _InitXintf32Gpio
0000a4b5   _IntTime_Config
0000c00a   _KD
0000c00c   _KI
0000c008   _KP
0000a41d   _LUF_ISR
0000a413   _LVF_ISR
0000c004   _Last_AUV_State
0000a474   _Led_Drive
0000a89c   _MOTOR_STOP
0000a85b   _MOTOR_TRAN
0000a319   _MRINTA_ISR
0000a305   _MRINTB_ISR
0000a323   _MXINTA_ISR
0000a30f   _MXINTB_ISR
00005000   _McbspaRegs
00005040   _McbspbRegs
0000af7e   _MemCopy
00009834   _Motion_Control
000097dc   _Motion_Type
0000a7b5   _Motor_Out
0000a157   _NMI_ISR
0000c001   _PC_RX_Flag
0000c080   _PC_Rx_Buffer
0000a434   _PIE_RESERVED
0000a4f7   _Para_Init
00000ce0   _PieCtrlRegs
00000d00   _PieVectTable
0000d500   _PieVectTableInit
0000d281   _Press
0000a143   _RTOSINT_ISR
0000c180   _Real_AHRSBuff
0000c200   _Real_PcBuff
0000d28c   _Real_Pitch
0000d288   _Real_Roll
0000d28a   _Real_Yaw
0000a391   _SCIRXINTA_ISR
0000a3a5   _SCIRXINTB_ISR
0000a37d   _SCIRXINTC_ISR
0000a39b   _SCITXINTA_ISR
0000a3af   _SCITXINTB_ISR
0000a387   _SCITXINTC_ISR
0000a1e3   _SEQ1INT_ISR
0000a1ed   _SEQ2INT_ISR
0000a2f1   _SPIRXINTA_ISR
0000a2fb   _SPITXINTA_ISR
0000c023   _SPI_Rx_Buffer
0000c02d   _SPI_Tx_Buffer
00009f6f   _Sci_Init
0000a03b   _Sci_Send
0000a00d   _Sci_Send_Sing
00007050   _SciaRegs
00009fb4   _Scia_Msg
00009fab   _Scia_Xmit
00007750   _ScibRegs
00009fda   _Scib_Msg
00009fc9   _Scib_Xmit
00007770   _ScicRegs
00009ff8   _Scic_Msg
00009fef   _Scic_Xmit
00009ea5   _Send_Data
00009f2c   _Send_SingleSensor
00009f05   _Send_TimeOver
0000afb0   _Sensor_Analysis
0000ab53   _ServiceDog
00009720   _Set_PID
000096e1   _Set_SlidingPara
0000973f   _SingleMotor_Control
00007040   _SpiaRegs
00009b70   _Store_Data
00009a62   _Store_Data1
00009ca2   _Store_Data2
0000a531   _Store_PcData
0000a544   _Store_SensorData
00007010   _SysCtrlRegs
0000d22a   _T
0000a215   _TINT0_ISR
0000a069   _TXD_USART_BIN
0000a0f2   _TXD_USART_DEC
0000d600   _T_Matrix
0000d280   _Tempr
000097af   _TotalMotor_Control
00009e6f   _UART_Send
00009e2f   _UART_SendDis
00009e25   _UART_SendSensor
0000a1c5   _USER10_ISR
0000a1cf   _USER11_ISR
0000a1d9   _USER12_ISR
0000a16b   _USER1_ISR
0000a175   _USER2_ISR
0000a17f   _USER3_ISR
0000a189   _USER4_ISR
0000a193   _USER5_ISR
0000a19d   _USER6_ISR
0000a1a7   _USER7_ISR
0000a1b1   _USER8_ISR
0000a1bb   _USER9_ISR
0000af32   _USER_SPIInit
0000af37   _USER_SPI_Init
0000a8c5   _Uart_AHRS
0000ad41   _Uart_Rx
0000a21f   _WAKEINT_ISR
0000a1f7   _XINT1_ISR
0000a201   _XINT2_ISR
0000a3e1   _XINT3_ISR
0000a3eb   _XINT4_ISR
0000a3f5   _XINT5_ISR
0000a3ff   _XINT6_ISR
0000a409   _XINT7_ISR
00007070   _XIntruptRegs
00000b20   _XintfRegs
00000700   __STACK_END
00000300   __STACK_SIZE
00000001   __TI_args_main
ffffffff   ___binit__
ffffffff   ___c_args__
00008000   ___cinit__
0000afb1   ___etext__
ffffffff   ___pinit__
00009000   ___text__
0000af4c   __args_main
0000d276   __cleanup_ptr
0000d278   __dtors_ptr
0000d274   __lock
0000afa6   __nop
0000afa2   __register_lock
0000af9e   __register_unlock
00000400   __stack
0000d272   __unlock
0000af65   _abort
0000ae11   _c_int00
0000afaf   _distanceframe
0000af67   _exit
0000c00e   _gl_Dis
0000c005   _gl_FlagMotionCycle
0000c002   _gl_MotionFlag
0000c019   _gl_TempFlag
0000c014   _gl_TimeFlag
0000aeea   _main
0000d258   _motion
0000d25c   _number
0000a43e   _rsvd_ISR
0000d232   _sliding_para
00009000   _spacecontrol1
0000931a   _spacecontrol2
0000d259   _speed
0000d228   _tt
0000d220   _u
0000d222   _w
0000d224   _x
0000d226   _z
ffffffff   binit
00008000   cinit
00000000   code_start
0000afb1   etext
ffffffff   pinit


GLOBAL SYMBOLS: SORTED BY Symbol Address 

address    name
--------   ----
00000000   code_start
00000001   __TI_args_main
00000300   __STACK_SIZE
00000400   __stack
00000700   __STACK_END
00000880   _DevEmuRegs
00000a80   _FlashRegs
00000ae0   _CsmRegs
00000b00   _AdcMirror
00000b20   _XintfRegs
00000c00   _CpuTimer0Regs
00000c08   _CpuTimer1Regs
00000c10   _CpuTimer2Regs
00000ce0   _PieCtrlRegs
00000d00   _PieVectTable
00001000   _DmaRegs
00005000   _McbspaRegs
00005040   _McbspbRegs
00006000   _ECanaRegs
00006040   _ECanaLAMRegs
00006080   _ECanaMOTSRegs
000060c0   _ECanaMOTORegs
00006100   _ECanaMboxes
00006200   _ECanbRegs
00006240   _ECanbLAMRegs
00006280   _ECanbMOTSRegs
000062c0   _ECanbMOTORegs
00006300   _ECanbMboxes
00006800   _EPwm1Regs
00006840   _EPwm2Regs
00006880   _EPwm3Regs
000068c0   _EPwm4Regs
00006900   _EPwm5Regs
00006940   _EPwm6Regs
00006a00   _ECap1Regs
00006a20   _ECap2Regs
00006a40   _ECap3Regs
00006a60   _ECap4Regs
00006a80   _ECap5Regs
00006aa0   _ECap6Regs
00006b00   _EQep1Regs
00006b40   _EQep2Regs
00006f80   _GpioCtrlRegs
00006fc0   _GpioDataRegs
00006fe0   _GpioIntRegs
00007010   _SysCtrlRegs
00007040   _SpiaRegs
00007050   _SciaRegs
00007070   _XIntruptRegs
00007100   _AdcRegs
00007750   _ScibRegs
00007770   _ScicRegs
00007900   _I2caRegs
00008000   ___cinit__
00008000   cinit
00008175   _InitFlash
00008190   _DSP28x_usDelay
00009000   .text
00009000   ___text__
00009000   _spacecontrol1
0000931a   _spacecontrol2
000096e1   _Set_SlidingPara
00009720   _Set_PID
0000973f   _SingleMotor_Control
000097af   _TotalMotor_Control
000097dc   _Motion_Type
00009834   _Motion_Control
00009a62   _Store_Data1
00009b70   _Store_Data
00009ca2   _Store_Data2
00009dd4   _DataInter_AHRS
00009ddd   _DataInter_Pc
00009e25   _UART_SendSensor
00009e2f   _UART_SendDis
00009e6f   _UART_Send
00009ea5   _Send_Data
00009f05   _Send_TimeOver
00009f2c   _Send_SingleSensor
00009f6f   _Sci_Init
00009fab   _Scia_Xmit
00009fb4   _Scia_Msg
00009fc9   _Scib_Xmit
00009fda   _Scib_Msg
00009fef   _Scic_Xmit
00009ff8   _Scic_Msg
0000a00d   _Sci_Send_Sing
0000a03b   _Sci_Send
0000a069   _TXD_USART_BIN
0000a0f2   _TXD_USART_DEC
0000a125   _INT13_ISR
0000a12f   _INT14_ISR
0000a139   _DATALOG_ISR
0000a143   _RTOSINT_ISR
0000a14d   _EMUINT_ISR
0000a157   _NMI_ISR
0000a161   _ILLEGAL_ISR
0000a16b   _USER1_ISR
0000a175   _USER2_ISR
0000a17f   _USER3_ISR
0000a189   _USER4_ISR
0000a193   _USER5_ISR
0000a19d   _USER6_ISR
0000a1a7   _USER7_ISR
0000a1b1   _USER8_ISR
0000a1bb   _USER9_ISR
0000a1c5   _USER10_ISR
0000a1cf   _USER11_ISR
0000a1d9   _USER12_ISR
0000a1e3   _SEQ1INT_ISR
0000a1ed   _SEQ2INT_ISR
0000a1f7   _XINT1_ISR
0000a201   _XINT2_ISR
0000a20b   _ADCINT_ISR
0000a215   _TINT0_ISR
0000a21f   _WAKEINT_ISR
0000a229   _EPWM1_TZINT_ISR
0000a233   _EPWM2_TZINT_ISR
0000a23d   _EPWM3_TZINT_ISR
0000a247   _EPWM4_TZINT_ISR
0000a251   _EPWM5_TZINT_ISR
0000a25b   _EPWM6_TZINT_ISR
0000a265   _EPWM1_INT_ISR
0000a26f   _EPWM2_INT_ISR
0000a279   _EPWM3_INT_ISR
0000a283   _EPWM4_INT_ISR
0000a28d   _EPWM5_INT_ISR
0000a297   _EPWM6_INT_ISR
0000a2a1   _ECAP1_INT_ISR
0000a2ab   _ECAP2_INT_ISR
0000a2b5   _ECAP3_INT_ISR
0000a2bf   _ECAP4_INT_ISR
0000a2c9   _ECAP5_INT_ISR
0000a2d3   _ECAP6_INT_ISR
0000a2dd   _EQEP1_INT_ISR
0000a2e7   _EQEP2_INT_ISR
0000a2f1   _SPIRXINTA_ISR
0000a2fb   _SPITXINTA_ISR
0000a305   _MRINTB_ISR
0000a30f   _MXINTB_ISR
0000a319   _MRINTA_ISR
0000a323   _MXINTA_ISR
0000a32d   _DINTCH1_ISR
0000a337   _DINTCH2_ISR
0000a341   _DINTCH3_ISR
0000a34b   _DINTCH4_ISR
0000a355   _DINTCH5_ISR
0000a35f   _DINTCH6_ISR
0000a369   _I2CINT1A_ISR
0000a373   _I2CINT2A_ISR
0000a37d   _SCIRXINTC_ISR
0000a387   _SCITXINTC_ISR
0000a391   _SCIRXINTA_ISR
0000a39b   _SCITXINTA_ISR
0000a3a5   _SCIRXINTB_ISR
0000a3af   _SCITXINTB_ISR
0000a3b9   _ECAN0INTA_ISR
0000a3c3   _ECAN1INTA_ISR
0000a3cd   _ECAN0INTB_ISR
0000a3d7   _ECAN1INTB_ISR
0000a3e1   _XINT3_ISR
0000a3eb   _XINT4_ISR
0000a3f5   _XINT5_ISR
0000a3ff   _XINT6_ISR
0000a409   _XINT7_ISR
0000a413   _LVF_ISR
0000a41d   _LUF_ISR
0000a427   _EMPTY_ISR
0000a434   _PIE_RESERVED
0000a43e   _rsvd_ISR
0000a474   _Led_Drive
0000a498   _Circle_Led
0000a4b5   _IntTime_Config
0000a4f7   _Para_Init
0000a531   _Store_PcData
0000a544   _Store_SensorData
0000a63f   _Gpio_Init
0000a646   _Delay_1ms
0000a659   _Delay_Nms
0000a6ae   _EPwm_Init
0000a799   _EPwmSetup1
0000a7a0   _EPwmSetup2
0000a7a7   _EPwmSetup3
0000a7ae   _EPwmSetup4
0000a7b5   _Motor_Out
0000a85b   _MOTOR_TRAN
0000a89c   _MOTOR_STOP
0000a8c5   _Uart_AHRS
0000a9ae   _ISRTimer0
0000aa54   _InitXintf
0000aaa9   _InitXintf32Gpio
0000aaf0   _InitXintf16Gpio
0000ab4a   _InitSysCtrl
0000ab53   _ServiceDog
0000ab5d   _DisableDog
0000ab65   _InitPll
0000abb1   _InitPeripheralClocks
0000ac0c   _CsmUnlock
0000ac3d   FS$$DIV
0000acc5   _InitCpuTimers
0000ad06   _ConfigCpuTimer
0000ad41   _Uart_Rx
0000adad   _DistanceIstr
0000ae11   _c_int00
0000ae57   _InitSci
0000ae58   _InitSciGpio
0000ae5b   _InitSciaGpio
0000ae70   _InitScibGpio
0000ae80   _InitScicGpio
0000ae96   _InitSpi
0000ae97   _InitSpiGpio
0000ae9a   _InitSpiaGpio
0000aec2   _InitPieCtrl
0000aee1   _EnableInterrupts
0000aeea   _main
0000af12   _InitPieVectTable
0000af32   _USER_SPIInit
0000af37   _USER_SPI_Init
0000af4c   __args_main
0000af65   C$$EXIT
0000af65   _abort
0000af67   _exit
0000af7e   _MemCopy
0000af93   U$$DIV
0000af98   U$$MOD
0000af9e   __register_unlock
0000afa2   __register_lock
0000afa6   __nop
0000afaf   _distanceframe
0000afb0   _Sensor_Analysis
0000afb1   ___etext__
0000afb1   etext
0000c000   _AHRS_RX_Flag
0000c001   _PC_RX_Flag
0000c002   _gl_MotionFlag
0000c003   _AUV_State
0000c004   _Last_AUV_State
0000c005   _gl_FlagMotionCycle
0000c006   _Control_Time
0000c008   _KP
0000c00a   _KD
0000c00c   _KI
0000c00e   _gl_Dis
0000c010   _Force
0000c014   _gl_TimeFlag
0000c019   _gl_TempFlag
0000c023   _SPI_Rx_Buffer
0000c02d   _SPI_Tx_Buffer
0000c040   _Buff_Real
0000c054   _AHRS_Data
0000c080   _PC_Rx_Buffer
0000c100   _AHRS_Rx_Buffer
0000c180   _Real_AHRSBuff
0000c200   _Real_PcBuff
0000c280   _Buff_Total
0000d220   _u
0000d222   _w
0000d224   _x
0000d226   _z
0000d228   _tt
0000d22a   _T
0000d232   _sliding_para
0000d240   _CpuTimer1
0000d248   _CpuTimer2
0000d250   _CpuTimer0
0000d258   _motion
0000d259   _speed
0000d25c   _number
0000d272   __unlock
0000d274   __lock
0000d276   __cleanup_ptr
0000d278   __dtors_ptr
0000d280   _Tempr
0000d281   _Press
0000d282   _Alt
0000d288   _Real_Roll
0000d28a   _Real_Yaw
0000d28c   _Real_Pitch
0000d500   _PieVectTableInit
0000d600   _T_Matrix
0033fff8   _CsmPwl
00380080   _ADC_cal
ffffffff   ___binit__
ffffffff   ___c_args__
ffffffff   ___pinit__
ffffffff   binit
ffffffff   pinit

[286 symbols]
